06-09 06:36:58.503 I/SettingsState( 1070): file:settings_system.xml
06-09 06:36:58.510 I/SettingsState( 1070): [PERSIST END]
06-09 06:36:58.515 D/WindowManager( 1070): mDockBottom 1794
06-09 06:36:58.516 D/WindowManager( 1070): mDockBottom 1794
06-09 06:36:59.080 I/Icing   ( 3553): Indexing 9794A4468F16CE2D17A03B03E440CCFF3C010603 from com.google.android.gms
06-09 06:36:59.119 I/Icing   ( 3553): Indexing done 9794A4468F16CE2D17A03B03E440CCFF3C010603
06-09 06:36:59.119 I/Icing   ( 3553): Indexing 8CCAB68CF207ECB861579A21C67AD876DBEC8BC6 from com.google.android.gms
06-09 06:36:59.122 I/Icing   ( 3553): Indexing 8AB8EB77917EA3209F596C0A90ADC979B1794A50 from com.google.android.gms
06-09 06:36:59.125 I/Icing   ( 3553): Indexing 79875F68BA9AB27AC4CF778F5122851646DD9AFE from com.google.android.gms
06-09 06:36:59.127 I/Icing   ( 3553): Indexing B976A19D6B2839932C8D97734AF2C3F3C24C4EC6 from com.google.android.gms
06-09 06:36:59.129 I/Icing   ( 3553): Indexing 1A21FFCB88C31850D02F08A250E28F99975769F3 from com.google.android.gms
06-09 06:36:59.132 I/Icing   ( 3553): Indexing 63E6D71D0BFF544EE3BE3FE678A797DC2AA5E31A from com.google.android.gms
06-09 06:36:59.135 I/Icing   ( 3553): Indexing done 8CCAB68CF207ECB861579A21C67AD876DBEC8BC6
06-09 06:36:59.136 I/Icing   ( 3553): Indexing done 8AB8EB77917EA3209F596C0A90ADC979B1794A50
06-09 06:36:59.137 I/Icing   ( 3553): Indexing done 79875F68BA9AB27AC4CF778F5122851646DD9AFE
06-09 06:36:59.138 I/Icing   ( 3553): Indexing done B976A19D6B2839932C8D97734AF2C3F3C24C4EC6
06-09 06:36:59.139 I/Icing   ( 3553): Indexing done 1A21FFCB88C31850D02F08A250E28F99975769F3
06-09 06:36:59.140 I/Icing   ( 3553): Indexing done 63E6D71D0BFF544EE3BE3FE678A797DC2AA5E31A
06-09 06:36:59.141 I/Icing   ( 3553): Indexing 9794A4468F16CE2D17A03B03E440CCFF3C010603 from com.google.android.gms
06-09 06:36:59.141 I/Icing   ( 3553): Indexing done 9794A4468F16CE2D17A03B03E440CCFF3C010603
06-09 06:36:59.141 I/Icing   ( 3553): Indexing 63E6D71D0BFF544EE3BE3FE678A797DC2AA5E31A from com.google.android.gms
06-09 06:36:59.142 I/Icing   ( 3553): Indexing done 63E6D71D0BFF544EE3BE3FE678A797DC2AA5E31A
06-09 06:36:59.794 E/ANDR-PERF-OPTSHANDLER(  804): perf_lock_rel: updated /sys/class/scsi_host/host0/../../../clkscale_enable with 1
06-09 06:36:59.794 E/ANDR-PERF-OPTSHANDLER(  804):  return value 2
06-09 06:37:00.000 V/AlarmManager( 1070): Triggering alarm #0: 3 when =551329 package =android operation =*alarm*:android.intent.action.TIME_TICK flags =0x1
06-09 06:37:00.022 I/DigitalWidgetViewsFactory( 3145): getCount() return 0 !!!
06-09 06:37:00.060 I/ClockCtrl( 2462):  schedule next: 59940
06-09 06:37:00.061 I/KeyguardUpdateMonitor( 2462): onTimeChanged
06-09 06:37:00.061 D/KeyguardUpdateMonitor( 2462): handleTimeUpdate
06-09 06:37:00.068 I/Clock   ( 2462): onTimeChanged
06-09 06:37:00.072 I/DateView( 2462): onTimeChanged
06-09 06:37:00.090 W/zygote64( 2462): Checksum mismatch for dex OPSystemUI.apk
06-09 06:37:00.429 E/JobSchedulerService( 1070): jobid:20536
06-09 06:37:00.429 E/JobSchedulerService( 1070): java.lang.IllegalStateException: Same jobid in systemuid.
06-09 06:37:00.429 E/JobSchedulerService( 1070): 	at com.android.server.job.JobSchedulerService.scheduleAsPackage(JobSchedulerService.java:710)
06-09 06:37:00.429 E/JobSchedulerService( 1070): 	at com.android.server.job.JobSchedulerService$JobSchedulerStub.schedule(JobSchedulerService.java:1989)
06-09 06:37:00.429 E/JobSchedulerService( 1070): 	at android.app.JobSchedulerImpl.schedule(JobSchedulerImpl.java:44)
06-09 06:37:00.429 E/JobSchedulerService( 1070): 	at com.android.server.backup.FullBackupJob.schedule(FullBackupJob.java:52)
06-09 06:37:00.429 E/JobSchedulerService( 1070): 	at com.android.server.backup.BackupManagerService$4.run(BackupManagerService.java:5389)
06-09 06:37:00.429 E/JobSchedulerService( 1070): 	at android.os.Handler.handleCallback(Handler.java:790)
06-09 06:37:00.429 E/JobSchedulerService( 1070): 	at android.os.Handler.dispatchMessage(Handler.java:99)
06-09 06:37:00.429 E/JobSchedulerService( 1070): 	at android.os.Looper.loop(Looper.java:164)
06-09 06:37:00.429 E/JobSchedulerService( 1070): 	at android.os.HandlerThread.run(HandlerThread.java:65)
06-09 06:37:00.091 W/zygote64( 2462): Checksum mismatch for dex OPSystemUI.apk
06-09 06:37:02.957 I/WearableService( 3263): Wearable Services stopping
06-09 06:37:07.723 D/Embryo_Uterus( 1070): trim size=32
06-09 06:37:08.452 E/Sensors (  885): sns_reg_la.c(188):reg read: offset 2304, num bytes: 1
06-09 06:37:08.871 V/AlarmManager( 1070): Triggering alarm #0: 2 when =553362 package =com.whatsapp operation =*walarm*:com.whatsapp.MessageHandler.CLIENT_PINGER_ACTION flags =0x0
06-09 06:37:08.872 V/AlarmManager( 1070): Triggering alarm #1: 2 when =560200 package =android operation = null listenTag =*job.delay* flags =0x0
06-09 06:37:12.791 V/AlarmManager( 1070): Triggering alarm #0: 2 when =564121 package =android operation = null listenTag =*job.delay* flags =0x0
06-09 06:37:12.804 I/Finsky  ( 4822): [2] com.google.android.finsky.scheduler.JobSchedulerEngine$PhoneskyJobSchedulerJobService.onStartJob(11): onJobSchedulerWakeup with jobId 9001
06-09 06:37:12.806 I/Finsky  ( 4822): [2] com.google.android.finsky.scheduler.y.a(45): Scheduling fallback job with id: 9034, and delay: 43200000 ms
06-09 06:37:12.808 I/Finsky  ( 4822): [2] com.google.android.finsky.scheduler.y.a(14): Scheduling fallback in 64799998 (absolute: 65364135)
06-09 06:37:12.811 I/Finsky  ( 4822): [2] com.google.android.finsky.scheduler.af.handleMessage(39): DeviceState: DeviceState{currentTime=1528540632809, isCharging=true, isIdle=false, netAny=true, netNotRoaming=true, netUnmetered=true}
06-09 06:37:12.814 I/Finsky  ( 4822): [2] com.google.android.finsky.scheduler.bc.a(50): Jobs in database: 1-1337 12-1 
06-09 06:37:12.816 I/Finsky  ( 4822): [2] com.google.android.finsky.scheduler.aa.a(138): Running job: 12-1
06-09 06:37:12.816 I/Finsky  ( 4822): [2] com.google.android.finsky.ai.c.a(37): ContentSyncJob started
06-09 06:37:12.820 I/Finsky  ( 4822): [2] com.google.android.finsky.scheduler.aa.a(196): RunningQueue size: 1, PendingQueue size: 0
06-09 06:37:12.820 I/Finsky  ( 4822): [2] com.google.android.finsky.scheduler.aa.a(213): Running queue: 12-1 
06-09 06:37:12.826 I/Finsky  ( 4822): [50] com.google.android.finsky.o.c.a(21): Completed 0 account content syncs with 0 successful.
06-09 06:37:12.826 I/Finsky  ( 4822): [2] com.google.android.finsky.ai.c.a(5): Installation state replication succeeded.
06-09 06:37:12.826 I/Finsky  ( 4822): [2] com.google.android.finsky.scheduler.az.b(8): jobFinished: 12-1. TimeElapsed: 10ms
06-09 06:37:12.827 I/Finsky  ( 4822): [2] com.google.android.finsky.scheduler.aa.b(38): Job 12-1 finished
06-09 06:37:12.827 I/Finsky  ( 4822): [2] com.google.android.finsky.scheduler.aa.a(196): RunningQueue size: 0, PendingQueue size: 0
06-09 06:37:12.828 I/Finsky  ( 4822): [2] com.google.android.finsky.scheduler.af.handleMessage(78): Executor finished
06-09 06:37:14.909 I/ThermalEngine(  934): Monitor : quiet_therm = 34, msm_therm = 38, ufs_therm = -40, battery_therm = 315,current_now = 265000 
06-09 06:37:26.001 E/com.example.shashishivaraju.sensorapp( 9769): Stop_Sensor_Data enter 1
06-09 06:37:26.001 E/com.example.shashishivaraju.sensorapp( 9769): 
06-09 06:37:26.001 E/com.example.shashishivaraju.sensorapp( 9769): Stop_Sensor_Data gCapture 0
06-09 06:37:26.001 E/com.example.shashishivaraju.sensorapp( 9769): 
06-09 06:37:26.002 I/com.example.shashishivaraju.sensorapp( 9769): log_deinit called
06-09 06:37:26.004 E/com.example.shashishivaraju.sensorapp( 9769): SensorThread exit for Thread 1
06-09 06:37:26.004 E/com.example.shashishivaraju.sensorapp( 9769): 
06-09 06:37:26.005 F/libc    ( 9769): Fatal signal 11 (SIGSEGV), code 1, fault addr 0x30 in tid 9825 (araju.sensorapp), pid 9769 (araju.sensorapp)
06-09 06:37:26.093 I/crash_dump32( 9844): obtaining output fd from tombstoned, type: kDebuggerdTombstone
06-09 06:37:26.094 I//system/bin/tombstoned(  989): received crash request for pid 9769
06-09 06:37:26.096 I/crash_dump32( 9844): performing dump of process 9769 (target tid = 9825)
06-09 06:37:26.096 F/DEBUG   ( 9844): *** *** *** *** *** *** *** *** *** *** *** *** *** *** *** ***
06-09 06:37:26.096 F/DEBUG   ( 9844): Build fingerprint: 'OnePlus/OnePlus5/OnePlus5:8.1.0/OPM1.171019.011/05230242:user/release-keys'
06-09 06:37:26.096 F/DEBUG   ( 9844): Revision: '0'
06-09 06:37:26.096 F/DEBUG   ( 9844): ABI: 'arm'
06-09 06:37:26.096 F/DEBUG   ( 9844): pid: 9769, tid: 9825, name: araju.sensorapp  >>> com.example.shashishivaraju.sensorapp <<<
06-09 06:37:26.096 F/DEBUG   ( 9844): signal 11 (SIGSEGV), code 1 (SEGV_MAPERR), fault addr 0x30
06-09 06:37:26.096 F/DEBUG   ( 9844): Cause: null pointer dereference
06-09 06:37:26.096 F/DEBUG   ( 9844):     r0 00000000  r1 cd2b4998  r2 cc4ff8f0  r3 f03518e7
06-09 06:37:26.096 F/DEBUG   ( 9844):     r4 00000000  r5 cc4ff8f0  r6 ffffffec  r7 cc7fc678
06-09 06:37:26.096 F/DEBUG   ( 9844):     r8 cd2b4970  r9 cd2b6008  sl cd2b3ef4  fp 0000000b
06-09 06:37:26.096 F/DEBUG   ( 9844):     ip ea7f5868  sp cc4ff8d0  lr ea7b79ab  pc ea7a27f8  cpsr 60000030
06-09 06:37:26.097 F/DEBUG   ( 9844): 
06-09 06:37:26.097 F/DEBUG   ( 9844): backtrace:
06-09 06:37:26.097 F/DEBUG   ( 9844):     #00 pc 0003d7f8  /system/lib/libc.so (vfprintf+5)
06-09 06:37:26.097 F/DEBUG   ( 9844):     #01 pc 000529a7  /system/lib/libc.so (fprintf+30)
06-09 06:37:26.097 F/DEBUG   ( 9844):     #02 pc 000011c0  /data/app/com.example.shashishivaraju.sensorapp-zfsx0xVSf3vWwqYaaKF8sQ==/lib/arm/libSensors.so
06-09 06:37:26.097 F/DEBUG   ( 9844):     #03 pc 0004826b  /system/lib/libc.so (__pthread_start(void*)+22)
06-09 06:37:26.097 F/DEBUG   ( 9844):     #04 pc 0001b573  /system/lib/libc.so (__start_thread+32)
06-09 06:37:26.572 E//system/bin/tombstoned(  989): Tombstone written to: /data/tombstones/tombstone_09
06-09 06:37:26.576 W/kworker/u16:9( 9847): type=1400 audit(0.0:309): avc: denied { execute_no_trans } for path="/system/bin/coredump.sh" dev="dm-0" ino=545 scontext=u:r:kernel:s0 tcontext=u:object_r:core_dump_exec:s0 tclass=file permissive=0
06-09 06:37:26.574 W/ActivityManager( 1070):   Force finishing activity com.example.shashishivaraju.sensorapp/.MainActivity
06-09 06:37:26.574 I/BootReceiver( 1070): Copying /data/tombstones/tombstone_09 to DropBox (SYSTEM_TOMBSTONE)
06-09 06:37:26.576 D/WindowManager( 1070): mDockBottom 1794
06-09 06:37:26.579 W/DropBoxManagerService( 1070): Dropping: SYSTEM_TOMBSTONE (10 > 0 bytes)
06-09 06:37:26.579 I/ActivityManager( 1070): Showing crash dialog for package com.example.shashishivaraju.sensorapp u0
06-09 06:37:26.579 D/RestartProcessManager( 1070): increase duration : 28774 for com.example.shashishivaraju.sensorapp
06-09 06:37:26.606 W/InputDispatcher( 1070): channel 'a98fe61 com.example.shashishivaraju.sensorapp/com.example.shashishivaraju.sensorapp.MainActivity (server)' ~ Consumer closed input channel or an error occurred.  events=0x9
06-09 06:37:26.607 E/InputDispatcher( 1070): channel 'a98fe61 com.example.shashishivaraju.sensorapp/com.example.shashishivaraju.sensorapp.MainActivity (server)' ~ Channel is unrecoverably broken and will be disposed!
06-09 06:37:26.608 I/Zygote  (  664): Process 9769 exited due to signal (11)
06-09 06:37:26.608 I/WindowManager( 1070): WIN DEATH: Window{a98fe61 u0 com.example.shashishivaraju.sensorapp/com.example.shashishivaraju.sensorapp.MainActivity}
06-09 06:37:26.608 W/InputDispatcher( 1070): Attempted to unregister already unregistered input channel 'a98fe61 com.example.shashishivaraju.sensorapp/com.example.shashishivaraju.sensorapp.MainActivity (server)'
06-09 06:37:26.609 D/EmbryoManager( 1070): prepare com.example.shashishivaraju.sensorapp user 0
06-09 06:37:26.609 I/ActivityManager( 1070): Process com.example.shashishivaraju.sensorapp (pid 9769) has died: vis  +99TOP 
06-09 06:37:26.609 D/ActivityManager( 1070): Process com.example.shashishivaraju.sensorapp has 0 services
06-09 06:37:26.609 D/WindowManager( 1070): mDockBottom 1794
06-09 06:37:26.609 W/zygote64( 1070): kill(-9769, 9) failed: No such process
06-09 06:37:26.609 I/zygote64( 1070): Successfully killed process cgroup uid 10236 pid 9769 in 0ms
06-09 06:37:26.615 D/DropBoxManagerService( 1070): file :: /data/system/dropbox/SYSTEM_TOMBSTONE@2018-06-09-06_37_26_579.lost
06-09 06:37:26.621 D/WindowManager( 1070): mDockBottom 1794
06-09 06:37:26.625 D/RestartProcessManager( 1070): Update Total Launch Times :net.oneplus.launcher
06-09 06:37:26.625 D/RestartProcessManager( 1070): sLastRunningPackage (null) : net.oneplus.launcher
06-09 06:37:26.625 W/ActivityManager( 1070): setHasOverlayUi called on unknown pid: 9769
06-09 06:37:26.628 D/WindowManager( 1070): mDockBottom 1794
06-09 06:37:26.629 D/RecyclerViewWrapper( 3521): onWindowVisibilityChanged:4
06-09 06:37:26.645 D/WindowManager( 1070): mDockBottom 1794
06-09 06:37:26.647 I/Adreno  ( 1070): QUALCOMM build                   : fcdb932, I1513509751
06-09 06:37:26.647 I/Adreno  ( 1070): Build Date                       : 01/22/18
06-09 06:37:26.647 I/Adreno  ( 1070): OpenGL ES Shader Compiler Version: EV031.22.00.01
06-09 06:37:26.647 I/Adreno  ( 1070): Local Branch                     : 
06-09 06:37:26.647 I/Adreno  ( 1070): Remote Branch                    : 
06-09 06:37:26.647 I/Adreno  ( 1070): Remote Branch                    : 
06-09 06:37:26.647 I/Adreno  ( 1070): Reconstruct Branch               : 
06-09 06:37:26.647 D/WindowManager( 1070): mDockBottom 1794
06-09 06:37:26.649 D/Launcher( 3521): onStart
06-09 06:37:26.650 D/BlurWallpaperEventHandler( 3521): [onLauncherStart] mUserForeground=true
06-09 06:37:26.651 D/WallpaperUtils( 3521): [isOnePlusH2BlurWallpaper]: user=0, info=null
06-09 06:37:26.651 D/BlurWallpaperEventHandler( 3521): [onLauncherStart] mWillResetWallpaper=false, isOnePlusH2BlurWallpaper=false, permissionGranted=true, showingDefaultImageWallpaper=false
06-09 06:37:26.651 D/Launcher( 3521): onResume
06-09 06:37:26.652 D/NotificationListener( 3521): permissionGranted# grant: false
06-09 06:37:26.653 D/AlphabeticalAppsList( 3521): [onAppsUpdated] mApps size = 138
06-09 06:37:26.654 D/AlphabeticalAppsList( 3521): [updateAdapterItems] hasFilter: false, filtersAppInfos size = 138, mAdapterItems size = 146
06-09 06:37:26.656 W/BroadcastQueue( 1070): Background execution not allowed: receiving Intent { act=org.codeaurora.action.stk.idle_screen flg=0x10 (has extras) } to com.android.stk/.StkCmdReceiver
06-09 06:37:26.656 D/Launcher( 3521): DynamicIcon doWorkspaceOrFolderIconAnimation be enter
06-09 06:37:26.656 D/Launcher.Workspace( 3521): DynamicIcon Workspace updateCurrentPageDynamicIconState success
06-09 06:37:26.657 D/ClockIconDelegate( 3521): updateClockData hour = 6, newHour = 6, oldHour = 6, minute = 37, newMinute = 37, oldMinute = 28, obj = net.oneplus.launcher.dynamicicon.clock.ClockIconDelegate@a84f379
06-09 06:37:26.657 D/ClockIconDelegate( 3521): DynamicIcon check needInvalidate true, oldHour = 6, newHour = 6, obj = net.oneplus.launcher.dynamicicon.clock.ClockIconDelegate@a84f379
06-09 06:37:26.662 D/RecyclerViewWrapper( 3521): onWindowVisibilityChanged:0
06-09 06:37:26.662 D/vndksupport( 1070): Loading /vendor/lib64/hw/gralloc.msm8998.so from current namespace instead of sphal namespace.
06-09 06:37:26.665 I/Adreno  ( 1070): PFP: 0x005ff087, ME: 0x005ff063
06-09 06:37:26.666 D/WindowManager( 1070): mDockBottom 1794
06-09 06:37:26.669 I/zygote64( 1070): android::hardware::configstore::V1_0::ISurfaceFlingerConfigs::hasWideColorDisplay retrieved: 0
06-09 06:37:26.670 I/OpenGLRenderer( 1070): Initialized EGL, version 1.4
06-09 06:37:26.670 D/OpenGLRenderer( 1070): Swap behavior 2
06-09 06:37:26.674 D/PopupDataProvider( 3521): onNotificationFullRefresh#
06-09 06:37:26.674 D/Launcher( 3521): onAppCategoryUpdate#
06-09 06:37:26.675 D/a       ( 3521): setAppCategories#
06-09 06:37:26.675 D/a       ( 3521): dumpCategories# Recent searches(0), Travel & Tourism(5), Reading(8), Social(20), Shopping(7), Financial(9), Games(2), Sports & Health(4), Music & Video(15), Lifestyle(3), Family & Parenting(0), Tools(45), Photo & Beauty(4), Education(9)
06-09 06:37:26.685 D/WindowManager( 1070): mDockBottom 1794
06-09 06:37:26.693 I/chatty  ( 1070): uid=1000(system) android.anim identical 1 line
06-09 06:37:26.694 D/WindowManager( 1070): mDockBottom 1794
06-09 06:37:26.696 D/StatusBar( 2462): useDarkText:false, lockDarkText:false, useDarkTheme:false
06-09 06:37:26.729 D/WindowManager( 1070): mDockBottom 1794
06-09 06:37:26.996 D/WindowManager( 1070): mDockBottom 1794
06-09 06:37:27.178 D/Launcher.Workspace( 3521): buildPageHardwareLayer# page: 0 type: LAYER_TYPE_HARDWARE
06-09 06:37:27.188 D/Launcher.Workspace( 3521): buildPageHardwareLayer# page: 1 type: LAYER_TYPE_HARDWARE
06-09 06:37:27.193 W/OpenGLRenderer( 3521): Incorrectly called buildLayer on View: ShortcutAndWidgetContainer, destroying layer...
06-09 06:37:27.318 I/SettingsState( 1070): [PERSIST START] 
06-09 06:37:27.318 I/SettingsState( 1070): file:settings_system.xml
06-09 06:37:27.194 W/OpenGLRenderer( 3521): Incorrectly called buildLayer on View: ShortcutAndWidgetContainer, destroying layer...
06-09 06:37:29.661 D/Watchdog( 3521): oh!! the task executes more than 3000ms, which: 1f29633, caller:
06-09 06:37:29.661 D/Watchdog( 3521):     net.oneplus.launcher.util.TaskWorkerBase.post(TaskWorkerBase.java:57)
06-09 06:37:29.661 D/Watchdog( 3521):     net.oneplus.launcher.dynamicicon.clock.ClockIconDelegate.a(ClockIconDelegate.java:170)
06-09 06:37:29.661 D/Watchdog( 3521):     net.oneplus.launcher.dynamicicon.clock.ClockIconDelegate.onResume(ClockIconDelegate.java:117)
06-09 06:37:29.661 D/Watchdog( 3521):     net.oneplus.launcher.dynamicicon.DynamicIconManager$2.run(DynamicIconManager.java:192)
06-09 06:37:29.661 D/Watchdog( 3521):     net.oneplus.launcher.util.TaskWorkerBase$c.run(TaskWorkerBase.java:139)
06-09 06:37:29.661 D/Watchdog( 3521):     net.oneplus.launcher.util.TaskWorkerBase$a$a.handleMessage(TaskWorkerBase.java:234)
06-09 06:37:29.661 D/Watchdog( 3521):     android.os.Handler.dispatchMessage(Handler.java:106)
06-09 06:37:29.661 D/Watchdog( 3521):     android.os.Looper.loop(Looper.java:164)
06-09 06:37:38.741 D/ConnectivityService( 1070): updateNetworkScore for NetworkAgentInfo [WIFI () - 100] to 60
06-09 06:37:38.741 D/ConnectivityService( 1070): rematching NetworkAgentInfo [WIFI () - 100]
06-09 06:37:38.741 D/ConnectivityService( 1070):  network has: [ Transports: WIFI Capabilities: NOT_METERED&INTERNET&NOT_RESTRICTED&TRUSTED&NOT_VPN&VALIDATED&FOREGROUND LinkUpBandwidth>=1048576Kbps LinkDnBandwidth>=1048576Kbps SignalStrength: -66]
06-09 06:37:43.728 D/SharedPreferencesImpl( 4822): Time required to fsync /data/user/0/com.android.vending/shared_prefs/finsky.xml: [<1: 0, <2: 0, <4: 0, <8: 13, <16: 4, <32: 1, <64: 0, <128: 2, <256: 0, <512: 0, <1024: 0, <2048: 0, <4096: 0, <8192: 0, <16384: 0, >=16384: 2]
06-09 06:37:43.728 D/QueuedWork( 4822): waited: [<1: 0, <2: 0, <4: 0, <8: 2, <16: 5, <32: 1, <64: 1, <128: 1, <256: 0, <512: 0, <1024: 0, <2048: 0, <4096: 0, <8192: 0, <16384: 0, >=16384: 2]
06-09 06:37:43.781 W/DropBoxManagerService( 1070): Dropping: data_app_native_crash (1198 > 0 bytes)
06-09 06:37:43.782 I/SettingsState( 1070): [PERSIST END]
06-09 06:37:43.806 D/ClockIconDelegate( 3521): DynamicIcon check needInvalidate true, oldHour = 6, newHour = 6, obj = net.oneplus.launcher.dynamicicon.clock.ClockIconDelegate@a84f379
06-09 06:37:43.812 I/Finsky  ( 4822): [2] com.google.android.finsky.scheduler.bc.a(50): Jobs in database: 1-1337 
06-09 06:37:43.817 I/Finsky  ( 4822): [2] com.google.android.finsky.scheduler.h.a(309): ConstraintMapping: 1-1337,  -> L: 44362509ms, D: 130762509ms, C: false, I: false, N: 1
06-09 06:37:43.818 I/Finsky  ( 4822): [2] com.google.android.finsky.scheduler.JobSchedulerEngine.a(155): Scheduling job Id: 9000, L: 44362509, D: 130762509, C: false, I: false, N: 1
06-09 06:37:43.824 D/DropBoxManagerService( 1070): file :: /data/system/dropbox/data_app_native_crash@2018-06-09-06_37_43_782.lost
06-09 06:37:43.826 D/Watchdog( 3521): the finally finished its execution, which: 1f29633, duration: 17169ms
06-09 06:37:43.826 D/Launcher( 3521): DynamicIcon doWorkspaceOrFolderIconAnimation be enter
06-09 06:37:43.826 D/Launcher.Workspace( 3521): DynamicIcon Workspace updateCurrentPageDynamicIconState success
06-09 06:37:44.782 D/ConnectivityService( 1070): updateNetworkScore for NetworkAgentInfo [WIFI () - 100] to 56
06-09 06:37:44.782 D/ConnectivityService( 1070): rematching NetworkAgentInfo [WIFI () - 100]
06-09 06:37:44.782 D/ConnectivityService( 1070):  network has: [ Transports: WIFI Capabilities: NOT_METERED&INTERNET&NOT_RESTRICTED&TRUSTED&NOT_VPN&VALIDATED&FOREGROUND LinkUpBandwidth>=1048576Kbps LinkDnBandwidth>=1048576Kbps SignalStrength: -66]
