--------- beginning of main
06-09 06:30:49.291 I/QcrilOemhookMsgTunnel( 2662): [1]processOemHookIndication length=21
06-09 06:30:49.292 D/QcrilMsgTunnelIfaceManager( 2662): handleMessage what = 0
06-09 06:30:49.315 I/QcrilOemhookMsgTunnel( 2662): [1]processOemHookIndication length=21
06-09 06:30:49.315 D/QcrilMsgTunnelIfaceManager( 2662): handleMessage what = 0
06-09 06:30:49.325 I/QcrilOemhookMsgTunnel( 2662): [1]processOemHookIndication length=21
06-09 06:30:49.326 D/QcrilMsgTunnelIfaceManager( 2662): handleMessage what = 0
--------- beginning of system
06-09 06:30:50.227 V/AlarmManager( 1070): Triggering alarm #0: 2 when =181556 package =com.facebook.katana operation =*walarm*:WakingExecutorService.ACTION_ALARM.com.facebook.katana.Mqtt_Wakeup flags =0x1
06-09 06:30:50.943 I/QcrilOemhookMsgTunnel( 2662): [1]processOemHookIndication length=21
06-09 06:30:50.943 D/QcrilMsgTunnelIfaceManager( 2662): handleMessage what = 0
06-09 06:30:51.523 V/AlarmManager( 1070): Triggering alarm #0: 2 when =182850 package =com.facebook.orca operation =*walarm*:WakingExecutorService.ACTION_ALARM.com.facebook.orca.Mqtt_Wakeup flags =0x1
06-09 06:30:54.108 V/AlarmManager( 1070): Triggering alarm #0: 2 when =144227 package =android operation = null listenTag =WifiConnectivityManager Schedule Periodic Scan Timer flags =0x8
06-09 06:30:54.109 V/AlarmManager( 1070): Triggering alarm #1: 3 when =144709 package =com.google.android.gms operation =*alarm*:com.google.android.gms.common.operation.LOG_CORE_ANALYTICS flags =0x0
06-09 06:30:54.109 V/AlarmManager( 1070): Triggering alarm #2: 2 when =174995 package =com.google.android.gms operation =*walarm*:com.google.android.gms.gcm.ACTION_CHECK_QUEUE flags =0x0
06-09 06:30:54.109 V/AlarmManager( 1070): Triggering alarm #3: 2 when =183904 package =android operation = null listenTag =*job.delay* flags =0x0
06-09 06:30:54.109 V/AlarmManager( 1070): Triggering alarm #4: 3 when =185437 package =com.google.android.gms operation =*alarm*:com.google.android.gms/.lockbox.LockboxAlarmReceiver flags =0x0
06-09 06:30:54.166 I/Finsky  ( 4822): [2] com.google.android.finsky.scheduler.JobSchedulerEngine$PhoneskyJobSchedulerJobService.onStartJob(11): onJobSchedulerWakeup with jobId 9001
06-09 06:30:54.171 I/Finsky  ( 4822): [2] com.google.android.finsky.scheduler.y.a(45): Scheduling fallback job with id: 9034, and delay: 43200000 ms
06-09 06:30:54.192 I/Finsky  ( 4822): [2] com.google.android.finsky.scheduler.y.a(14): Scheduling fallback in 64799985 (absolute: 64985506)
06-09 06:30:54.198 I/Finsky  ( 4822): [2] com.google.android.finsky.scheduler.af.handleMessage(39): DeviceState: DeviceState{currentTime=1528540254193, isCharging=true, isIdle=false, netAny=true, netNotRoaming=true, netUnmetered=true}
06-09 06:30:54.205 I/Finsky  ( 4822): [2] com.google.android.finsky.scheduler.bc.a(50): Jobs in database: 1-1337 4-821848295 
06-09 06:30:54.208 I/Finsky  ( 4822): [2] com.google.android.finsky.scheduler.aa.a(138): Running job: 4-821848295
06-09 06:30:54.212 I/Finsky  ( 4822): [2] com.google.android.finsky.eu.a.k.a(20): JobScheduler invoked, loading libraries.
06-09 06:30:54.216 I/AsyncOpDispatcher( 3263): 35-GetSettingsCacheOperation
06-09 06:30:54.218 I/AsyncOpDispatcher( 3263): 35-GetDeviceDataUploadOptInStatusOperation
06-09 06:30:54.219 I/Finsky  ( 4822): [2] com.google.android.finsky.scheduler.aa.a(196): RunningQueue size: 1, PendingQueue size: 0
06-09 06:30:54.219 I/Finsky  ( 4822): [2] com.google.android.finsky.scheduler.aa.a(213): Running queue: 4-821848295 
06-09 06:30:54.253 I/AsyncOpDispatcher( 3263): 35-GetSettingsCacheOperation
06-09 06:30:54.259 I/AsyncOpDispatcher( 3263): 35-GetDeviceDataUploadOptInStatusOperation
06-09 06:30:54.271 I/AsyncOpDispatcher( 3263): 51-GetConfigurationSnapshotOperationCall
06-09 06:30:54.284 I/AsyncOpDispatcher( 3263): 51-CommitToConfigurationOperationCall
06-09 06:30:54.333 I/AsyncOpDispatcher( 3263): 51-GetConfigurationSnapshotOperationCall
06-09 06:30:54.347 I/AsyncOpDispatcher( 3263): 51-CommitToConfigurationOperationCall
06-09 06:30:54.397 I/Finsky  ( 4822): [2] com.google.android.finsky.ch.r.b(141): com.afl.ucom.view available because owned, overriding [restriction=7].
06-09 06:30:54.399 I/Finsky  ( 4822): [2] com.google.android.finsky.ch.r.b(141): com.sonyliv available because owned, overriding [restriction=2].
06-09 06:30:54.399 I/Finsky  ( 4822): [2] com.google.android.finsky.ch.r.b(141): com.deepeshc.mqttrec available because owned, overriding [restriction=7].
06-09 06:30:54.401 I/Finsky  ( 4822): [2] com.google.android.finsky.ch.r.b(141): in.zeta.android available because owned, overriding [restriction=2].
06-09 06:30:54.402 I/Finsky  ( 4822): [2] com.google.android.finsky.ch.r.b(141): com.pnc.VirtualWalletInsider available because owned, overriding [restriction=7].
06-09 06:30:54.403 I/Finsky  ( 4822): [2] com.google.android.finsky.ch.r.b(141): com.payu.payumoney available because owned, overriding [restriction=7].
06-09 06:30:54.404 I/Finsky  ( 4822): [2] com.google.android.finsky.ch.r.b(141): com.google.android.apps.genie.geniewidget available because owned, overriding [restriction=7].
06-09 06:30:54.413 E/NetworkScheduler.TED( 3263): Couldn't start service: Intent { act=com.google.android.gms.gcm.ACTION_TASK_READY cmp=net.one97.paytm/com.firebase.jobdispatcher.GooglePlayReceiver (has extras) }
06-09 06:30:54.417 I/Finsky  ( 4822): [2] com.google.android.finsky.installqueue.a.an.a(120): Requesting install request=package_name=in.startv.hotstar, priority=3, reason=auto_update, account_name=[L4VQC5xTUvvQOjNRemGEKGv8rdQ], type=0, constraints=((NETWORK=UNMETERED, PROVISIONING_STATE=PROVISIONED, STORAGE=SUFFICIENT_STORAGE, ),)
06-09 06:30:54.418 I/Finsky  ( 4822): [2] com.google.android.finsky.installer.a.ai.a(667): Request install of in.startv.hotstar v=412 pri=3 mods=[] for auto_update
06-09 06:30:54.438 I/Finsky  ( 4822): [2] com.google.android.finsky.scheduler.az.b(8): jobFinished: 4-821848295. TimeElapsed: 230ms
06-09 06:30:54.439 I/Finsky  ( 4822): [2] com.google.android.finsky.eu.a.k.a(50): auto-updates finished successfully.
06-09 06:30:54.448 E/NetworkScheduler.ATC( 3263): Called cancelTask for already completed task com.google.android.gms/.clearcut.uploader.QosUploaderService{u=0 tag="qos_default_periodic" trigger=window{period=3600s,flex=3540s,earliest=-39s,latest=3500s} requirements=[NET_CONNECTED] attributes=[PERSISTED,RECURRING] scheduled=-99s last_run=0s jid=N/A status=ACTIVE retries=0 client_lib=MANCHEGO_GCM-12685000} :RESCHEDULED
06-09 06:30:54.451 I/Finsky  ( 4822): [2] com.google.android.finsky.scheduler.aa.b(38): Job 4-821848295 finished
06-09 06:30:54.456 I/Finsky  ( 4822): [2] com.google.android.finsky.installer.r.a(10): User=UserHandle{0} requested=in.startv.hotstar granted=true
06-09 06:30:54.457 I/Finsky  ( 4822): [2] com.google.android.finsky.installer.a.ai.a(1000): Installer kick - starting in.startv.hotstar
06-09 06:30:54.459 I/Finsky  ( 4822): [2] com.google.android.finsky.scheduler.aa.a(196): RunningQueue size: 0, PendingQueue size: 0
06-09 06:30:54.459 I/Finsky  ( 4822): [2] com.google.android.finsky.scheduler.af.handleMessage(78): Executor finished
06-09 06:30:54.464 I/Finsky  ( 4822): [115] com.google.android.finsky.installer.a.c.a(78): Preloads directory was not found.
06-09 06:30:54.503 I/Finsky  ( 4822): [2] com.google.android.finsky.installer.a.az.b(508): isInstantAppSplitOnlyInstall false
06-09 06:30:54.513 I/Finsky  ( 4822): [116] com.google.android.finsky.installer.a.n.doInBackground(5): File-by-File compatibility check result: true
06-09 06:30:54.533 E/NetworkScheduler( 3263): Unknown result code received: 4
06-09 06:30:54.534 I/Finsky  ( 4822): [2] com.google.android.finsky.scheduler.bc.a(50): Jobs in database: 1-1337 
06-09 06:30:54.537 I/Finsky  ( 4822): [2] com.google.android.finsky.scheduler.h.a(309): ConstraintMapping: 1-1337,  -> L: 44771788ms, D: 131171788ms, C: false, I: false, N: 1
06-09 06:30:54.537 I/Finsky  ( 4822): [2] com.google.android.finsky.scheduler.JobSchedulerEngine.a(19): Cancelling existing job with id: 9003
06-09 06:30:54.540 I/Finsky  ( 4822): [2] com.google.android.finsky.scheduler.JobSchedulerEngine.a(155): Scheduling job Id: 9000, L: 44771788, D: 131171788, C: false, I: false, N: 1
06-09 06:30:54.543 E/NetworkScheduler.TED( 3263): Couldn't start service: Intent { act=com.google.android.gms.gcm.ACTION_TASK_READY cmp=com.transloc.android.rider/com.firebase.jobdispatcher.GooglePlayReceiver (has extras) }
06-09 06:30:54.559 E/NetworkScheduler( 3263): Unknown result code received: 4
06-09 06:30:54.642 E/NetworkScheduler.TED( 3263): Couldn't start service: Intent { act=com.google.android.gms.gcm.ACTION_TASK_READY cmp=net.one97.paytm/com.firebase.jobdispatcher.GooglePlayReceiver (has extras) }
06-09 06:30:54.642 E/NetworkScheduler( 3263): Unknown result code received: 4
06-09 06:30:54.676 D/PackageInstallerCompatVL( 3521): addSessionInfoToCache:in.startv.hotstar, Hotstar
06-09 06:30:54.677 I/Finsky  ( 4822): [72] com.google.android.finsky.cx.f.a(170): Created session 1453536280 for in.startv.hotstar
06-09 06:30:54.682 D/Launcher.Model( 3521):       ● modelRunnable@bindAppsUpdated
06-09 06:30:54.684 D/AlphabeticalAppsList( 3521): [onAppsUpdated] mApps size = 138
06-09 06:30:54.688 D/AlphabeticalAppsList( 3521): [updateAdapterItems] hasFilter: false, filtersAppInfos size = 138, mAdapterItems size = 146
06-09 06:30:54.708 D/Launcher( 3521): onAppCategoryUpdate#
06-09 06:30:54.708 D/a       ( 3521): setAppCategories#
06-09 06:30:54.709 D/a       ( 3521): dumpCategories# Recent searches(0), Travel & Tourism(5), Reading(8), Social(20), Shopping(7), Financial(9), Games(2), Sports & Health(4), Music & Video(15), Lifestyle(3), Family & Parenting(0), Tools(45), Photo & Beauty(4), Education(9)
06-09 06:30:55.028 I/Finsky  ( 4822): [2] com.google.android.finsky.installer.a.az.a(1392): Required downloads: [in.startv.hotstar]
06-09 06:30:55.029 I/Finsky  ( 4822): [72] com.google.android.finsky.cx.r.run(4): Session for in.startv.hotstar already exists, skipping creation
06-09 06:30:55.341 I/Finsky  ( 4822): [2] com.google.android.finsky.installer.a.bl.onPostExecute(89): Downloading patch for in.startv.hotstar (adid: in.startv.hotstar , isid: ygDRyRMkRo6OD1_J5m09Uw)
06-09 06:30:55.342 I/Finsky  ( 4822): [2] com.google.android.finsky.download.e.b(61): Duplicate state set for 'in.startv.hotstar' (0). Already in that state
06-09 06:30:55.342 I/Finsky  ( 4822): [2] com.google.android.finsky.download.n.a(23): Download in.startv.hotstar added to DownloadQueue
06-09 06:30:55.344 I/Finsky  ( 4822): [2] com.google.android.finsky.download.e.b(64): in.startv.hotstar from 0 to 1.
06-09 06:30:55.354 I/Finsky  ( 4822): [2] com.google.android.finsky.download.w.a(25): Download in.startv.hotstar starting
06-09 06:30:55.411 I/Finsky  ( 4822): [2] com.google.android.finsky.download.u.onPostExecute(11): Enqueued in.startv.hotstar as content://downloads/my_downloads/11245
06-09 06:30:55.411 I/Finsky  ( 4822): [2] com.google.android.finsky.download.e.b(64): in.startv.hotstar from 1 to 2.
06-09 06:30:55.412 I/Finsky  ( 4822): [2] com.google.android.finsky.download.n.h(133): in.startv.hotstar: onStart
06-09 06:30:55.422 D/DownloadManager( 4049): [11245] Starting
06-09 06:30:55.468 I/Finsky  ( 4822): [2] com.google.android.finsky.download.n.a(114): in.startv.hotstar: onProgress 0/-1 Status: 192 ID: 11245.
06-09 06:30:55.469 D/NetworkSecurityConfig( 4049): No Network Security Config specified, using platform default
06-09 06:30:55.470 D/PackageInstallerCompatVL( 3521): sendUpdate:in.startv.hotstar, 1, 0
06-09 06:30:55.471 D/QuickPage( 3521): setPackageState: in.startv.hotstar, 1, 0
06-09 06:30:55.474 D/NotificationListener( 3521): onNotificationPosted# hash: 262571419 sbn: StatusBarNotification(pkg=com.android.providers.downloads user=UserHandle{0} id=0 tag=1:com.android.vending key=0|com.android.providers.downloads|0|1:com.android.vending|10009: Notification(channel=active pri=0 contentView=null vibrate=null sound=null defaults=0x0 flags=0xa color=0xff607d8b actions=1 vis=PRIVATE))
06-09 06:30:55.474 D/Stats   ( 3521): SaveStats doInBackground...
06-09 06:30:55.478 I/DpmTcmClient( 4049): RegisterTcmMonitor from: com.android.okhttp.TcmIdleTimerMonitor
06-09 06:30:55.476 W/TcmReceiver( 4049): type=1400 audit(0.0:188): avc: denied { write } for name="tcm" dev="tmpfs" ino=27853 scontext=u:r:mediaprovider:s0:c512,c768 tcontext=u:object_r:dpmtcm_socket:s0 tclass=sock_file permissive=0
06-09 06:30:55.481 I/DpmTcmClient( 4049): RegisterTcmMonitor from: com.android.okhttp.TcmIdleTimerMonitor
06-09 06:30:55.482 D/NetworkSecurityConfig( 4049): No Network Security Config specified, using platform default
06-09 06:30:55.529 I/zygote64( 2462): Deoptimizing void com.android.systemui.statusbar.ViewTransformationHelper.setVisible(boolean) due to JIT inline cache
06-09 06:30:55.529 I/zygote64( 2462): Deoptimizing void com.android.systemui.statusbar.notification.TransformState.recycle() due to JIT inline cache
06-09 06:30:55.538 D/StatusBar( 2462): updateMediaMetaData: hasArtwork = true, 0, false, true, 8, false, false, false, 0, false
06-09 06:30:55.942 D/ConnectivityService( 1070): updateNetworkScore for NetworkAgentInfo [WIFI () - 100] to 60
06-09 06:30:55.943 D/ConnectivityService( 1070): rematching NetworkAgentInfo [WIFI () - 100]
06-09 06:30:55.943 D/ConnectivityService( 1070):  network has: [ Transports: WIFI Capabilities: NOT_METERED&INTERNET&NOT_RESTRICTED&TRUSTED&NOT_VPN&VALIDATED&FOREGROUND LinkUpBandwidth>=1048576Kbps LinkDnBandwidth>=1048576Kbps SignalStrength: -65]
06-09 06:30:55.982 D/PackageInstallerCompatVL( 3521): sendUpdate:in.startv.hotstar, 1, 0
06-09 06:30:55.983 D/QuickPage( 3521): setPackageState: in.startv.hotstar, 1, 0
06-09 06:30:55.985 D/NotificationListener( 3521): onNotificationPosted# hash: 262571419 sbn: StatusBarNotification(pkg=com.android.providers.downloads user=UserHandle{0} id=0 tag=1:com.android.vending key=0|com.android.providers.downloads|0|1:com.android.vending|10009: Notification(channel=active pri=0 contentView=null vibrate=null sound=null defaults=0x0 flags=0xa color=0xff607d8b actions=1 vis=PRIVATE))
06-09 06:30:55.998 D/StatusBar( 2462): updateMediaMetaData: hasArtwork = true, 0, false, true, 8, false, false, false, 0, false
06-09 06:30:56.084 I/zygote  ( 4822): Do full code cache collection, code=253KB, data=188KB
06-09 06:30:56.085 I/zygote  ( 4822): After code cache collection, code=238KB, data=158KB
06-09 06:30:56.185 D/AppMonet/BidManager( 8026): syncing bidmanager with pool
06-09 06:30:56.185 D/AppMonet/PubSubService( 8026): Message Topic -> cleanUpBids
06-09 06:30:56.208 D/PackageInstallerCompatVL( 3521): sendUpdate:in.startv.hotstar, 1, 6
06-09 06:30:56.209 D/QuickPage( 3521): setPackageState: in.startv.hotstar, 1, 6
06-09 06:30:56.210 D/Stats   ( 3521): SaveStats doInBackground...
06-09 06:30:56.216 D/NotificationListener( 3521): onNotificationPosted# hash: 262571419 sbn: StatusBarNotification(pkg=com.android.providers.downloads user=UserHandle{0} id=0 tag=1:com.android.vending key=0|com.android.providers.downloads|0|1:com.android.vending|10009: Notification(channel=active pri=0 contentView=null vibrate=null sound=null defaults=0x0 flags=0xa color=0xff607d8b actions=1 vis=PRIVATE))
06-09 06:30:56.222 D/StatusBar( 2462): updateMediaMetaData: hasArtwork = true, 0, false, true, 8, false, false, false, 0, false
06-09 06:30:56.476 W/TcmReceiver( 4049): type=1400 audit(0.0:189): avc: denied { write } for name="tcm" dev="tmpfs" ino=27853 scontext=u:r:mediaprovider:s0:c512,c768 tcontext=u:object_r:dpmtcm_socket:s0 tclass=sock_file permissive=0
06-09 06:30:56.592 D/DownloadManager( 4049): [11245] Finished with status SUCCESS
06-09 06:30:56.689 I/Finsky  ( 4822): [2] com.google.android.finsky.download.DownloadBroadcastReceiver.a(4): Intent received at DownloadBroadcastReceiver
06-09 06:30:56.691 D/NotificationListener( 3521): onNotificationRemoved# hash: 262571419 sbn: StatusBarNotification(pkg=com.android.providers.downloads user=UserHandle{0} id=0 tag=1:com.android.vending key=0|com.android.providers.downloads|0|1:com.android.vending|10009: Notification(channel=active pri=0 contentView=null vibrate=null sound=null defaults=0x0 flags=0xa color=0xff607d8b actions=1 vis=PRIVATE))
06-09 06:30:56.698 D/StatusBar( 2462): updateMediaMetaData: hasArtwork = true, 0, false, true, 8, false, false, false, 0, false
06-09 06:30:56.699 I/Finsky  ( 4822): [2] com.google.android.finsky.download.n.a(114): in.startv.hotstar: onProgress 928008/928008 Status: 200 ID: 11245.
06-09 06:30:56.703 D/PackageInstallerCompatVL( 3521): sendUpdate:in.startv.hotstar, 1, 80
06-09 06:30:56.703 D/QuickPage( 3521): setPackageState: in.startv.hotstar, 1, 80
06-09 06:30:56.707 W/Isotope ( 8755): UID: [10037]  PID: [8755] DownloadDataStoreImpl : No matching entry found, returning null.
06-09 06:30:56.707 I/Isotope ( 8755): UID: [10037]  PID: [8755] DownloadDataStoreImpl : no data for downloadId 11245
06-09 06:30:56.707 I/Finsky  ( 8755): [2] com.google.android.finsky.instantapps.dna.ArchiveDownloadBroadcastReceiver.onReceive(13): Skipping download id 11245, not a prefetch
06-09 06:30:56.711 D/Stats   ( 3521): SaveStats doInBackground...
06-09 06:30:56.726 I/Finsky  ( 4822): [2] com.google.android.finsky.download.e.b(64): in.startv.hotstar from 2 to 3.
06-09 06:30:56.726 I/Finsky  ( 4822): [2] com.google.android.finsky.download.n.f(124): in.startv.hotstar: onComplete
06-09 06:30:56.726 I/Finsky  ( 4822): [2] com.google.android.finsky.download.n.i(137): Download in.startv.hotstar removed from DownloadQueue
06-09 06:30:56.731 I/Finsky  ( 4822): [2] com.google.android.finsky.installer.a.az.b(438): Prepare to patch in.startv.hotstar (adid: in.startv.hotstar , isid: ygDRyRMkRo6OD1_J5m09Uw) from content://downloads/my_downloads/11245 format 5
06-09 06:30:56.900 I/Finsky  ( 4822): [116] com.google.android.finsky.g.e.a(2): APK integrity will be verified using [SHA-256] method
06-09 06:30:57.476 W/TcmReceiver( 4049): type=1400 audit(0.0:190): avc: denied { write } for name="tcm" dev="tmpfs" ino=27853 scontext=u:r:mediaprovider:s0:c512,c768 tcontext=u:object_r:dpmtcm_socket:s0 tclass=sock_file permissive=0
06-09 06:30:58.155 I/QCNEJ   ( 2634): |CORE| phoneCount: 2
06-09 06:30:58.164 D/CarrierText( 2462): updateCarrierText(): 2
06-09 06:30:58.165 V/LocSvc_HIDL_Subscription_jni( 1070): string_dataitem_update
06-09 06:30:58.165 V/LocSvc_HIDL_Subscription_jni( 1070): [string_dataitem_update][248] [HC] =>> [HS]
06-09 06:30:58.165 V/LocSvc_HIDL_IzatSubscription(  803): [stringDataItemUpdate][253] [HS] <<<<= [HC]
06-09 06:30:58.166 V/LocSvc_HIDL_Subscription_jni( 1070): Exit Result 0
06-09 06:30:58.167 D/CarrierText( 2462): Handling (subId=3): READY cricket
06-09 06:30:58.167 D/CarrierText( 2462): SIM ready and in service: subId=3, ss={mVoiceRegState=0(IN_SERVICE), mDataRegState=0(IN_SERVICE), mVoiceRoamingType=home, mDataRoamingType=home, mVoiceOperatorAlphaLong=cricket, mVoiceOperatorAlphaShort=cricket, mDataOperatorAlphaLong=cricket, mDataOperatorAlphaShort=cricket, isManualNetworkSelection=false(automatic), mRilVoiceRadioTechnology=14(LTE), mRilDataRadioTechnology=14(LTE), mCssIndicator=unsupported, mNetworkId=-1, mSystemId=-1, mCdmaRoamingIndicator=-1, mCdmaDefaultRoamingIndicator=-1, mIsEmergencyOnly=false, mIsDataRoamingFromRegistration=false, mIsUsingCarrierAggregation=false, mLteEarfcnRsrpBoost=0}
06-09 06:30:58.170 D/NetworkController.MobileSignalController(2)( 2462): onServiceStateChanged voiceState=1 dataState=1 isUsingCarrierAggregation:false
06-09 06:30:58.171 D/CarrierText( 2462): Handling (subId=2): READY No service — TATA DOCOMO
06-09 06:30:58.171 D/CarrierText( 2462): updateCarrierText(): 2
06-09 06:30:58.172 D/CarrierText( 2462): Handling (subId=3): READY cricket
06-09 06:30:58.172 D/CarrierText( 2462): SIM ready and in service: subId=3, ss={mVoiceRegState=0(IN_SERVICE), mDataRegState=0(IN_SERVICE), mVoiceRoamingType=home, mDataRoamingType=home, mVoiceOperatorAlphaLong=cricket, mVoiceOperatorAlphaShort=cricket, mDataOperatorAlphaLong=cricket, mDataOperatorAlphaShort=cricket, isManualNetworkSelection=false(automatic), mRilVoiceRadioTechnology=14(LTE), mRilDataRadioTechnology=14(LTE), mCssIndicator=unsupported, mNetworkId=-1, mSystemId=-1, mCdmaRoamingIndicator=-1, mCdmaDefaultRoamingIndicator=-1, mIsEmergencyOnly=false, mIsDataRoamingFromRegistration=false, mIsUsingCarrierAggregation=false, mLteEarfcnRsrpBoost=0}
06-09 06:30:58.173 D/ServiceStateProvider( 2678): subId=2
06-09 06:30:58.174 D/CarrierText( 2462): Handling (subId=2): READY No service — TATA DOCOMO
06-09 06:30:58.174 I/GnssLocationProvider( 1070): WakeLock acquired by sendMessage(SUBSCRIPTION_OR_SIM_CHANGED, 0, null)
06-09 06:30:58.174 V/KeyguardUpdateMonitor( 2462): action android.intent.action.SERVICE_STATE serviceState={mVoiceRegState=1(OUT_OF_SERVICE), mDataRegState=1(OUT_OF_SERVICE), mVoiceRoamingType=home, mDataRoamingType=home, mVoiceOperatorAlphaLong=, mVoiceOperatorAlphaShort=, mDataOperatorAlphaLong=, mDataOperatorAlphaShort=, isManualNetworkSelection=false(automatic), mRilVoiceRadioTechnology=0(Unknown), mRilDataRadioTechnology=0(Unknown), mCssIndicator=unsupported, mNetworkId=-1, mSystemId=-1, mCdmaRoamingIndicator=-1, mCdmaDefaultRoamingIndicator=-1, mIsEmergencyOnly=false, mIsDataRoamingFromRegistration=false, mIsUsingCarrierAggregation=false, mLteEarfcnRsrpBoost=0} subId=2 phoneId=1
06-09 06:30:58.174 D/KeyguardUpdateMonitor( 2462): handleServiceStateChange(subId=2, phoneId=1, serviceState={mVoiceRegState=1(OUT_OF_SERVICE), mDataRegState=1(OUT_OF_SERVICE), mVoiceRoamingType=home, mDataRoamingType=home, mVoiceOperatorAlphaLong=, mVoiceOperatorAlphaShort=, mDataOperatorAlphaLong=, mDataOperatorAlphaShort=, isManualNetworkSelection=false(automatic), mRilVoiceRadioTechnology=0(Unknown), mRilDataRadioTechnology=0(Unknown), mCssIndicator=unsupported, mNetworkId=-1, mSystemId=-1, mCdmaRoamingIndicator=-1, mCdmaDefaultRoamingIndicator=-1, mIsEmergencyOnly=false, mIsDataRoamingFromRegistration=false, mIsUsingCarrierAggregation=false, mLteEarfcnRsrpBoost=0}
06-09 06:30:58.174 D/CarrierText( 2462): updateCarrierText(): 2
06-09 06:30:58.174 D/EmergencyAffordanceService( 1070): receive msg.what = 3
06-09 06:30:58.175 D/CarrierText( 2462): Handling (subId=3): READY cricket
06-09 06:30:58.175 D/CarrierText( 2462): SIM ready and in service: subId=3, ss={mVoiceRegState=0(IN_SERVICE), mDataRegState=0(IN_SERVICE), mVoiceRoamingType=home, mDataRoamingType=home, mVoiceOperatorAlphaLong=cricket, mVoiceOperatorAlphaShort=cricket, mDataOperatorAlphaLong=cricket, mDataOperatorAlphaShort=cricket, isManualNetworkSelection=false(automatic), mRilVoiceRadioTechnology=14(LTE), mRilDataRadioTechnology=14(LTE), mCssIndicator=unsupported, mNetworkId=-1, mSystemId=-1, mCdmaRoamingIndicator=-1, mCdmaDefaultRoamingIndicator=-1, mIsEmergencyOnly=false, mIsDataRoamingFromRegistration=false, mIsUsingCarrierAggregation=false, mLteEarfcnRsrpBoost=0}
06-09 06:30:58.175 D/EmergencyAffordanceService( 1070): subinfo = {id=3, iccId=890115032[****] simSlotIndex=0 displayName=cricket carrierName=cricket nameSource=0 iconTint=-16746133 dataRoaming=0 iconBitmap=android.graphics.Bitmap@804155d mcc 310 mnc 150 isEmbedded false accessRules null}
06-09 06:30:58.176 D/QtiCarrierConfigHelper( 2678): Reload carrier configs on sub Id due sub changed: 3
06-09 06:30:58.176 D/EmergencyAffordanceService( 1070): simOperator = 310150
06-09 06:30:58.176 D/EmergencyAffordanceService( 1070): subinfo = {id=2, iccId=899103411[****] simSlotIndex=1 displayName=TATA DOCOMO carrierName=No service — TATA DOCOMO nameSource=0 iconTint=-16746133 dataRoaming=0 iconBitmap=android.graphics.Bitmap@b2d9ed2 mcc 405 mnc 34 isEmbedded false accessRules null}
06-09 06:30:58.176 D/EmergencyAffordanceService( 1070): neededNow = true, neededBefore = true
06-09 06:30:58.176 D/CarrierText( 2462): Handling (subId=2): READY No service — TATA DOCOMO
06-09 06:30:58.176 D/CarrierText( 2462): updateCarrierText(): 2
06-09 06:30:58.177 D/CarrierText( 2462): Handling (subId=3): READY cricket
06-09 06:30:58.177 D/CarrierText( 2462): SIM ready and in service: subId=3, ss={mVoiceRegState=0(IN_SERVICE), mDataRegState=0(IN_SERVICE), mVoiceRoamingType=home, mDataRoamingType=home, mVoiceOperatorAlphaLong=cricket, mVoiceOperatorAlphaShort=cricket, mDataOperatorAlphaLong=cricket, mDataOperatorAlphaShort=cricket, isManualNetworkSelection=false(automatic), mRilVoiceRadioTechnology=14(LTE), mRilDataRadioTechnology=14(LTE), mCssIndicator=unsupported, mNetworkId=-1, mSystemId=-1, mCdmaRoamingIndicator=-1, mCdmaDefaultRoamingIndicator=-1, mIsEmergencyOnly=false, mIsDataRoamingFromRegistration=false, mIsUsingCarrierAggregation=false, mLteEarfcnRsrpBoost=0}
06-09 06:30:58.178 D/QtiCarrierConfigHelper( 2678): Load carrier configs on sub Id: 3 slot Id: 0
06-09 06:30:58.178 D/QtiCarrierConfigHelper( 2678): Reload carrier configs on sub Id due sub changed: 2
06-09 06:30:58.179 D/CarrierText( 2462): Handling (subId=2): READY No service — TATA DOCOMO
06-09 06:30:58.179 D/QtiCarrierConfigHelper( 2678): Load carrier configs on sub Id: 2 slot Id: 1
06-09 06:30:58.180 D/OPFunctionByLocation( 2678): receive msg.what = 3
06-09 06:30:58.180 D/OPFunctionByLocation( 2678): subinfo = {id=3, iccId=890115032[****] simSlotIndex=0 displayName=cricket carrierName=cricket nameSource=0 iconTint=-16746133 dataRoaming=0 iconBitmap=android.graphics.Bitmap@fdc8e07 mcc 310 mnc 150 isEmbedded false accessRules null}
06-09 06:30:58.180 D/OPFunctionByLocation( 2678): mccRequiresRecording : 310
06-09 06:30:58.181 D/OPFunctionByLocation( 2678): simOperator = 310150
06-09 06:30:58.181 D/OPFunctionByLocation( 2678): mccRequiresRecording : 310
06-09 06:30:58.181 D/OPFunctionByLocation( 2678): subinfo = {id=2, iccId=899103411[****] simSlotIndex=1 displayName=TATA DOCOMO carrierName=No service — TATA DOCOMO nameSource=0 iconTint=-16746133 dataRoaming=0 iconBitmap=android.graphics.Bitmap@498cb34 mcc 405 mnc 34 isEmbedded false accessRules null}
06-09 06:30:58.181 D/OPFunctionByLocation( 2678): mccRequiresRecording : 405
06-09 06:30:58.181 D/OPFunctionByLocation( 2678): neededNow = true, neededBefore = false
06-09 06:30:58.181 D/OPFunctionByLocation( 2678): mSimNeedsRecording : true, mNetworkNeedsRecording : false
06-09 06:30:58.182 D/OPFunctionByLocation( 2678): handleUpdateSimSubscriptionInfo  neededNow true
06-09 06:30:58.186 D/CallNotifier( 2678): updatePhoneStateListeners: update CF notifications.
06-09 06:30:58.187 W/GnssLocationProvider( 1070): Could not open GPS configuration file /etc/gps_debug.conf
06-09 06:30:58.188 I/NotificationMgr( 2678): updateCfi: subId= 2, visible=N
06-09 06:30:58.189 I/NotificationMgr( 2678): updateMwi(): subId 2 update to false
06-09 06:30:58.190 I/GnssLocationProvider( 1070): WakeLock released by handleMessage(SUBSCRIPTION_OR_SIM_CHANGED, 0, null)
06-09 06:30:58.193 D/CallNotifier( 2678): updatePhoneStateListeners: update CF notifications.
06-09 06:30:58.193 I/NotificationMgr( 2678): updateCfi: subId= 3, visible=N
06-09 06:30:58.195 I/NotificationMgr( 2678): updateMwi(): subId 3 update to false
06-09 06:30:58.198 I/TelecomFramework( 2678): PstnIncomingCallNotifier: Unregistering: Handler (com.qualcomm.qti.internal.telephony.QtiGsmCdmaPhone) {2b59523}
06-09 06:30:58.198 I/TelecomFramework( 2678): PstnIncomingCallNotifier: Unregistering: Handler (com.qualcomm.qti.internal.telephony.QtiGsmCdmaPhone) {e3f84c}
06-09 06:30:58.203 I/TelecomFramework( 2678): AccountEntry: mIsVideoCapable: false
06-09 06:30:58.210 I/Telecom ( 1070): PhoneAccountRegistrar: Modify account: [ComponentInfo{com.android.phone/com.android.services.telephony.TelephonyConnectionService}, [****], UserHandle{0}]: TSI.rPA@AU4
06-09 06:30:58.215 I/TelecomFramework( 2678): AccountEntry: Registered phoneAccount: [[ ] PhoneAccount: ComponentInfo{com.android.phone/com.android.services.telephony.TelephonyConnectionService}, [****], UserHandle{0} Capabilities: CallProvider MultiUser PlaceEmerg SimSub  Audio Routes: BESW Schemes: tel voicemail  Extras: Bundle[{android.telecom.extra.SUPPORTS_VIDEO_CALLING_FALLBACK=false, android.telecom.extra.SORT_ORDER=0}] GroupId: [****]] with handle: ComponentInfo{com.android.phone/com.android.services.telephony.TelephonyConnectionService}, [****], UserHandle{0}
06-09 06:30:58.215 I/TelecomFramework( 2678): PstnIncomingCallNotifier: Registering: Handler (com.qualcomm.qti.internal.telephony.QtiGsmCdmaPhone) {2b59523}
06-09 06:30:58.219 I/TelecomFramework( 2678): AccountEntry: mIsVideoCapable: false
06-09 06:30:58.224 I/Telecom ( 1070): PhoneAccountRegistrar: Modify account: [ComponentInfo{com.android.phone/com.android.services.telephony.TelephonyConnectionService}, [****], UserHandle{0}]: TSI.rPA@AU8
06-09 06:30:58.228 I/TelecomFramework( 2678): AccountEntry: Registered phoneAccount: [[ ] PhoneAccount: ComponentInfo{com.android.phone/com.android.services.telephony.TelephonyConnectionService}, [****], UserHandle{0} Capabilities: CallProvider MultiUser PlaceEmerg SimSub  Audio Routes: BESW Schemes: tel voicemail  Extras: Bundle[{android.telecom.extra.SUPPORTS_VIDEO_CALLING_FALLBACK=false, android.telecom.extra.SORT_ORDER=1}] GroupId: [****]] with handle: ComponentInfo{com.android.phone/com.android.services.telephony.TelephonyConnectionService}, [****], UserHandle{0}
06-09 06:30:58.228 I/TelecomFramework( 2678): PstnIncomingCallNotifier: Registering: Handler (com.qualcomm.qti.internal.telephony.QtiGsmCdmaPhone) {e3f84c}
06-09 06:30:58.229 D/TelecomAccountRegistry( 2678): setupAccounts() needWaitIccIdReady = false
06-09 06:30:58.230 I/PhoneApp( 2678): local changed
06-09 06:30:58.230 I/PhoneApp( 2678): noServiceSimNotification  subId: 2 slotId: 1 state: 1
06-09 06:30:58.230 I/OPSimUtils( 2678): sim 1 Status: 1
06-09 06:30:58.230 I/OPSimAlarmReceiver( 2678): SoltId 1 isScheduled true
06-09 06:30:58.231 I/ImsExternalCallTracker( 2678): handleVideoCapabilitiesChanged : isVideoCapable = false
06-09 06:30:58.231 D/ImsExternalCallTracker( 2678): refreshCallPullState
06-09 06:30:58.231 I/TelecomFramework( 2678): PstnPhoneCapabilitiesNotifier: handleVideoCapabilitesChanged. Video capability - false
06-09 06:30:58.234 I/TelecomFramework( 2678): AccountEntry: mIsVideoCapable: false
06-09 06:30:58.238 I/Telecom ( 1070): PhoneAccountRegistrar: Modify account: [ComponentInfo{com.android.phone/com.android.services.telephony.TelephonyConnectionService}, [****], UserHandle{0}]: TSI.rPA@AVI
06-09 06:30:58.243 I/ImsExternalCallTracker( 2678): handleVideoCapabilitiesChanged : isVideoCapable = false
06-09 06:30:58.243 D/ImsExternalCallTracker( 2678): refreshCallPullState
06-09 06:30:58.243 I/TelecomFramework( 2678): PstnPhoneCapabilitiesNotifier: handleVideoCapabilitesChanged. Video capability - false
06-09 06:30:58.249 I/TelecomFramework( 2678): AccountEntry: mIsVideoCapable: false
06-09 06:30:58.257 I/Telecom ( 1070): PhoneAccountRegistrar: Modify account: [ComponentInfo{com.android.phone/com.android.services.telephony.TelephonyConnectionService}, [****], UserHandle{0}]: TSI.rPA@AVM
06-09 06:30:58.476 W/TcmReceiver( 4049): type=1400 audit(0.0:191): avc: denied { write } for name="tcm" dev="tmpfs" ino=27853 scontext=u:r:mediaprovider:s0:c512,c768 tcontext=u:object_r:dpmtcm_socket:s0 tclass=sock_file permissive=0
06-09 06:30:59.065 D/WificondControl( 1070): Scan result ready event
06-09 06:30:59.071 I/LOWI-8.5.0.3.a( 1084): [LOWI-Scan] lowi_close_record:Scan completed in 153147ms and Recieved 22 APs scan results
06-09 06:30:59.073 I/LOWI-8.5.0.3.a( 1084): [LOWIUtils] responseToOutPostcard - TO: FreeWifiScanObserver, FROM:   LOWI-SERVER, RESP:  LOWI_ASYNC_DISCOVERY_SCAN_RESULTS
06-09 06:30:59.082 W/IzatSvc_Wiper(  803): Num of elements returned by LOWI 22
06-09 06:30:59.083 D/WifiPermissionsUtil( 1070): Denied: no location permission
06-09 06:30:59.086 D/WifiPermissionsUtil( 1070): Denied: no location permission
06-09 06:30:59.099 W/ctxmgr  ( 3263): [AclManager]No 2 for (accnt=account#-517948760#, com.google.android.gms(10015):IndoorOutdoorProducer, vrsn=12685000, 0, 3pPkg = null ,  3pMdlId = null ,  pid = 3263). Was: 3 for 57, account#-517948760#
06-09 06:30:59.172 I/zygote  ( 4822): Do partial code cache collection, code=252KB, data=170KB
06-09 06:30:59.172 I/zygote  ( 4822): After code cache collection, code=252KB, data=170KB
06-09 06:30:59.172 I/zygote  ( 4822): Increasing code cache capacity to 1024KB
06-09 06:30:59.232 D/OPSimNameController( 2678): the hasSet is false
06-09 06:30:59.232 D/OPSimNameController( 2678): the sim Name is 
06-09 06:30:59.234 D/OPSimNameController( 2678): the hasSet is false
06-09 06:30:59.234 D/OPSimNameController( 2678): the sim Name is TATA DOCOMO
06-09 06:30:59.476 W/TcmReceiver( 4049): type=1400 audit(0.0:192): avc: denied { write } for name="tcm" dev="tmpfs" ino=27853 scontext=u:r:mediaprovider:s0:c512,c768 tcontext=u:object_r:dpmtcm_socket:s0 tclass=sock_file permissive=0
06-09 06:31:00.000 V/AlarmManager( 1070): Triggering alarm #0: 3 when =191329 package =android operation =*alarm*:android.intent.action.TIME_TICK flags =0x1
06-09 06:31:00.028 I/DigitalWidgetViewsFactory( 3145): getCount() return 0 !!!
06-09 06:31:00.037 I/ClockCtrl( 2462):  schedule next: 59963
06-09 06:31:00.037 I/KeyguardUpdateMonitor( 2462): onTimeChanged
06-09 06:31:00.037 D/KeyguardUpdateMonitor( 2462): handleTimeUpdate
06-09 06:31:00.040 I/Clock   ( 2462): onTimeChanged
06-09 06:31:00.040 I/DateView( 2462): onTimeChanged
06-09 06:31:00.476 W/TcmReceiver( 4049): type=1400 audit(0.0:193): avc: denied { write } for name="tcm" dev="tmpfs" ino=27853 scontext=u:r:mediaprovider:s0:c512,c768 tcontext=u:object_r:dpmtcm_socket:s0 tclass=sock_file permissive=0
06-09 06:31:01.476 W/TcmReceiver( 4049): type=1400 audit(0.0:194): avc: denied { write } for name="tcm" dev="tmpfs" ino=27853 scontext=u:r:mediaprovider:s0:c512,c768 tcontext=u:object_r:dpmtcm_socket:s0 tclass=sock_file permissive=0
06-09 06:31:02.127 D/ClockIconDelegate( 3521): updateClockData hour = 6, newHour = 6, oldHour = 6, minute = 31, newMinute = 31, oldMinute = 28, obj = net.oneplus.launcher.dynamicicon.clock.ClockIconDelegate@a84f379
06-09 06:31:02.128 D/ClockIconDelegate( 3521): DynamicIcon check needInvalidate true, oldHour = 6, newHour = 6, obj = net.oneplus.launcher.dynamicicon.clock.ClockIconDelegate@a84f379
06-09 06:31:02.172 D/ClockIconDelegate( 3521): DynamicIcon check needInvalidate true, oldHour = 6, newHour = 6, obj = net.oneplus.launcher.dynamicicon.clock.ClockIconDelegate@a84f379
06-09 06:31:02.196 D/Launcher( 3521): DynamicIcon doWorkspaceOrFolderIconAnimation be enter
06-09 06:31:02.197 D/Launcher.Workspace( 3521): DynamicIcon Workspace updateCurrentPageDynamicIconState success
06-09 06:31:02.476 W/TcmReceiver( 4049): type=1400 audit(0.0:195): avc: denied { write } for name="tcm" dev="tmpfs" ino=27853 scontext=u:r:mediaprovider:s0:c512,c768 tcontext=u:object_r:dpmtcm_socket:s0 tclass=sock_file permissive=0
06-09 06:31:04.486 I/chatty  ( 4049): uid=10009(com.android.providers.media) android.process.media identical 2 lines
06-09 06:31:05.486 W/TcmReceiver( 4049): type=1400 audit(0.0:198): avc: denied { write } for name="tcm" dev="tmpfs" ino=27853 scontext=u:r:mediaprovider:s0:c512,c768 tcontext=u:object_r:dpmtcm_socket:s0 tclass=sock_file permissive=0
06-09 06:31:06.185 D/AppMonet/BidManager( 8026): syncing bidmanager with pool
06-09 06:31:06.185 D/AppMonet/PubSubService( 8026): Message Topic -> cleanUpBids
06-09 06:31:06.486 W/TcmReceiver( 4049): type=1400 audit(0.0:199): avc: denied { write } for name="tcm" dev="tmpfs" ino=27853 scontext=u:r:mediaprovider:s0:c512,c768 tcontext=u:object_r:dpmtcm_socket:s0 tclass=sock_file permissive=0
06-09 06:31:08.496 I/chatty  ( 4049): uid=10009(com.android.providers.media) android.process.media identical 2 lines
06-09 06:31:09.496 W/TcmReceiver( 4049): type=1400 audit(0.0:202): avc: denied { write } for name="tcm" dev="tmpfs" ino=27853 scontext=u:r:mediaprovider:s0:c512,c768 tcontext=u:object_r:dpmtcm_socket:s0 tclass=sock_file permissive=0
06-09 06:31:10.106 I/Finsky  ( 4822): [116] com.google.android.finsky.g.m.a(47): Patch apply task for in.startv.hotstar (in.startv.hotstar) (format 5) completed in 13375 ms
06-09 06:31:10.108 W/com.google.common.io.i( 4822): IOException thrown while closing Closeable.
06-09 06:31:10.108 W/com.google.common.io.i( 4822): java.io.IOException: write failed: EBADF (Bad file descriptor)
06-09 06:31:10.108 W/com.google.common.io.i( 4822): 	at libcore.io.IoBridge.write(IoBridge.java:558)
06-09 06:31:10.108 W/com.google.common.io.i( 4822): 	at android.os.FileBridge$FileBridgeOutputStream.writeCommandAndBlock(FileBridge.java:167)
06-09 06:31:10.108 W/com.google.common.io.i( 4822): 	at android.os.FileBridge$FileBridgeOutputStream.close(FileBridge.java:154)
06-09 06:31:10.108 W/com.google.common.io.i( 4822): 	at java.io.FilterOutputStream.close(FilterOutputStream.java:159)
06-09 06:31:10.108 W/com.google.common.io.i( 4822): 	at com.google.common.io.i.a(SourceFile:5)
06-09 06:31:10.108 W/com.google.common.io.i( 4822): 	at com.google.android.finsky.g.m.a(SourceFile:51)
06-09 06:31:10.108 W/com.google.common.io.i( 4822): 	at com.google.android.finsky.g.m.doInBackground(SourceFile:2)
06-09 06:31:10.108 W/com.google.common.io.i( 4822): 	at android.os.AsyncTask$2.call(AsyncTask.java:333)
06-09 06:31:10.108 W/com.google.common.io.i( 4822): 	at java.util.concurrent.FutureTask.run(FutureTask.java:266)
06-09 06:31:10.108 W/com.google.common.io.i( 4822): 	at java.util.concurrent.ThreadPoolExecutor.runWorker(ThreadPoolExecutor.java:1162)
06-09 06:31:10.108 W/com.google.common.io.i( 4822): 	at java.util.concurrent.ThreadPoolExecutor$Worker.run(ThreadPoolExecutor.java:636)
06-09 06:31:10.108 W/com.google.common.io.i( 4822): 	at java.lang.Thread.run(Thread.java:764)
06-09 06:31:10.108 W/com.google.common.io.i( 4822): Caused by: android.system.ErrnoException: write failed: EBADF (Bad file descriptor)
06-09 06:31:10.108 W/com.google.common.io.i( 4822): 	at libcore.io.Linux.writeBytes(Native Method)
06-09 06:31:10.108 W/com.google.common.io.i( 4822): 	at libcore.io.Linux.write(Linux.java:288)
06-09 06:31:10.108 W/com.google.common.io.i( 4822): 	at libcore.io.BlockGuardOs.write(BlockGuardOs.java:345)
06-09 06:31:10.108 W/com.google.common.io.i( 4822): 	at libcore.io.IoBridge.write(IoBridge.java:553)
06-09 06:31:10.108 W/com.google.common.io.i( 4822): 	... 11 more
06-09 06:31:10.110 I/Finsky  ( 4822): [2] com.google.android.finsky.g.m.onPostExecute(105): Successfully applied patch to update in.startv.hotstar (in.startv.hotstar)
06-09 06:31:10.114 I/Finsky  ( 4822): [2] com.google.android.finsky.installer.a.az.b(244): Begin install of in.startv.hotstar (isid: ygDRyRMkRo6OD1_J5m09Uw)
06-09 06:31:10.126 V/DownloadManager( 4049): Deleting /data/data/com.android.providers.downloads/cache/downloadfile.bin via provider delete
06-09 06:31:10.128 D/NotificationListener( 3521): onNotificationPosted# hash: 262571419 sbn: StatusBarNotification(pkg=com.android.vending user=UserHandle{0} id=-1050172287 tag=null key=0|com.android.vending|-1050172287|null|10037: Notification(channel=4.update-completion-notifications pri=-1 contentView=null vibrate=null sound=null tick defaults=0x0 flags=0x110 color=0xff0f9d58 category=progress vis=PRIVATE))
06-09 06:31:10.146 W/zygote64( 2462): Checksum mismatch for dex OPSystemUI.apk
06-09 06:31:10.152 W/zygote64( 2462): Checksum mismatch for dex OPSystemUI.apk
06-09 06:31:10.176 I/zygote64( 2462): Deoptimizing void com.android.systemui.statusbar.NotificationContentView.updateExpandButtons(boolean) due to JIT inline cache
06-09 06:31:10.184 D/StatusBar( 2462): updateMediaMetaData: hasArtwork = true, 0, false, true, 8, false, false, false, 0, false
06-09 06:31:10.193 I/zygote64( 2462): Deoptimizing void com.android.systemui.statusbar.NotificationContentView.setContentHeight(int) due to JIT inline cache
06-09 06:31:10.414 D/PackageInstallerCompatVL( 3521): sendUpdate:in.startv.hotstar, 1, 90
06-09 06:31:10.414 D/QuickPage( 3521): setPackageState: in.startv.hotstar, 1, 90
06-09 06:31:10.415 D/Stats   ( 3521): SaveStats doInBackground...
06-09 06:31:10.415 D/PackageInstallerCompatVL( 3521): sendUpdate:in.startv.hotstar, 1, 90
06-09 06:31:10.415 D/QuickPage( 3521): setPackageState: in.startv.hotstar, 1, 90
06-09 06:31:10.496 W/TcmReceiver( 4049): type=1400 audit(0.0:203): avc: denied { write } for name="tcm" dev="tmpfs" ino=27853 scontext=u:r:mediaprovider:s0:c512,c768 tcontext=u:object_r:dpmtcm_socket:s0 tclass=sock_file permissive=0
06-09 06:31:10.555 I/Finsky  ( 4822): [2] com.google.android.finsky.verifier.impl.PackageVerificationReceiver.onReceive(17): Verification requested, id = 0
06-09 06:31:10.564 W/Finsky  ( 4822): [2] com.google.android.finsky.f.v.a(35): Null bundle, which breaks event chain!. Creating a new logging context.
06-09 06:31:10.566 I/Finsky  ( 4822): [117] com.google.android.finsky.df.a.l.b(25): Started reading experiment flags from file [v6B-2IolLQRBwrwPhscSaeg04As].
06-09 06:31:10.567 I/Finsky  ( 4822): [117] com.google.android.finsky.df.a.l.b(61): Finished reading experiment flags from file [v6B-2IolLQRBwrwPhscSaeg04As].
06-09 06:31:10.584 I/Finsky  ( 4822): [114] com.google.android.finsky.verifier.impl.cu.a(616): Skipping verification because own installation
06-09 06:31:10.584 I/Finsky  ( 4822): [114] com.google.android.finsky.verifier.impl.cu.a(335): Skipping anti malware verification due to pre-check failure
06-09 06:31:10.585 I/Finsky  ( 4822): [2] com.google.android.finsky.verifier.impl.el.c(294): Verifying id=0, result=1
06-09 06:31:10.589 I/AsyncOpDispatcher( 3553): 45-id
06-09 06:31:10.589 I/Finsky  ( 4822): [2] com.google.android.finsky.verifier.impl.el.c(155): Verification complete: id=0, package_name=in.startv.hotstar
06-09 06:31:10.593 I/AsyncOpDispatcher( 3553): 45-id
06-09 06:31:10.596 I/AsyncOpDispatcher( 3553): 45-id
06-09 06:31:10.822 E/PackageManager.DexOptimizer( 1070): Well this is awkward; package in.startv.hotstar.StarApp had UID -1
06-09 06:31:10.822 E/PackageManager.DexOptimizer( 1070): java.lang.Throwable
06-09 06:31:10.822 E/PackageManager.DexOptimizer( 1070): 	at com.android.server.pm.PackageDexOptimizer.performDexOptLI(PackageDexOptimizer.java:150)
06-09 06:31:10.822 E/PackageManager.DexOptimizer( 1070): 	at com.android.server.pm.PackageDexOptimizer.performDexOpt(PackageDexOptimizer.java:126)
06-09 06:31:10.822 E/PackageManager.DexOptimizer( 1070): 	at com.android.server.pm.PackageManagerService.installPackageLI(PackageManagerService.java:19773)
06-09 06:31:10.822 E/PackageManager.DexOptimizer( 1070): 	at com.android.server.pm.PackageManagerService.installPackageTracedLI(PackageManagerService.java:19333)
06-09 06:31:10.822 E/PackageManager.DexOptimizer( 1070): 	at com.android.server.pm.PackageManagerService.-wrap35(Unknown Source:0)
06-09 06:31:10.822 E/PackageManager.DexOptimizer( 1070): 	at com.android.server.pm.PackageManagerService$8.run(PackageManagerService.java:16608)
06-09 06:31:10.822 E/PackageManager.DexOptimizer( 1070): 	at android.os.Handler.handleCallback(Handler.java:790)
06-09 06:31:10.822 E/PackageManager.DexOptimizer( 1070): 	at android.os.Handler.dispatchMessage(Handler.java:99)
06-09 06:31:10.822 E/PackageManager.DexOptimizer( 1070): 	at android.os.Looper.loop(Looper.java:164)
06-09 06:31:10.822 E/PackageManager.DexOptimizer( 1070): 	at android.os.HandlerThread.run(HandlerThread.java:65)
06-09 06:31:10.822 E/PackageManager.DexOptimizer( 1070): 	at com.android.server.ServiceThread.run(ServiceThread.java:46)
06-09 06:31:10.825 I/PackageManager.DexOptimizer( 1070): Running dexopt (dexoptNeeded=1) on: /data/app/in.startv.hotstar-78xznBTTDXi9hAwlexVTuw==/base.apk pkg=in.startv.hotstar isa=arm dexoptFlags=boot_complete,public target-filter=quicken oatDir=/data/app/in.startv.hotstar-78xznBTTDXi9hAwlexVTuw==/oat sharedLibraries=PCL[]
06-09 06:31:10.833 W/DropBoxManagerService( 1070): Dropping: system_server_wtf (1284 > 0 bytes)
06-09 06:31:10.874 D/DropBoxManagerService( 1070): file :: /data/system/dropbox/system_server_wtf@2018-06-09-06_31_10_833.lost
06-09 06:31:10.875 W/dex2oat ( 9234): Using default instruction set features for ARM CPU variant (cortex-a9) using conservative defaults
06-09 06:31:10.875 I/dex2oat ( 9234): /system/bin/dex2oat --input-vdex-fd=-1 --output-vdex-fd=21 --compiler-filter=quicken --classpath-dir=/data/app/in.startv.hotstar-78xznBTTDXi9hAwlexVTuw== --class-loader-context=PCL[]
06-09 06:31:11.496 W/TcmReceiver( 4049): type=1400 audit(0.0:204): avc: denied { write } for name="tcm" dev="tmpfs" ino=27853 scontext=u:r:mediaprovider:s0:c512,c768 tcontext=u:object_r:dpmtcm_socket:s0 tclass=sock_file permissive=0
06-09 06:31:12.506 I/dex2oat ( 9234): Explicit concurrent copying GC freed 43452(7MB) AllocSpace objects, 0(0B) LOS objects, 89% free, 171KB/1707KB, paused 45us total 3.425ms
06-09 06:31:12.496 W/TcmReceiver( 4049): type=1400 audit(0.0:205): avc: denied { write } for name="tcm" dev="tmpfs" ino=27853 scontext=u:r:mediaprovider:s0:c512,c768 tcontext=u:object_r:dpmtcm_socket:s0 tclass=sock_file permissive=0
06-09 06:31:12.663 W/dex2oat ( 9234): Method processed more than once: void com.google.android.gms.internal.aqr.<init>()
06-09 06:31:12.663 W/dex2oat ( 9234): Method processed more than once: android.os.IBinder com.google.android.gms.internal.aqr.asBinder()
06-09 06:31:12.663 W/dex2oat ( 9234): Method processed more than once: boolean com.google.android.gms.internal.aqr.zza(int, android.os.Parcel, android.os.Parcel, int)
06-09 06:31:12.664 W/dex2oat ( 9234): Method processed more than once: void com.google.android.gms.internal.aqq.<init>(android.os.IBinder, java.lang.String)
06-09 06:31:12.664 W/dex2oat ( 9234): Method processed more than once: android.os.Parcel com.google.android.gms.internal.aqq.a(int, android.os.Parcel)
06-09 06:31:12.664 W/dex2oat ( 9234): Method processed more than once: android.os.IBinder com.google.android.gms.internal.aqq.asBinder()
06-09 06:31:12.664 W/dex2oat ( 9234): Method processed more than once: void com.google.android.gms.internal.aqq.b(int, android.os.Parcel)
06-09 06:31:12.664 W/dex2oat ( 9234): Method processed more than once: void com.google.android.gms.internal.aqq.c(int, android.os.Parcel)
06-09 06:31:12.664 W/dex2oat ( 9234): Method processed more than once: android.os.Parcel com.google.android.gms.internal.aqq.p_()
06-09 06:31:12.676 W/dex2oat ( 9234): Method processed more than once: void com.google.android.gms.internal.oq.<init>(com.google.android.gms.internal.ou)
06-09 06:31:12.676 W/dex2oat ( 9234): Method processed more than once: void com.google.android.gms.internal.oq.zza(int, java.lang.String, java.lang.Object, java.lang.Object, java.lang.Object)
06-09 06:31:12.676 W/dex2oat ( 9234): Method processed more than once: java.lang.String com.google.android.gms.internal.oq.zzc(java.lang.String, java.lang.Object, java.lang.Object, java.lang.Object)
06-09 06:31:12.676 W/dex2oat ( 9234): Method processed more than once: java.lang.String com.google.android.gms.internal.oq.zzm(java.lang.Object)
06-09 06:31:12.676 W/dex2oat ( 9234): Method processed more than once: boolean com.google.android.gms.internal.oq.zzpz()
06-09 06:31:12.676 W/dex2oat ( 9234): Method processed more than once: android.content.Context com.google.android.gms.internal.oq.getContext()
06-09 06:31:12.676 W/dex2oat ( 9234): Method processed more than once: void com.google.android.gms.internal.oq.zza(java.lang.String, java.lang.Object)
06-09 06:31:12.676 W/dex2oat ( 9234): Method processed more than once: void com.google.android.gms.internal.oq.zza(java.lang.String, java.lang.Object, java.lang.Object)
06-09 06:31:12.676 W/dex2oat ( 9234): Method processed more than once: void com.google.android.gms.internal.oq.zza(java.lang.String, java.lang.Object, java.lang.Object, java.lang.Object)
06-09 06:31:12.676 W/dex2oat ( 9234): Method processed more than once: void com.google.android.gms.internal.oq.zzb(java.lang.String, java.lang.Object)
06-09 06:31:12.676 W/dex2oat ( 9234): Method processed more than once: void com.google.android.gms.internal.oq.zzb(java.lang.String, java.lang.Object, java.lang.Object)
06-09 06:31:12.676 W/dex2oat ( 9234): Method processed more than once: void com.google.android.gms.internal.oq.zzb(java.lang.String, java.lang.Object, java.lang.Object, java.lang.Object)
06-09 06:31:12.676 W/dex2oat ( 9234): Method processed more than once: void com.google.android.gms.internal.oq.zzc(java.lang.String, java.lang.Object)
06-09 06:31:12.676 W/dex2oat ( 9234): Method processed more than once: void com.google.android.gms.internal.oq.zzc(java.lang.String, java.lang.Object, java.lang.Object)
06-09 06:31:12.676 W/dex2oat ( 9234): Method processed more than once: void com.google.android.gms.internal.oq.zzd(java.lang.String, java.lang.Object)
06-09 06:31:12.676 W/dex2oat ( 9234): Method processed more than once: void com.google.android.gms.internal.oq.zzd(java.lang.String, java.lang.Object, java.lang.Object)
06-09 06:31:12.676 W/dex2oat ( 9234): Method processed more than once: void com.google.android.gms.internal.oq.zzdu(java.lang.String)
06-09 06:31:12.676 W/dex2oat ( 9234): Method processed more than once: void com.google.android.gms.internal.oq.zzdv(java.lang.String)
06-09 06:31:12.676 W/dex2oat ( 9234): Method processed more than once: void com.google.android.gms.internal.oq.zzdw(java.lang.String)
06-09 06:31:12.676 W/dex2oat ( 9234): Method processed more than once: void com.google.android.gms.internal.oq.zzdx(java.lang.String)
06-09 06:31:12.676 W/dex2oat ( 9234): Method processed more than once: void com.google.android.gms.internal.oq.zzdy(java.lang.String)
06-09 06:31:12.676 W/dex2oat ( 9234): Method processed more than once: void com.google.android.gms.internal.oq.zze(java.lang.String, java.lang.Object)
06-09 06:31:12.676 W/dex2oat ( 9234): Method processed more than once: com.google.android.gms.internal.ou com.google.android.gms.internal.oq.zzwr()
