06-09 06:32:57.055 D/ConnectivityService( 1070):  network has: [ Transports: WIFI Capabilities: NOT_METERED&INTERNET&NOT_RESTRICTED&TRUSTED&NOT_VPN&VALIDATED&FOREGROUND LinkUpBandwidth>=1048576Kbps LinkDnBandwidth>=1048576Kbps SignalStrength: -65]
06-09 06:33:00.001 V/AlarmManager( 1070): Triggering alarm #0: 3 when =311329 package =android operation =*alarm*:android.intent.action.TIME_TICK flags =0x1
06-09 06:33:00.037 I/DigitalWidgetViewsFactory( 3145): getCount() return 0 !!!
06-09 06:33:00.038 I/ClockCtrl( 2462):  schedule next: 59962
06-09 06:33:00.038 I/KeyguardUpdateMonitor( 2462): onTimeChanged
06-09 06:33:00.038 D/KeyguardUpdateMonitor( 2462): handleTimeUpdate
06-09 06:33:00.043 I/Clock   ( 2462): onTimeChanged
06-09 06:33:00.044 I/DateView( 2462): onTimeChanged
06-09 06:33:03.103 D/ConnectivityService( 1070): updateNetworkScore for NetworkAgentInfo [WIFI () - 100] to 56
06-09 06:33:03.103 D/ConnectivityService( 1070): rematching NetworkAgentInfo [WIFI () - 100]
06-09 06:33:03.103 D/ConnectivityService( 1070):  network has: [ Transports: WIFI Capabilities: NOT_METERED&INTERNET&NOT_RESTRICTED&TRUSTED&NOT_VPN&VALIDATED&FOREGROUND LinkUpBandwidth>=1048576Kbps LinkDnBandwidth>=1048576Kbps SignalStrength: -65]
06-09 06:33:09.174 D/ConnectivityService( 1070): updateNetworkScore for NetworkAgentInfo [WIFI () - 100] to 60
06-09 06:33:09.175 D/ConnectivityService( 1070): rematching NetworkAgentInfo [WIFI () - 100]
06-09 06:33:09.175 D/ConnectivityService( 1070):  network has: [ Transports: WIFI Capabilities: NOT_METERED&INTERNET&NOT_RESTRICTED&TRUSTED&NOT_VPN&VALIDATED&FOREGROUND LinkUpBandwidth>=1048576Kbps LinkDnBandwidth>=1048576Kbps SignalStrength: -65]
06-09 06:33:14.841 I/ThermalEngine(  934): Monitor : quiet_therm = 34, msm_therm = 35, ufs_therm = -40, battery_therm = 323,current_now = -399000 
06-09 06:33:15.245 D/ConnectivityService( 1070): updateNetworkScore for NetworkAgentInfo [WIFI () - 100] to 56
06-09 06:33:15.245 D/ConnectivityService( 1070): rematching NetworkAgentInfo [WIFI () - 100]
06-09 06:33:15.245 D/ConnectivityService( 1070):  network has: [ Transports: WIFI Capabilities: NOT_METERED&INTERNET&NOT_RESTRICTED&TRUSTED&NOT_VPN&VALIDATED&FOREGROUND LinkUpBandwidth>=1048576Kbps LinkDnBandwidth>=1048576Kbps SignalStrength: -65]
06-09 06:33:18.263 D/ConnectivityService( 1070): updateNetworkScore for NetworkAgentInfo [WIFI () - 100] to 60
06-09 06:33:18.263 D/ConnectivityService( 1070): rematching NetworkAgentInfo [WIFI () - 100]
06-09 06:33:18.264 D/ConnectivityService( 1070):  network has: [ Transports: WIFI Capabilities: NOT_METERED&INTERNET&NOT_RESTRICTED&TRUSTED&NOT_VPN&VALIDATED&FOREGROUND LinkUpBandwidth>=1048576Kbps LinkDnBandwidth>=1048576Kbps SignalStrength: -65]
06-09 06:33:21.295 D/ConnectivityService( 1070): updateNetworkScore for NetworkAgentInfo [WIFI () - 100] to 56
06-09 06:33:21.296 D/ConnectivityService( 1070): rematching NetworkAgentInfo [WIFI () - 100]
06-09 06:33:21.296 D/ConnectivityService( 1070):  network has: [ Transports: WIFI Capabilities: NOT_METERED&INTERNET&NOT_RESTRICTED&TRUSTED&NOT_VPN&VALIDATED&FOREGROUND LinkUpBandwidth>=1048576Kbps LinkDnBandwidth>=1048576Kbps SignalStrength: -65]
06-09 06:33:23.698 D/ClockIconDelegate( 3521): updateClockData hour = 6, newHour = 6, oldHour = 6, minute = 33, newMinute = 33, oldMinute = 28, obj = net.oneplus.launcher.dynamicicon.clock.ClockIconDelegate@a84f379
06-09 06:33:23.698 D/ClockIconDelegate( 3521): DynamicIcon check needInvalidate true, oldHour = 6, newHour = 6, obj = net.oneplus.launcher.dynamicicon.clock.ClockIconDelegate@a84f379
06-09 06:33:23.749 D/ClockIconDelegate( 3521): DynamicIcon check needInvalidate true, oldHour = 6, newHour = 6, obj = net.oneplus.launcher.dynamicicon.clock.ClockIconDelegate@a84f379
06-09 06:33:23.774 D/Launcher( 3521): DynamicIcon doWorkspaceOrFolderIconAnimation be enter
06-09 06:33:23.774 D/Launcher.Workspace( 3521): DynamicIcon Workspace updateCurrentPageDynamicIconState success
06-09 06:33:32.385 I/OHPD    ( 1070): [BgDetect]chkExcessCpu level: 0 doKills: false critical false uptime: 343710
06-09 06:33:32.415 I/OHPD    ( 1070): [BgDetect]chkExcessCpu level: 1 doKills: false critical false uptime: 343743
06-09 06:33:48.388 I/PlayCommon( 4822): [48] com.google.android.play.b.g.f(543): Preparing logs for uploading
06-09 06:33:48.450 I/PlayCommon( 4822): [48] com.google.android.play.b.g.a(792): Connecting to server: https://play.googleapis.com/play/log?format=raw&proto_v2=true
06-09 06:33:48.569 D/ConnectivityService( 1070): updateNetworkScore for NetworkAgentInfo [WIFI () - 100] to 60
06-09 06:33:48.569 D/ConnectivityService( 1070): rematching NetworkAgentInfo [WIFI () - 100]
06-09 06:33:48.569 D/ConnectivityService( 1070):  network has: [ Transports: WIFI Capabilities: NOT_METERED&INTERNET&NOT_RESTRICTED&TRUSTED&NOT_VPN&VALIDATED&FOREGROUND LinkUpBandwidth>=1048576Kbps LinkDnBandwidth>=1048576Kbps SignalStrength: -65]
06-09 06:33:48.647 I/PlayCommon( 4822): [48] com.google.android.play.b.g.a(265): Successfully uploaded logs.
06-09 06:34:00.001 V/AlarmManager( 1070): Triggering alarm #0: 3 when =371329 package =android operation =*alarm*:android.intent.action.TIME_TICK flags =0x1
06-09 06:34:00.051 I/ClockCtrl( 2462):  schedule next: 59949
06-09 06:34:00.051 I/KeyguardUpdateMonitor( 2462): onTimeChanged
06-09 06:34:00.051 D/KeyguardUpdateMonitor( 2462): handleTimeUpdate
06-09 06:34:00.050 I/DigitalWidgetViewsFactory( 3145): getCount() return 0 !!!
06-09 06:34:00.057 I/Clock   ( 2462): onTimeChanged
06-09 06:34:00.057 I/DateView( 2462): onTimeChanged
06-09 06:34:00.070 W/zygote64( 2462): Checksum mismatch for dex OPSystemUI.apk
06-09 06:34:00.070 W/zygote64( 2462): Checksum mismatch for dex OPSystemUI.apk
06-09 06:34:00.188 I/zygote64( 1070): Background concurrent copying GC freed 301519(15MB) AllocSpace objects, 78(3MB) LOS objects, 42% free, 27MB/47MB, paused 972us total 150.872ms
06-09 06:34:01.697 E/JobSchedulerService( 1070): jobid:103
06-09 06:34:01.697 E/JobSchedulerService( 1070): java.lang.IllegalStateException: Same jobid in systemuid.
06-09 06:34:01.697 E/JobSchedulerService( 1070): 	at com.android.server.job.JobSchedulerService.scheduleAsPackage(JobSchedulerService.java:710)
06-09 06:34:01.697 E/JobSchedulerService( 1070): 	at com.android.server.job.JobSchedulerService$JobSchedulerStub.schedule(JobSchedulerService.java:1989)
06-09 06:34:01.697 E/JobSchedulerService( 1070): 	at android.app.job.IJobScheduler$Stub.onTransact(IJobScheduler.java:59)
06-09 06:34:01.697 E/JobSchedulerService( 1070): 	at android.os.Binder.execTransact(Binder.java:714)
06-09 06:34:01.731 V/LogParserJobService( 6276): Start
06-09 06:34:01.753 V/LogParserJobService( 6276): mdm: ring buffer is 3Mb (0b consumed), max entry is 5120b, max payload is 4068b
06-09 06:34:01.755 V/LogParserJobService( 6276): start getMDMLog
06-09 06:34:01.773 V/LogParserJobService( 6276): end getMDMLog:18
06-09 06:34:01.775 V/LogParserJobService( 6276): no task, close service
06-09 06:34:01.776 V/LogParserJobService( 6276): Finish service
06-09 06:34:02.854 V/AlarmManager( 1070): Triggering alarm #0: 2 when =297446 package =android operation = null listenTag =WifiConnectivityManager Schedule Periodic Scan Timer flags =0x8
06-09 06:34:02.855 V/AlarmManager( 1070): Triggering alarm #1: 2 when =306540 package =com.google.android.gms operation =*walarm*:com.google.android.gms.gcm.ACTION_CHECK_QUEUE flags =0x0
06-09 06:34:02.855 V/AlarmManager( 1070): Triggering alarm #2: 2 when =313362 package =com.whatsapp operation =*walarm*:com.whatsapp.MessageHandler.CLIENT_PINGER_ACTION flags =0x0
06-09 06:34:02.855 V/AlarmManager( 1070): Triggering alarm #3: 3 when =365843 package =com.google.android.gms operation =*alarm*:com.google.android.gms/.lockbox.LockboxAlarmReceiver flags =0x0
06-09 06:34:02.855 V/AlarmManager( 1070): Triggering alarm #4: 2 when =374181 package =com.instagram.android operation =*walarm*:action_batch_upload flags =0x0
06-09 06:34:02.937 I/AsyncOpDispatcher( 3263): 35-GetDeviceDataUploadOptInStatusOperation
06-09 06:34:02.954 I/AsyncOpDispatcher( 3263): 35-GetDeviceDataUploadOptInStatusOperation
06-09 06:34:02.981 E/NetworkScheduler.TED( 3263): Couldn't start service: Intent { act=com.google.android.gms.gcm.ACTION_TASK_READY cmp=com.transloc.android.rider/com.firebase.jobdispatcher.GooglePlayReceiver (has extras) }
06-09 06:34:02.982 E/NetworkScheduler( 3263): Unknown result code received: 4
06-09 06:34:02.983 I/AsyncOpDispatcher( 3263): 51-GetConfigurationSnapshotOperationCall
06-09 06:34:02.991 I/AsyncOpDispatcher( 3263): 51-CommitToConfigurationOperationCall
06-09 06:34:03.031 E/NetworkScheduler.TED( 3263): Couldn't start service: Intent { act=com.google.android.gms.gcm.ACTION_TASK_READY cmp=net.one97.paytm/com.firebase.jobdispatcher.GooglePlayReceiver (has extras) }
06-09 06:34:03.031 E/NetworkScheduler( 3263): Unknown result code received: 4
06-09 06:34:03.038 E/NetworkScheduler.TED( 3263): Couldn't start service: Intent { act=com.google.android.gms.gcm.ACTION_TASK_READY cmp=net.one97.paytm/com.firebase.jobdispatcher.GooglePlayReceiver (has extras) }
06-09 06:34:03.057 E/NetworkScheduler( 3263): Unknown result code received: 4
06-09 06:34:03.697 D/ConnectivityService( 1070): notifyType CALLBACK_CAP_CHANGED for NetworkAgentInfo [WIFI () - 100]
06-09 06:34:03.697 D/ConnectivityService( 1070):  sending notification for NetworkRequest [ REQUEST id=1, [ Capabilities: INTERNET&NOT_RESTRICTED&TRUSTED&NOT_VPN] ]
06-09 06:34:03.697 D/ConnectivityService( 1070):  sending notification for NetworkRequest [ TRACK_DEFAULT id=3, [ Capabilities: INTERNET&NOT_RESTRICTED&TRUSTED&NOT_VPN] ]
06-09 06:34:03.698 D/ConnectivityService( 1070):  sending notification for NetworkRequest [ LISTEN id=4, [ Capabilities: NOT_RESTRICTED&TRUSTED&NOT_VPN] ]
06-09 06:34:03.698 D/ConnectivityService( 1070):  sending notification for NetworkRequest [ LISTEN id=5, [ Transports: CELLULAR|WIFI Capabilities: NOT_RESTRICTED&TRUSTED&NOT_VPN] ]
06-09 06:34:03.698 D/ConnectivityService( 1070):  sending notification for NetworkRequest [ TRACK_DEFAULT id=6, [ Capabilities: INTERNET&NOT_RESTRICTED&TRUSTED&NOT_VPN] ]
06-09 06:34:03.698 D/ConnectivityService( 1070):  sending notification for NetworkRequest [ LISTEN id=7, [ Transports: WIFI Capabilities: INTERNET&NOT_RESTRICTED&TRUSTED&NOT_VPN] ]
06-09 06:34:03.699 D/ConnectivityService( 1070):  sending notification for NetworkRequest [ TRACK_DEFAULT id=9, [ Capabilities: INTERNET&NOT_RESTRICTED&TRUSTED&NOT_VPN] ]
06-09 06:34:03.699 D/ConnectivityService( 1070):  sending notification for NetworkRequest [ LISTEN id=10, [] ]
06-09 06:34:03.700 D/ConnectivityService( 1070):  sending notification for NetworkRequest [ LISTEN id=11, [ Capabilities: INTERNET&NOT_RESTRICTED&TRUSTED&NOT_VPN] ]
06-09 06:34:03.700 D/ConnectivityService( 1070):  sending notification for NetworkRequest [ LISTEN id=12, [ Capabilities: INTERNET&NOT_RESTRICTED&TRUSTED] ]
06-09 06:34:03.701 D/ConnectivityService( 1070):  sending notification for NetworkRequest [ LISTEN id=15, [ Capabilities: INTERNET&NOT_RESTRICTED&TRUSTED&FOREGROUND] ]
06-09 06:34:03.701 D/ConnectivityService( 1070):  sending notification for NetworkRequest [ LISTEN id=16, [ Capabilities: INTERNET&NOT_RESTRICTED&TRUSTED&NOT_VPN&FOREGROUND] ]
06-09 06:34:03.702 D/ConnectivityService( 1070):  sending notification for NetworkRequest [ LISTEN id=19, [ Capabilities: INTERNET&NOT_RESTRICTED&TRUSTED&FOREGROUND] ]
06-09 06:34:03.703 D/ConnectivityService( 1070):  sending notification for NetworkRequest [ LISTEN id=24, [ Capabilities: INTERNET&NOT_RESTRICTED&TRUSTED&FOREGROUND] ]
06-09 06:34:03.703 D/ConnectivityService( 1070):  sending notification for NetworkRequest [ LISTEN id=25, [ Capabilities: INTERNET&NOT_RESTRICTED&TRUSTED&FOREGROUND] ]
06-09 06:34:03.704 D/ConnectivityService( 1070):  sending notification for NetworkRequest [ LISTEN id=26, [ Capabilities: INTERNET&NOT_RESTRICTED&TRUSTED&FOREGROUND] ]
06-09 06:34:06.722 D/ConnectivityService( 1070): notifyType CALLBACK_CAP_CHANGED for NetworkAgentInfo [WIFI () - 100]
06-09 06:34:06.722 D/ConnectivityService( 1070):  sending notification for NetworkRequest [ REQUEST id=1, [ Capabilities: INTERNET&NOT_RESTRICTED&TRUSTED&NOT_VPN] ]
06-09 06:34:06.722 D/ConnectivityService( 1070):  sending notification for NetworkRequest [ TRACK_DEFAULT id=3, [ Capabilities: INTERNET&NOT_RESTRICTED&TRUSTED&NOT_VPN] ]
06-09 06:34:06.723 D/ConnectivityService( 1070):  sending notification for NetworkRequest [ LISTEN id=4, [ Capabilities: NOT_RESTRICTED&TRUSTED&NOT_VPN] ]
06-09 06:34:06.723 D/ConnectivityService( 1070):  sending notification for NetworkRequest [ LISTEN id=5, [ Transports: CELLULAR|WIFI Capabilities: NOT_RESTRICTED&TRUSTED&NOT_VPN] ]
06-09 06:34:06.723 D/ConnectivityService( 1070):  sending notification for NetworkRequest [ TRACK_DEFAULT id=6, [ Capabilities: INTERNET&NOT_RESTRICTED&TRUSTED&NOT_VPN] ]
06-09 06:34:06.723 D/ConnectivityService( 1070):  sending notification for NetworkRequest [ LISTEN id=7, [ Transports: WIFI Capabilities: INTERNET&NOT_RESTRICTED&TRUSTED&NOT_VPN] ]
06-09 06:34:06.724 D/ConnectivityService( 1070):  sending notification for NetworkRequest [ TRACK_DEFAULT id=9, [ Capabilities: INTERNET&NOT_RESTRICTED&TRUSTED&NOT_VPN] ]
06-09 06:34:06.724 D/ConnectivityService( 1070):  sending notification for NetworkRequest [ LISTEN id=10, [] ]
06-09 06:34:06.725 D/ConnectivityService( 1070):  sending notification for NetworkRequest [ LISTEN id=11, [ Capabilities: INTERNET&NOT_RESTRICTED&TRUSTED&NOT_VPN] ]
06-09 06:34:06.725 D/ConnectivityService( 1070):  sending notification for NetworkRequest [ LISTEN id=12, [ Capabilities: INTERNET&NOT_RESTRICTED&TRUSTED] ]
06-09 06:34:06.725 D/ConnectivityService( 1070):  sending notification for NetworkRequest [ LISTEN id=15, [ Capabilities: INTERNET&NOT_RESTRICTED&TRUSTED&FOREGROUND] ]
06-09 06:34:06.726 D/ConnectivityService( 1070):  sending notification for NetworkRequest [ LISTEN id=16, [ Capabilities: INTERNET&NOT_RESTRICTED&TRUSTED&NOT_VPN&FOREGROUND] ]
06-09 06:34:06.726 D/ConnectivityService( 1070):  sending notification for NetworkRequest [ LISTEN id=19, [ Capabilities: INTERNET&NOT_RESTRICTED&TRUSTED&FOREGROUND] ]
06-09 06:34:06.727 D/ConnectivityService( 1070):  sending notification for NetworkRequest [ LISTEN id=24, [ Capabilities: INTERNET&NOT_RESTRICTED&TRUSTED&FOREGROUND] ]
06-09 06:34:06.727 D/ConnectivityService( 1070):  sending notification for NetworkRequest [ LISTEN id=25, [ Capabilities: INTERNET&NOT_RESTRICTED&TRUSTED&FOREGROUND] ]
06-09 06:34:06.728 D/ConnectivityService( 1070):  sending notification for NetworkRequest [ LISTEN id=26, [ Capabilities: INTERNET&NOT_RESTRICTED&TRUSTED&FOREGROUND] ]
06-09 06:34:07.260 D/WificondControl( 1070): Scan result ready event
06-09 06:34:07.272 I/LOWI-8.5.0.3.a( 1084): [LOWI-Scan] lowi_close_record:Scan completed in 341347ms and Recieved 19 APs scan results
06-09 06:34:07.273 I/LOWI-8.5.0.3.a( 1084): [LOWIUtils] responseToOutPostcard - TO: FreeWifiScanObserver, FROM:   LOWI-SERVER, RESP:  LOWI_ASYNC_DISCOVERY_SCAN_RESULTS
06-09 06:34:07.275 D/WifiPermissionsUtil( 1070): Denied: no location permission
06-09 06:34:07.277 D/WifiPermissionsUtil( 1070): Denied: no location permission
06-09 06:34:07.278 W/IzatSvc_Wiper(  803): Num of elements returned by LOWI 19
06-09 06:34:07.280 W/ctxmgr  ( 3263): [AclManager]No 2 for (accnt=account#-517948760#, com.google.android.gms(10015):IndoorOutdoorProducer, vrsn=12685000, 0, 3pPkg = null ,  3pMdlId = null ,  pid = 3263). Was: 3 for 57, account#-517948760#
06-09 06:34:09.764 D/ConnectivityService( 1070): updateNetworkScore for NetworkAgentInfo [WIFI () - 100] to 56
06-09 06:34:09.764 D/ConnectivityService( 1070): rematching NetworkAgentInfo [WIFI () - 100]
06-09 06:34:09.765 D/ConnectivityService( 1070):  network has: [ Transports: WIFI Capabilities: NOT_METERED&INTERNET&NOT_RESTRICTED&TRUSTED&NOT_VPN&VALIDATED&FOREGROUND LinkUpBandwidth>=1048576Kbps LinkDnBandwidth>=1048576Kbps SignalStrength: -66]
06-09 06:34:13.054 I/PlayCommon( 4822): [109] com.google.android.play.b.g.f(543): Preparing logs for uploading
06-09 06:34:13.061 W/PlayCommon( 4822): [109] com.google.android.play.b.g.a(214): No account for auth token provided
06-09 06:34:13.061 I/PlayCommon( 4822): [109] com.google.android.play.b.g.a(792): Connecting to server: https://play.googleapis.com/play/log?format=raw&proto_v2=true
06-09 06:34:13.066 D/NativeCrypto( 4822): jniThrowException: java/net/SocketTimeoutException: Read timed out
06-09 06:34:13.139 I/PlayCommon( 4822): [109] com.google.android.play.b.g.a(265): Successfully uploaded logs.
06-09 06:34:14.862 I/ThermalEngine(  934): Monitor : quiet_therm = 34, msm_therm = 35, ufs_therm = -40, battery_therm = 321,current_now = -398000 
06-09 06:34:23.757 D/ClockIconDelegate( 3521): updateClockData hour = 6, newHour = 6, oldHour = 6, minute = 34, newMinute = 34, oldMinute = 28, obj = net.oneplus.launcher.dynamicicon.clock.ClockIconDelegate@a84f379
06-09 06:34:23.757 D/ClockIconDelegate( 3521): DynamicIcon check needInvalidate true, oldHour = 6, newHour = 6, obj = net.oneplus.launcher.dynamicicon.clock.ClockIconDelegate@a84f379
06-09 06:34:23.820 D/ClockIconDelegate( 3521): DynamicIcon check needInvalidate true, oldHour = 6, newHour = 6, obj = net.oneplus.launcher.dynamicicon.clock.ClockIconDelegate@a84f379
06-09 06:34:23.852 D/Launcher( 3521): DynamicIcon doWorkspaceOrFolderIconAnimation be enter
06-09 06:34:23.852 D/Launcher.Workspace( 3521): DynamicIcon Workspace updateCurrentPageDynamicIconState success
06-09 06:34:26.494 W/GCoreFlp( 3263): No location to return for getLastLocation()
06-09 06:34:31.108 I/PlayCommon( 8755): [175] com.google.android.play.b.g.f(543): Preparing logs for uploading
06-09 06:34:31.143 I/PlayCommon( 8755): [175] com.google.android.play.b.x.a(45): Connecting to server for timestamp: https://play.googleapis.com/play/log/timestamp
06-09 06:34:31.151 D/NetworkSecurityConfig( 8755): No Network Security Config specified, using platform default
06-09 06:34:31.157 I/DpmTcmClient( 8755): RegisterTcmMonitor from: com.android.okhttp.TcmIdleTimerMonitor
06-09 06:34:31.162 I/DpmTcmClient( 8755): RegisterTcmMonitor from: com.android.okhttp.TcmIdleTimerMonitor
06-09 06:34:31.372 W/PlayCommon( 8755): [175] com.google.android.play.b.g.a(214): No account for auth token provided
06-09 06:34:31.373 I/PlayCommon( 8755): [175] com.google.android.play.b.g.a(792): Connecting to server: https://play.googleapis.com/play/log?format=raw&proto_v2=true
06-09 06:34:31.376 D/NativeCrypto( 8755): jniThrowException: java/net/SocketTimeoutException: Read timed out
06-09 06:34:31.422 I/PlayCommon( 8755): [175] com.google.android.play.b.g.a(265): Successfully uploaded logs.
06-09 06:34:34.027 D/ConnectivityService( 1070): updateNetworkScore for NetworkAgentInfo [WIFI () - 100] to 60
06-09 06:34:34.027 D/ConnectivityService( 1070): rematching NetworkAgentInfo [WIFI () - 100]
06-09 06:34:34.027 D/ConnectivityService( 1070):  network has: [ Transports: WIFI Capabilities: NOT_METERED&INTERNET&NOT_RESTRICTED&TRUSTED&NOT_VPN&VALIDATED&FOREGROUND LinkUpBandwidth>=1048576Kbps LinkDnBandwidth>=1048576Kbps SignalStrength: -66]
06-09 06:34:40.096 D/ConnectivityService( 1070): updateNetworkScore for NetworkAgentInfo [WIFI () - 100] to 56
06-09 06:34:40.096 D/ConnectivityService( 1070): rematching NetworkAgentInfo [WIFI () - 100]
06-09 06:34:40.096 D/ConnectivityService( 1070):  network has: [ Transports: WIFI Capabilities: NOT_METERED&INTERNET&NOT_RESTRICTED&TRUSTED&NOT_VPN&VALIDATED&FOREGROUND LinkUpBandwidth>=1048576Kbps LinkDnBandwidth>=1048576Kbps SignalStrength: -66]
06-09 06:35:00.000 I/ClockCtrl( 2462):  schedule next: 60000
06-09 06:35:00.000 V/AlarmManager( 1070): Triggering alarm #0: 3 when =431329 package =android operation =*alarm*:android.intent.action.TIME_TICK flags =0x1
06-09 06:35:00.000 I/KeyguardUpdateMonitor( 2462): onTimeChanged
06-09 06:35:00.001 D/KeyguardUpdateMonitor( 2462): handleTimeUpdate
06-09 06:35:00.008 I/Clock   ( 2462): onTimeChanged
06-09 06:35:00.011 I/DateView( 2462): onTimeChanged
06-09 06:35:00.035 I/DigitalWidgetViewsFactory( 3145): getCount() return 0 !!!
06-09 06:35:02.092 I/zygote64( 2462): Do full code cache collection, code=503KB, data=310KB
06-09 06:35:02.094 I/zygote64( 2462): After code cache collection, code=426KB, data=247KB
06-09 06:35:02.963 V/AlarmManager( 1070): Triggering alarm #0: 2 when =424858 package =android operation = null listenTag =*job.deadline* flags =0x0
06-09 06:35:02.963 V/AlarmManager( 1070): Triggering alarm #1: 3 when =434292 package =com.google.android.gms operation =*alarm*:com.google.android.gms/.lockbox.LockboxAlarmReceiver flags =0x0
06-09 06:35:02.995 I/BgTaskExecutorImpl( 3757): Starting EXCLUSIVE background task offline_pages_custom_tabs_sync.
06-09 06:35:03.003 W/SearchServiceCore( 3757): Abort, client detached.
06-09 06:35:03.040 I/AsyncOpDispatcher( 3263): 35-GetDeviceDataUploadOptInStatusOperation
06-09 06:35:07.386 D/ConnectivityService( 1070): updateNetworkScore for NetworkAgentInfo [WIFI () - 100] to 60
06-09 06:35:07.387 D/ConnectivityService( 1070): rematching NetworkAgentInfo [WIFI () - 100]
06-09 06:35:07.387 D/ConnectivityService( 1070):  network has: [ Transports: WIFI Capabilities: NOT_METERED&INTERNET&NOT_RESTRICTED&TRUSTED&NOT_VPN&VALIDATED&FOREGROUND LinkUpBandwidth>=1048576Kbps LinkDnBandwidth>=1048576Kbps SignalStrength: -66]
06-09 06:35:07.965 V/AlarmManager( 1070): Triggering alarm #0: 2 when =436792 package =android operation = null listenTag =*job.deadline* flags =0x0
06-09 06:35:08.006 I/ActivityManager( 1070): Start proc 9484:com.twitter.android/u0a160 for service com.twitter.android/com.evernote.android.job.v21.PlatformJobService
06-09 06:35:03.056 I/AsyncOpDispatcher( 3263): 35-GetDeviceDataUploadOptInStatusOperation
06-09 06:35:08.041 I/zygote64( 9484): The ClassLoaderContext is a special shared library.
06-09 06:35:08.108 I/MultiDex( 9484): VM with version 2.1.0 has multidex support
06-09 06:35:08.108 I/MultiDex( 9484): Installing application
06-09 06:35:08.108 I/MultiDex( 9484): VM has multidex support, MultiDex support library is disabled.
06-09 06:35:08.114 D/FirebaseApp( 9484): com.google.firebase.auth.FirebaseAuth is not linked. Skipping initialization.
06-09 06:35:08.119 D/FirebaseApp( 9484): com.google.firebase.crash.FirebaseCrash is not linked. Skipping initialization.
06-09 06:35:08.121 I/FirebaseInitProvider( 9484): FirebaseApp initialization successful
06-09 06:35:08.152 D/ActivityManager( 1070): # addPackageDependency # packageName=com.android.chrome -> proc: ProcessRecord{c79d23b 9484:com.twitter.android/u0a160}
06-09 06:35:08.156 I/FA      ( 9484): Collection disabled with firebase_analytics_collection_deactivated=1
06-09 06:35:08.157 I/FA      ( 9484): App measurement is starting up, version: 12211
06-09 06:35:08.157 I/FA      ( 9484): To enable debug logging run: adb shell setprop log.tag.FA VERBOSE
06-09 06:35:08.158 I/FA      ( 9484): To enable faster debug mode event logging run:
06-09 06:35:08.158 I/FA      ( 9484):   adb shell setprop debug.firebase.analytics.app com.twitter.android
06-09 06:35:08.159 I/WebViewFactory( 9484): Loading com.android.chrome version 66.0.3359.158 (code 335915852)
06-09 06:35:08.161 D/ActivityManager( 1070): # addPackageDependency # packageName=com.android.chrome -> proc: ProcessRecord{c79d23b 9484:com.twitter.android/u0a160}
06-09 06:35:08.234 I/cr_LibraryLoader( 9484): Time to load native libraries: 6 ms (timestamps 9556-9562)
06-09 06:35:08.249 I/chromium( 9484): [INFO:library_loader_hooks.cc(36)] Chromium logging enabled: level = 0, default verbosity = 0
06-09 06:35:08.250 I/cr_LibraryLoader( 9484): Expected native library version number "66.0.3359.158", actual native library version number "66.0.3359.158"
06-09 06:35:08.264 W/cr_ChildProcLH( 9484): Create a new ChildConnectionAllocator with package name = com.android.chrome, sandboxed = true
06-09 06:35:08.276 I/cr_BrowserStartup( 9484): Initializing chromium process, singleProcess=false
06-09 06:35:08.277 E//system/bin/webview_zygote32( 9509): Failed to make and chown /acct/uid_99004: Permission denied
06-09 06:35:08.277 I/cr_base ( 9484): Android Locale: en_IN requires .pak files: [en-GB.pak, en-US.pak]
06-09 06:35:08.277 E/Zygote  ( 9509): createProcessGroup(99004, 0) failed: Permission denied
06-09 06:35:08.281 W//system/bin/webview_zygote32( 9509): Using default instruction set features for ARM CPU variant (cortex-a9) using conservative defaults
06-09 06:35:08.281 I/ActivityManager( 1070): Start proc 9509:com.android.chrome:sandboxed_process0/u0i4 for webview_service com.twitter.android/org.chromium.content.app.SandboxedProcessService0
06-09 06:35:08.308 W/Zygote  ( 9531): child_detach_binder close binder 
06-09 06:35:08.321 E/asset   ( 9531): setgid: Operation not permitted
06-09 06:35:08.334 D/ConnectivityService( 1070): listenForNetwork for uid/pid:10160/9484 NetworkRequest [ LISTEN id=27, [ Capabilities: INTERNET&NOT_RESTRICTED&TRUSTED&FOREGROUND] ]
06-09 06:35:08.334 D/ConnectivityService( 1070): rematching NetworkAgentInfo [WIFI () - 100]
06-09 06:35:08.335 D/ConnectivityService( 1070):  network has: [ Transports: WIFI Capabilities: NOT_METERED&INTERNET&NOT_RESTRICTED&TRUSTED&NOT_VPN&VALIDATED&FOREGROUND LinkUpBandwidth>=1048576Kbps LinkDnBandwidth>=1048576Kbps SignalStrength: -66]
06-09 06:35:08.364 I//system/bin/webview_zygote32( 9509): The ClassLoaderContext is a special shared library.
06-09 06:35:08.379 I/cr_ChildProcessService( 9509): Creating new ChildProcessService pid=9509
06-09 06:35:08.437 D/libcrashlytics( 9484): Initializing libcrashlytics version 1.1.5
06-09 06:35:08.437 D/libcrashlytics( 9484): Attempting to load unwinder...
06-09 06:35:08.444 D/libcrashlytics( 9484): Done; using libunwind
06-09 06:35:08.445 D/libcrashlytics( 9484): Attempting to register signal handler...
06-09 06:35:08.445 D/libcrashlytics( 9484): Signal handler registered.
06-09 06:35:08.445 D/libcrashlytics( 9484): Initializing native crash handling successful.
06-09 06:35:08.447 I/CrashlyticsCore( 9484): Initializing Crashlytics 2.3.17.dev
06-09 06:35:08.593 D/ConnectivityService( 1070): listenForNetwork for uid/pid:10160/9484 NetworkRequest [ LISTEN id=28, [ Capabilities: INTERNET&NOT_RESTRICTED&TRUSTED&FOREGROUND] ]
06-09 06:35:08.594 D/ConnectivityService( 1070): rematching NetworkAgentInfo [WIFI () - 100]
06-09 06:35:08.594 D/ConnectivityService( 1070):  network has: [ Transports: WIFI Capabilities: NOT_METERED&INTERNET&NOT_RESTRICTED&TRUSTED&NOT_VPN&VALIDATED&FOREGROUND LinkUpBandwidth>=1048576Kbps LinkDnBandwidth>=1048576Kbps SignalStrength: -66]
06-09 06:35:08.607 I/AsyncOpDispatcher( 3553): 45-vappsprompt
06-09 06:35:08.642 D/ActivityManager( 1070): # addPackageDependency # packageName=com.google.android.gms -> proc: ProcessRecord{c79d23b 9484:com.twitter.android/u0a160}
06-09 06:35:08.645 I/zygote64( 9484): The ClassLoaderContext is a special shared library.
06-09 06:35:08.646 I/zygote64( 9484): The ClassLoaderContext is a special shared library.
06-09 06:35:08.665 W/linker  ( 9484): "/data/app/com.google.android.gms-hjYDvTomF82QjHe4Ups5hQ==/lib/arm64/libconscrypt_gmscore_jni.so" unused DT entry: type 0xf arg 0x8a
06-09 06:35:08.666 V/NativeCrypto( 9484): Registering com/google/android/gms/org/conscrypt/NativeCrypto's 280 native methods...
06-09 06:35:08.680 D/NetworkSecurityConfig( 9484): No Network Security Config specified, using platform default
06-09 06:35:08.681 I/ProviderInstaller( 9484): Installed default security provider GmsCore_OpenSSL
06-09 06:35:08.773 W/Parcel  ( 9484): **** enforceInterface() expected 'android.content.ISyncAdapter' but read 'android.app.job.IJobService'
06-09 06:35:08.774 W/Binder  ( 9484): Binder call failed.
06-09 06:35:08.774 W/Binder  ( 9484): java.lang.SecurityException: Binder invocation to an incorrect interface
06-09 06:35:08.774 W/Binder  ( 9484): 	at android.os.Parcel.nativeEnforceInterface(Native Method)
06-09 06:35:08.774 W/Binder  ( 9484): 	at android.os.Parcel.enforceInterface(Parcel.java:581)
06-09 06:35:08.774 W/Binder  ( 9484): 	at android.content.ISyncAdapter$Stub.onTransact(ISyncAdapter.java:51)
06-09 06:35:08.774 W/Binder  ( 9484): 	at android.os.Binder.execTransact(Binder.java:714)
06-09 06:35:08.783 D/PlatformJobService( 9484): Run job, request{id=3895, tag=ScribeFlushJob}, waited 00:06:03, start 00:01:00, end 00:06:00
06-09 06:35:08.787 D/ConnectivityService( 1070): releasing NetworkRequest [ LISTEN id=27, [ Capabilities: INTERNET&NOT_RESTRICTED&TRUSTED&FOREGROUND] ] (release request)
06-09 06:35:08.849 I/JobExecutor( 9484): Executing request{id=3895, tag=ScribeFlushJob}, context PlatformJobService
06-09 06:35:08.852 W/Job     ( 9484): Job requires network to be CONNECTED, but was ANY
06-09 06:35:08.852 I/JobExecutor( 9484): Finished job{id=3895, finished=true, result=RESCHEDULE, canceled=false, periodic=false, class=r, tag=ScribeFlushJob}
06-09 06:35:08.872 D/JobProxy21( 9484): Schedule one-off jobInfo success, request{id=3896, tag=ScribeFlushJob}, start 00:02:00, end 00:07:00
06-09 06:35:08.873 D/PlatformJobService( 9484): Finished job, request{id=3895, tag=ScribeFlushJob} RESCHEDULE
06-09 06:35:13.102 I/zygote64( 9484): Waiting for a blocking GC ProfileSaver
06-09 06:35:13.227 I/zygote64( 9484): WaitForGcToComplete blocked ProfileSaver on AddRemoveAppImageSpace for 125.635ms
06-09 06:35:13.249 I/zygote64( 5274): Waiting for a blocking GC ProfileSaver
06-09 06:35:13.291 I/zygote64( 5274): WaitForGcToComplete blocked ProfileSaver on HeapTrim for 42.239ms
06-09 06:35:14.879 I/ThermalEngine(  934): Monitor : quiet_therm = 34, msm_therm = 35, ufs_therm = -40, battery_therm = 318,current_now = -397000 
06-09 06:35:16.483 D/ConnectivityService( 1070): updateNetworkScore for NetworkAgentInfo [WIFI () - 100] to 56
06-09 06:35:16.483 D/ConnectivityService( 1070): rematching NetworkAgentInfo [WIFI () - 100]
06-09 06:35:16.483 D/ConnectivityService( 1070):  network has: [ Transports: WIFI Capabilities: NOT_METERED&INTERNET&NOT_RESTRICTED&TRUSTED&NOT_VPN&VALIDATED&FOREGROUND LinkUpBandwidth>=1048576Kbps LinkDnBandwidth>=1048576Kbps SignalStrength: -66]
06-09 06:35:16.777 W/JobServiceContext( 1070): No response from client for onStartJob 736432 #u0a160/1003 com.twitter.android/com.twitter.library.platform.TwitterDataSyncService
06-09 06:35:16.787 I/ActivityManager( 1070): Killing 8224:com.astrology.englishcalendarpanchang/u0a213 (adj 906): empty #17
06-09 06:35:16.821 I/ActivityManager( 1070): Killing 7023:com.google.android.inputmethod.latin/u0a69 (adj 906): empty #18
06-09 06:35:16.822 W/zygote64( 1070): kill(-8224, 9) failed: No such process
06-09 06:35:16.829 I/chatty  ( 1070): uid=1000(system) ActivityManager identical 1 line
06-09 06:35:16.834 W/zygote64( 1070): kill(-8224, 9) failed: No such process
06-09 06:35:16.839 D/EmbryoManager( 1070): prepare com.astrology.englishcalendarpanchang user 0
06-09 06:35:16.839 D/ActivityManager( 1070): Process com.astrology.englishcalendarpanchang has 0 services
06-09 06:35:16.840 W/zygote64( 1070): kill(-8224, 9) failed: No such process
06-09 06:35:16.840 I/zygote64( 1070): Successfully killed process cgroup uid 10213 pid 8224 in 18ms
06-09 06:35:16.840 W/zygote64( 1070): kill(-7023, 9) failed: No such process
06-09 06:35:16.846 W/zygote64( 1070): kill(-7023, 9) failed: No such process
06-09 06:35:16.850 W/zygote64( 2462): Checksum mismatch for dex OPSystemUI.apk
06-09 06:35:16.850 W/zygote64( 2462): Checksum mismatch for dex OPSystemUI.apk
06-09 06:35:16.851 W/zygote64( 1070): kill(-7023, 9) failed: No such process
06-09 06:35:16.857 D/ActivityManager( 1070): Process com.google.android.inputmethod.latin has 0 services
06-09 06:35:16.857 W/zygote64( 1070): kill(-7023, 9) failed: No such process
06-09 06:35:16.857 I/zygote64( 1070): Successfully killed process cgroup uid 10069 pid 7023 in 16ms
06-09 06:35:18.512 D/JobManager( 9484): Reschedule 0 jobs of 5 jobs
06-09 06:35:19.878 I/ActivityManager( 1070): Start proc 9620:com.astrology.englishcalendarpanchang/u0a213 for embryo com.astrology.englishcalendarpanchang
06-09 06:35:19.879 D/Embryo_Uterus( 1070): Embryo created.com.astrology.englishcalendarpanchang, pid=9620
06-09 06:35:19.909 D/EmbryoManager( 1070): Embryo attached, pid=9620
06-09 06:35:19.916 I/zygote64( 9620): The ClassLoaderContext is a special shared library.
06-09 06:35:20.043 D/Embryo  ( 9620): preload com.astrology.englishcalendarpanchang, 99ms, hwui=true, layout=true, decor=false
06-09 06:35:20.044 D/Embryo_Uterus( 1070): get preload status from 9620, success=true
06-09 06:35:23.818 D/ClockIconDelegate( 3521): updateClockData hour = 6, newHour = 6, oldHour = 6, minute = 35, newMinute = 35, oldMinute = 28, obj = net.oneplus.launcher.dynamicicon.clock.ClockIconDelegate@a84f379
06-09 06:35:23.819 D/ClockIconDelegate( 3521): DynamicIcon check needInvalidate true, oldHour = 6, newHour = 6, obj = net.oneplus.launcher.dynamicicon.clock.ClockIconDelegate@a84f379
06-09 06:35:23.872 D/ClockIconDelegate( 3521): DynamicIcon check needInvalidate true, oldHour = 6, newHour = 6, obj = net.oneplus.launcher.dynamicicon.clock.ClockIconDelegate@a84f379
06-09 06:35:23.882 D/Launcher( 3521): DynamicIcon doWorkspaceOrFolderIconAnimation be enter
06-09 06:35:23.882 D/Launcher.Workspace( 3521): DynamicIcon Workspace updateCurrentPageDynamicIconState success
06-09 06:35:29.919 D/Embryo_Uterus( 1070): trim size=33
06-09 06:35:29.920 D/Embryo_Uterus( 1070): >>> trim start 33
06-09 06:35:29.920 D/Embryo_Uterus( 1070): rank:0, com.astrology.englishcalendarpanchang, 0
06-09 06:35:29.921 D/Embryo_Uterus( 1070): rank:1, com.twitter.android, 1
06-09 06:35:29.921 D/Embryo_Uterus( 1070): rank:2, uk.co.nickfines.RealCalc, 884
06-09 06:35:29.921 D/Embryo_Uterus( 1070): rank:3, com.google.android.music, 923
06-09 06:35:29.921 D/Embryo_Uterus( 1070): rank:4, com.google.android.apps.docs.editors.docs, 1482
06-09 06:35:29.921 D/Embryo_Uterus( 1070): rank:5, com.duosecurity.duomobile, 1795
06-09 06:35:29.921 D/Embryo_Uterus( 1070): rank:6, com.oneplus.filemanager, 1965
06-09 06:35:29.921 D/Embryo_Uterus( 1070): rank:7, com.indeed.android.jobsearch, 2004
06-09 06:35:29.921 D/Embryo_Uterus( 1070): rank:8, com.amazon.mShop.android.shopping, 2032
06-09 06:35:29.921 D/Embryo_Uterus( 1070): rank:9, com.instructure.candroid, 2317
06-09 06:35:29.921 D/Embryo_Uterus( 1070): rank:10, com.snapwork.hdfc, 2441
06-09 06:35:29.921 D/Embryo_Uterus( 1070): rank:11, com.oneplus.calculator, 4109
06-09 06:35:29.921 D/Embryo_Uterus( 1070): rank:12, com.google.android.apps.docs, 5186
06-09 06:35:29.921 D/Embryo_Uterus( 1070): rank:13, com.yahoo.mobile.client.android.mail, 5261
06-09 06:35:29.921 D/Embryo_Uterus( 1070): rank:14, com.infonow.bofa, 5976
06-09 06:35:29.921 D/Embryo_Uterus( 1070): rank:15, com.adobe.reader, 6437
06-09 06:35:29.921 D/Embryo_Uterus( 1070): rank:16, com.quora.android, 6883
06-09 06:35:29.921 D/Embryo_Uterus( 1070): rank:17, com.flipkart.android, 7314
06-09 06:35:29.921 D/Embryo_Uterus( 1070): rank:18, com.kronos.mobile.android, 7402
06-09 06:35:29.921 D/Embryo_Uterus( 1070): rank:19, com.walmart.android, 12638
06-09 06:35:29.921 D/Embryo_Uterus( 1070): rank:20, com.oneplus.camera, 14784
06-09 06:35:29.921 D/Embryo_Uterus( 1070): rank:21, com.lbe.parallel.intl, 16413
06-09 06:35:29.921 D/Embryo_Uterus( 1070): rank:22, com.Splitwise.SplitwiseMobile, 17202
06-09 06:35:29.922 D/Embryo_Uterus( 1070): rank:23, com.android.mms, 21403
06-09 06:35:29.922 D/Embryo_Uterus( 1070): rank:24, com.socialnmobile.dictapps.notepad.color.note, 21685
06-09 06:35:29.922 D/Embryo_Uterus( 1070): rank:25, com.accuweather.android, 22461
06-09 06:35:29.922 D/Embryo_Uterus( 1070): rank:26, edu.clemson.my, 44224
06-09 06:35:29.922 D/Embryo_Uterus( 1070): rank:27, com.google.android.apps.maps, 47073
06-09 06:35:29.922 D/Embryo_Uterus( 1070): rank:28, com.whentowork.webview, 48120
06-09 06:35:29.922 D/Embryo_Uterus( 1070): rank:29, com.linkedin.android, 61290
06-09 06:35:29.922 D/Embryo_Uterus( 1070): rank:30, com.google.android.apps.tachyon, 104650
06-09 06:35:29.922 D/Embryo_Uterus( 1070): rank:31, com.studymode.cram, 357001
06-09 06:35:29.922 D/Embryo_Uterus( 1070): rank:34, com.example.shashishivaraju.sensorapp, 842406
06-09 06:35:29.922 D/Embryo_Uterus( 1070): trim com.astrology.englishcalendarpanchang
06-09 06:35:29.927 D/Embryo_Uterus( 1070): <<< trim finished
06-09 06:36:00.001 V/AlarmManager( 1070): Triggering alarm #0: 3 when =491329 package =android operation =*alarm*:android.intent.action.TIME_TICK flags =0x1
06-09 06:36:00.039 I/DigitalWidgetViewsFactory( 3145): getCount() return 0 !!!
06-09 06:36:00.051 I/ClockCtrl( 2462):  schedule next: 59949
06-09 06:36:00.051 I/KeyguardUpdateMonitor( 2462): onTimeChanged
06-09 06:36:00.051 D/KeyguardUpdateMonitor( 2462): handleTimeUpdate
06-09 06:36:00.055 I/Clock   ( 2462): onTimeChanged
06-09 06:36:00.056 I/DateView( 2462): onTimeChanged
06-09 06:36:14.896 I/ThermalEngine(  934): Monitor : quiet_therm = 33, msm_therm = 34, ufs_therm = -40, battery_therm = 316,current_now = -398000 
06-09 06:36:23.601 W/ActivityManager( 1070): Ignoring remove of inactive process: ProcessRecord{237f13a 0:com.example.shashishivaraju.sensorapp/u0a236}
06-09 06:36:23.620 D/WindowManager( 1070): mDockBottom 1794
06-09 06:36:23.644 E/FullInputEventModel( 3320): onStartInput event aborted: com.touchtype.keyboard.h.r: could not obtain extracted text (class com.touchtype.keyboard.h.r)
06-09 06:36:23.824 W/AppOps  ( 1070): Finishing op nesting under-run: uid 1000 pkg android code 24 time=0 duration=0 nesting=0
06-09 06:36:23.825 D/WindowManager( 1070): mDockBottom 1794
06-09 06:36:23.881 D/ClockIconDelegate( 3521): updateClockData hour = 6, newHour = 6, oldHour = 6, minute = 36, newMinute = 36, oldMinute = 28, obj = net.oneplus.launcher.dynamicicon.clock.ClockIconDelegate@a84f379
06-09 06:36:23.881 D/ClockIconDelegate( 3521): DynamicIcon check needInvalidate true, oldHour = 6, newHour = 6, obj = net.oneplus.launcher.dynamicicon.clock.ClockIconDelegate@a84f379
06-09 06:36:23.938 D/ClockIconDelegate( 3521): DynamicIcon check needInvalidate true, oldHour = 6, newHour = 6, obj = net.oneplus.launcher.dynamicicon.clock.ClockIconDelegate@a84f379
06-09 06:36:23.975 D/Launcher( 3521): DynamicIcon doWorkspaceOrFolderIconAnimation be enter
06-09 06:36:23.975 D/Launcher.Workspace( 3521): DynamicIcon Workspace updateCurrentPageDynamicIconState success
06-09 06:36:42.864 V/AlarmManager( 1070): Triggering alarm #0: 2 when =534192 package =android operation = null listenTag =WifiConnectivityManager Schedule Periodic Scan Timer flags =0x8
06-09 06:36:42.864 V/AlarmManager( 1070): Triggering alarm #1: 3 when =494395 package =com.google.android.gms operation =*alarm*:com.google.android.gms/.lockbox.LockboxAlarmReceiver flags =0x0
06-09 06:36:42.931 I/AsyncOpDispatcher( 3263): 35-GetDeviceDataUploadOptInStatusOperation
06-09 06:36:45.372 V/AlarmManager( 1070): Triggering alarm #0: 2 when =536700 package =com.facebook.katana operation =*walarm*:WakingExecutorService.ACTION_ALARM.com.facebook.katana.Mqtt_Wakeup flags =0x1
06-09 06:36:42.952 I/AsyncOpDispatcher( 3263): 35-GetDeviceDataUploadOptInStatusOperation
06-09 06:36:47.214 D/WificondControl( 1070): Scan result ready event
06-09 06:36:47.220 I/LOWI-8.5.0.3.a( 1084): [LOWI-Scan] lowi_close_record:Scan completed in 501296ms and Recieved 25 APs scan results
06-09 06:36:47.225 I/LOWI-8.5.0.3.a( 1084): [LOWIUtils] responseToOutPostcard - TO: FreeWifiScanObserver, FROM:   LOWI-SERVER, RESP:  LOWI_ASYNC_DISCOVERY_SCAN_RESULTS
06-09 06:36:47.234 W/IzatSvc_Wiper(  803): Num of elements returned by LOWI 25
06-09 06:36:47.236 D/WifiPermissionsUtil( 1070): Denied: no location permission
06-09 06:36:47.239 D/WifiPermissionsUtil( 1070): Denied: no location permission
06-09 06:36:47.242 W/ctxmgr  ( 3263): [AclManager]No 2 for (accnt=account#-517948760#, com.google.android.gms(10015):IndoorOutdoorProducer, vrsn=12685000, 0, 3pPkg = null ,  3pMdlId = null ,  pid = 3263). Was: 3 for 57, account#-517948760#
06-09 06:36:52.836 W/ADebug  ( 9677): Failed to get property persist.sys.media.traces
06-09 06:36:52.850 D/AndroidRuntime( 9677): >>>>>> START com.android.internal.os.RuntimeInit uid 2000 <<<<<<
06-09 06:36:52.923 E/app_process( 9677): No implementation found for boolean android.os.SystemProperties.native_get_boolean(java.lang.String, boolean) (tried Java_android_os_SystemProperties_native_1get_1boolean and Java_android_os_SystemProperties_native_1get_1boolean__Ljava_lang_String_2Z)
06-09 06:36:52.923 I/chatty  ( 9677): uid=2000(shell) identical 1 line
06-09 06:36:52.923 E/app_process( 9677): No implementation found for boolean android.os.SystemProperties.native_get_boolean(java.lang.String, boolean) (tried Java_android_os_SystemProperties_native_1get_1boolean and Java_android_os_SystemProperties_native_1get_1boolean__Ljava_lang_String_2Z)
06-09 06:36:52.924 I/app_process( 9677): The ClassLoaderContext is a special shared library.
06-09 06:36:52.961 D/AndroidRuntime( 9677): Calling main entry com.android.commands.pm.Pm
06-09 06:36:52.976 I/app_process( 9677): System.exit called, status: 0
06-09 06:36:52.976 I/AndroidRuntime( 9677): VM exiting with result code 0.
06-09 06:36:52.976 W/MessageQueue( 9677): Handler (android.os.Handler) {8fbae7b} sending message to a Handler on a dead thread
06-09 06:36:52.976 W/MessageQueue( 9677): java.lang.IllegalStateException: Handler (android.os.Handler) {8fbae7b} sending message to a Handler on a dead thread
06-09 06:36:52.976 W/MessageQueue( 9677): 	at android.os.MessageQueue.enqueueMessage(MessageQueue.java:579)
06-09 06:36:52.976 W/MessageQueue( 9677): 	at android.os.Handler.enqueueMessage(Handler.java:662)
06-09 06:36:52.976 W/MessageQueue( 9677): 	at android.os.Handler.sendMessageAtTime(Handler.java:631)
06-09 06:36:52.976 W/MessageQueue( 9677): 	at android.os.Handler.sendMessageDelayed(Handler.java:601)
06-09 06:36:52.976 W/MessageQueue( 9677): 	at android.os.Handler.post(Handler.java:357)
06-09 06:36:52.976 W/MessageQueue( 9677): 	at android.os.ResultReceiver$MyResultReceiver.send(ResultReceiver.java:57)
06-09 06:36:52.976 W/MessageQueue( 9677): 	at com.android.internal.os.IResultReceiver$Stub.onTransact(IResultReceiver.java:58)
06-09 06:36:52.976 W/MessageQueue( 9677): 	at android.os.Binder.execTransact(Binder.java:714)
06-09 06:36:53.344 E/adbd    ( 6598): failed to connect to socket 'localabstract:com.example.shashishivaraju.sensorapp': Connection refused
06-09 06:36:53.585 W/ADebug  ( 9700): Failed to get property persist.sys.media.traces
06-09 06:36:53.598 D/AndroidRuntime( 9700): >>>>>> START com.android.internal.os.RuntimeInit uid 2000 <<<<<<
06-09 06:36:53.671 E/app_process( 9700): No implementation found for boolean android.os.SystemProperties.native_get_boolean(java.lang.String, boolean) (tried Java_android_os_SystemProperties_native_1get_1boolean and Java_android_os_SystemProperties_native_1get_1boolean__Ljava_lang_String_2Z)
06-09 06:36:53.671 I/chatty  ( 9700): uid=2000(shell) identical 1 line
06-09 06:36:53.671 E/app_process( 9700): No implementation found for boolean android.os.SystemProperties.native_get_boolean(java.lang.String, boolean) (tried Java_android_os_SystemProperties_native_1get_1boolean and Java_android_os_SystemProperties_native_1get_1boolean__Ljava_lang_String_2Z)
06-09 06:36:53.672 I/app_process( 9700): The ClassLoaderContext is a special shared library.
06-09 06:36:53.711 D/AndroidRuntime( 9700): Calling main entry com.android.commands.pm.Pm
06-09 06:36:53.728 I/app_process( 9700): System.exit called, status: 0
06-09 06:36:53.728 I/AndroidRuntime( 9700): VM exiting with result code 0.
06-09 06:36:56.170 W/ADebug  ( 9713): Failed to get property persist.sys.media.traces
06-09 06:36:56.184 D/AndroidRuntime( 9713): >>>>>> START com.android.internal.os.RuntimeInit uid 2000 <<<<<<
06-09 06:36:56.248 D/PackageInstallerCompatVL( 3521): addSessionInfoToCache:com.example.shashishivaraju.sensorapp, null
06-09 06:36:56.255 E/app_process( 9713): No implementation found for boolean android.os.SystemProperties.native_get_boolean(java.lang.String, boolean) (tried Java_android_os_SystemProperties_native_1get_1boolean and Java_android_os_SystemProperties_native_1get_1boolean__Ljava_lang_String_2Z)
06-09 06:36:56.255 I/chatty  ( 9713): uid=2000(shell) identical 1 line
06-09 06:36:56.256 E/app_process( 9713): No implementation found for boolean android.os.SystemProperties.native_get_boolean(java.lang.String, boolean) (tried Java_android_os_SystemProperties_native_1get_1boolean and Java_android_os_SystemProperties_native_1get_1boolean__Ljava_lang_String_2Z)
06-09 06:36:56.256 D/Launcher.Model( 3521):       ● modelRunnable@bindAppsUpdated
06-09 06:36:56.256 I/app_process( 9713): The ClassLoaderContext is a special shared library.
06-09 06:36:56.257 D/AlphabeticalAppsList( 3521): [onAppsUpdated] mApps size = 138
06-09 06:36:56.260 D/AlphabeticalAppsList( 3521): [updateAdapterItems] hasFilter: false, filtersAppInfos size = 138, mAdapterItems size = 146
06-09 06:36:56.281 D/Launcher( 3521): onAppCategoryUpdate#
06-09 06:36:56.281 D/a       ( 3521): setAppCategories#
06-09 06:36:56.282 D/a       ( 3521): dumpCategories# Recent searches(0), Travel & Tourism(5), Reading(8), Social(20), Shopping(7), Financial(9), Games(2), Sports & Health(4), Music & Video(15), Lifestyle(3), Family & Parenting(0), Tools(45), Photo & Beauty(4), Education(9)
06-09 06:36:56.290 D/AndroidRuntime( 9713): Calling main entry com.android.commands.wm.Wm
06-09 06:36:56.292 W/WindowManager( 1070): Permission Denial: dismissKeyguard from pid=9713, uid=2000 requires android.permission.CONTROL_KEYGUARD
06-09 06:36:56.292 D/AndroidRuntime( 9713): Shutting down VM
06-09 06:36:56.375 D/PackageInstallerCompatVL( 3521): sendUpdate:com.example.shashishivaraju.sensorapp, 1, 12
06-09 06:36:56.376 D/QuickPage( 3521): setPackageState: com.example.shashishivaraju.sensorapp, 1, 12
06-09 06:36:56.376 D/PackageInstallerCompatVL( 3521): sendUpdate:com.example.shashishivaraju.sensorapp, 1, 24
06-09 06:36:56.376 D/QuickPage( 3521): setPackageState: com.example.shashishivaraju.sensorapp, 1, 24
06-09 06:36:56.376 D/PackageInstallerCompatVL( 3521): sendUpdate:com.example.shashishivaraju.sensorapp, 1, 24
06-09 06:36:56.376 D/QuickPage( 3521): setPackageState: com.example.shashishivaraju.sensorapp, 1, 24
06-09 06:36:56.376 D/PackageInstallerCompatVL( 3521): sendUpdate:com.example.shashishivaraju.sensorapp, 1, 24
06-09 06:36:56.376 D/QuickPage( 3521): setPackageState: com.example.shashishivaraju.sensorapp, 1, 24
06-09 06:36:56.378 D/PackageInstallerCompatVL( 3521): sendUpdate:com.example.shashishivaraju.sensorapp, 1, 73
06-09 06:36:56.378 D/QuickPage( 3521): setPackageState: com.example.shashishivaraju.sensorapp, 1, 73
06-09 06:36:56.378 D/PackageInstallerCompatVL( 3521): sendUpdate:com.example.shashishivaraju.sensorapp, 1, 73
06-09 06:36:56.378 D/QuickPage( 3521): setPackageState: com.example.shashishivaraju.sensorapp, 1, 73
06-09 06:36:56.378 D/PackageInstallerCompatVL( 3521): sendUpdate:com.example.shashishivaraju.sensorapp, 1, 73
06-09 06:36:56.378 D/QuickPage( 3521): setPackageState: com.example.shashishivaraju.sensorapp, 1, 73
06-09 06:36:56.378 D/PackageInstallerCompatVL( 3521): sendUpdate:com.example.shashishivaraju.sensorapp, 1, 79
06-09 06:36:56.378 D/QuickPage( 3521): setPackageState: com.example.shashishivaraju.sensorapp, 1, 79
06-09 06:36:56.378 D/PackageInstallerCompatVL( 3521): sendUpdate:com.example.shashishivaraju.sensorapp, 1, 80
06-09 06:36:56.379 D/QuickPage( 3521): setPackageState: com.example.shashishivaraju.sensorapp, 1, 80
06-09 06:36:56.379 D/PackageInstallerCompatVL( 3521): sendUpdate:com.example.shashishivaraju.sensorapp, 1, 80
06-09 06:36:56.379 D/QuickPage( 3521): setPackageState: com.example.shashishivaraju.sensorapp, 1, 80
06-09 06:36:56.379 D/PackageInstallerCompatVL( 3521): sendUpdate:com.example.shashishivaraju.sensorapp, 1, 80
06-09 06:36:56.379 D/QuickPage( 3521): setPackageState: com.example.shashishivaraju.sensorapp, 1, 80
06-09 06:36:56.379 D/PackageInstallerCompatVL( 3521): sendUpdate:com.example.shashishivaraju.sensorapp, 1, 80
06-09 06:36:56.379 D/QuickPage( 3521): setPackageState: com.example.shashishivaraju.sensorapp, 1, 80
06-09 06:36:56.379 D/PackageInstallerCompatVL( 3521): sendUpdate:com.example.shashishivaraju.sensorapp, 1, 80
06-09 06:36:56.379 D/QuickPage( 3521): setPackageState: com.example.shashishivaraju.sensorapp, 1, 80
06-09 06:36:56.465 D/PackageInstaller( 1070): Inherited files: [/data/app/com.example.shashishivaraju.sensorapp-0pupI8c3Sv7QixzwAFpo2w==/base.apk, /data/app/com.example.shashishivaraju.sensorapp-0pupI8c3Sv7QixzwAFpo2w==/split_lib_dependencies_apk.apk, /data/app/com.example.shashishivaraju.sensorapp-0pupI8c3Sv7QixzwAFpo2w==/split_lib_resources_apk.apk, /data/app/com.example.shashishivaraju.sensorapp-0pupI8c3Sv7QixzwAFpo2w==/split_lib_slice_0_apk.apk, /data/app/com.example.shashishivaraju.sensorapp-0pupI8c3Sv7QixzwAFpo2w==/split_lib_slice_1_apk.apk, /data/app/com.example.shashishivaraju.sensorapp-0pupI8c3Sv7QixzwAFpo2w==/split_lib_slice_2_apk.apk, /data/app/com.example.shashishivaraju.sensorapp-0pupI8c3Sv7QixzwAFpo2w==/split_lib_slice_3_apk.apk, /data/app/com.example.shashishivaraju.sensorapp-0pupI8c3Sv7QixzwAFpo2w==/split_lib_slice_4_apk.apk, /data/app/com.example.shashishivaraju.sensorapp-0pupI8c3Sv7QixzwAFpo2w==/split_lib_slice_6_apk.apk, /data/app/com.example.shashishivaraju.sensorapp-0pupI8c3Sv7QixzwAFpo2w==/split_lib_slice_7_apk.apk, /data/app/com.example.shashishivaraju.sensorapp-0pupI8c3Sv7QixzwAFpo2w==/split_lib_slice_8_apk.apk, /data/app/com.example.shashishivaraju.sensorapp-0pupI8c3Sv7QixzwAFpo2w==/split_lib_slice_9_apk.apk, /data/app/com.example.shashishivaraju.sensorapp-0pupI8c3Sv7QixzwAFpo2w==/oat/arm/base.odex, /data/app/com.example.shashishivaraju.sensorapp-0pupI8c3Sv7QixzwAFpo2w==/oat/arm/base.vdex]
