06-09 06:36:56.472 D/PackageInstaller( 1070): Linked 14 files into /data/app/vmdl763075187.tmp
06-09 06:36:56.505 D/PackageInstallerCompatVL( 3521): sendUpdate:com.example.shashishivaraju.sensorapp, 1, 90
06-09 06:36:56.506 D/QuickPage( 3521): setPackageState: com.example.shashishivaraju.sensorapp, 1, 90
06-09 06:36:56.506 D/PackageInstallerCompatVL( 3521): sendUpdate:com.example.shashishivaraju.sensorapp, 1, 90
06-09 06:36:56.506 D/QuickPage( 3521): setPackageState: com.example.shashishivaraju.sensorapp, 1, 90
06-09 06:36:56.896 W/PackageParser( 1070): Unknown element under <manifest>: uses-sdk at /data/app/vmdl763075187.tmp/split_lib_resources_apk.apk Binary XML file line #7
06-09 06:36:56.915 E/PackageManager( 1070): Attempt to invoke virtual method 'boolean android.os.Bundle.getBoolean(java.lang.String, boolean)' on a null object reference
06-09 06:36:56.916 E/PackageManager.DexOptimizer( 1070): Well this is awkward; package null had UID -1
06-09 06:36:56.916 E/PackageManager.DexOptimizer( 1070): java.lang.Throwable
06-09 06:36:56.916 E/PackageManager.DexOptimizer( 1070): 	at com.android.server.pm.PackageDexOptimizer.performDexOptLI(PackageDexOptimizer.java:150)
06-09 06:36:56.916 E/PackageManager.DexOptimizer( 1070): 	at com.android.server.pm.PackageDexOptimizer.performDexOpt(PackageDexOptimizer.java:126)
06-09 06:36:56.916 E/PackageManager.DexOptimizer( 1070): 	at com.android.server.pm.PackageManagerService.installPackageLI(PackageManagerService.java:19773)
06-09 06:36:56.916 E/PackageManager.DexOptimizer( 1070): 	at com.android.server.pm.PackageManagerService.installPackageTracedLI(PackageManagerService.java:19333)
06-09 06:36:56.916 E/PackageManager.DexOptimizer( 1070): 	at com.android.server.pm.PackageManagerService.-wrap35(Unknown Source:0)
06-09 06:36:56.916 E/PackageManager.DexOptimizer( 1070): 	at com.android.server.pm.PackageManagerService$8.run(PackageManagerService.java:16608)
06-09 06:36:56.916 E/PackageManager.DexOptimizer( 1070): 	at android.os.Handler.handleCallback(Handler.java:790)
06-09 06:36:56.916 E/PackageManager.DexOptimizer( 1070): 	at android.os.Handler.dispatchMessage(Handler.java:99)
06-09 06:36:56.916 E/PackageManager.DexOptimizer( 1070): 	at android.os.Looper.loop(Looper.java:164)
06-09 06:36:56.916 E/PackageManager.DexOptimizer( 1070): 	at android.os.HandlerThread.run(HandlerThread.java:65)
06-09 06:36:56.916 E/PackageManager.DexOptimizer( 1070): 	at com.android.server.ServiceThread.run(ServiceThread.java:46)
06-09 06:36:56.917 D/RestartProcessManager( 1070): Updating package : com.example.shashishivaraju.sensorapp
06-09 06:36:56.922 W/DropBoxManagerService( 1070): Dropping: system_server_wtf (1263 > 0 bytes)
06-09 06:36:56.961 D/DropBoxManagerService( 1070): file :: /data/system/dropbox/system_server_wtf@2018-06-09-06_36_56_923.lost
06-09 06:36:57.013 W/PackageSettings( 1070): Skipping PackageSetting{975ec9b com.oneplus.iconpack.h2folio/10201} due to missing metadata
06-09 06:36:57.013 W/PackageSettings( 1070): Skipping PackageSetting{2f2838 com.oneplus.iconpack.h2light/10199} due to missing metadata
06-09 06:36:57.014 W/PackageSettings( 1070): Skipping PackageSetting{5a56011 com.oneplus.iconpack.h2default/10197} due to missing metadata
06-09 06:36:57.051 I/ActivityManager( 1070): Force stopping com.example.shashishivaraju.sensorapp appid=10236 user=-1: installPackageLI
06-09 06:36:57.053 D/installd(  945): Found valid user 10
06-09 06:36:57.053 I/PackageManager( 1070): Package com.example.shashishivaraju.sensorapp codePath changed from /data/app/com.example.shashishivaraju.sensorapp-0pupI8c3Sv7QixzwAFpo2w== to /data/app/com.example.shashishivaraju.sensorapp-zfsx0xVSf3vWwqYaaKF8sQ==; Retaining data and using new
06-09 06:36:57.054 W/PackageManager( 1070): Code path for com.example.shashishivaraju.sensorapp changing from /data/app/com.example.shashishivaraju.sensorapp-0pupI8c3Sv7QixzwAFpo2w== to /data/app/com.example.shashishivaraju.sensorapp-zfsx0xVSf3vWwqYaaKF8sQ==
06-09 06:36:57.054 W/PackageManager( 1070): Resource path for com.example.shashishivaraju.sensorapp changing from /data/app/com.example.shashishivaraju.sensorapp-0pupI8c3Sv7QixzwAFpo2w== to /data/app/com.example.shashishivaraju.sensorapp-zfsx0xVSf3vWwqYaaKF8sQ==
06-09 06:36:57.187 W/PackageSettings( 1070): Skipping PackageSetting{975ec9b com.oneplus.iconpack.h2folio/10201} due to missing metadata
06-09 06:36:57.187 W/PackageSettings( 1070): Skipping PackageSetting{2f2838 com.oneplus.iconpack.h2light/10199} due to missing metadata
06-09 06:36:57.190 W/PackageSettings( 1070): Skipping PackageSetting{5a56011 com.oneplus.iconpack.h2default/10197} due to missing metadata
06-09 06:36:57.387 W/PackageSettings( 1070): Skipping PackageSetting{975ec9b com.oneplus.iconpack.h2folio/10201} due to missing metadata
06-09 06:36:57.387 W/PackageSettings( 1070): Skipping PackageSetting{2f2838 com.oneplus.iconpack.h2light/10199} due to missing metadata
06-09 06:36:57.392 W/PackageSettings( 1070): Skipping PackageSetting{5a56011 com.oneplus.iconpack.h2default/10197} due to missing metadata
06-09 06:36:57.613 I/zygote64( 1070): Explicit concurrent copying GC freed 392881(17MB) AllocSpace objects, 89(3MB) LOS objects, 42% free, 26MB/46MB, paused 266us total 182.062ms
06-09 06:36:57.624 E/        (  945): Couldn't opendir /data/app/vmdl763075187.tmp: No such file or directory
06-09 06:36:57.624 E/installd(  945): Failed to delete /data/app/vmdl763075187.tmp: No such file or directory
06-09 06:36:57.625 W/ActivityManager( 1070): Skipping broadcast of Intent { act=android.intent.action.PACKAGE_REMOVED dat=package:com.example.shashishivaraju.sensorapp flg=0x4000010 (has extras) }: user 10 is stopped
06-09 06:36:57.625 D/EmbryoManager( 1070): packageChanged com.example.shashishivaraju.sensorapp uid 10236
06-09 06:36:57.625 I/ActivityManager( 1070): Force stopping com.example.shashishivaraju.sensorapp appid=10236 user=0: pkg removed
06-09 06:36:57.630 D/EmbryoManager( 1070): packageInstalled com.example.shashishivaraju.sensorapp uid 10236
06-09 06:36:57.631 W/ActivityManager( 1070): Skipping broadcast of Intent { act=android.intent.action.PACKAGE_ADDED dat=package:com.example.shashishivaraju.sensorapp flg=0x4000010 (has extras) }: user 10 is stopped
06-09 06:36:57.647 I/ActivityManager( 1070): Start proc 9740:com.example.shashishivaraju.sensorapp/u0a236 for embryo com.example.shashishivaraju.sensorapp
06-09 06:36:57.649 D/Embryo_Uterus( 1070): Embryo created.com.example.shashishivaraju.sensorapp, pid=9740
06-09 06:36:57.653 I/zygote  ( 9740): Late-enabling -Xcheck:jni
06-09 06:36:57.653 W/ActivityManager( 1070): Skipping broadcast of Intent { act=android.intent.action.PACKAGE_REPLACED dat=package:com.example.shashishivaraju.sensorapp flg=0x4000010 (has extras) }: user 10 is stopped
06-09 06:36:57.653 W/ActivityManager( 1070): Skipping broadcast of Intent { act=android.intent.action.MY_PACKAGE_REPLACED flg=0x4000010 pkg=com.example.shashishivaraju.sensorapp (has extras) }: user 10 is stopped
06-09 06:36:57.657 I/AccountTypeManager( 4439): handleMessage loadAccountsInBackground
06-09 06:36:57.657 I/AccountTypeManager( 4502): handleMessage loadAccountsInBackground
06-09 06:36:57.661 D/AccountTypeManager( 4502): Registering external account type=com.microsoft.android.enterprise15, packageName=com.microsoft.office.lync15
06-09 06:36:57.662 D/AccountTypeManager( 4439): Registering external account type=com.microsoft.android.enterprise15, packageName=com.microsoft.office.lync15
06-09 06:36:57.670 I/InputReader( 1070): Reconfiguring input devices.  changes=0x00000010
06-09 06:36:57.670 D/AccountTypeManager( 4502): Registering external account type=com.google.android.apps.tachyon, packageName=com.google.android.apps.tachyon
06-09 06:36:57.671 D/AccountTypeManager( 4502): Registering external account type=com.facebook.messenger, packageName=com.facebook.orca
06-09 06:36:57.671 D/AccountTypeManager( 4439): Registering external account type=com.google.android.apps.tachyon, packageName=com.google.android.apps.tachyon
06-09 06:36:57.673 I/InputReader( 1070): Reconfiguring input devices.  changes=0x00000010
06-09 06:36:57.675 I/InputReader( 1070): Reconfiguring input devices.  changes=0x00000010
06-09 06:36:57.680 D/SettingsReceiver( 8703): action = android.intent.action.PACKAGE_REMOVED
06-09 06:36:57.681 I/OPUtils ( 8703): setAppUpdated:true
06-09 06:36:57.682 W/ResourceType( 4439): For resource 0x7f0800c1, entry index(193) is beyond type entryCount(16)
06-09 06:36:57.682 W/ResourceType( 4439): Failure getting entry for 0x7f0800c1 (t=7 e=193) (error -75)
06-09 06:36:57.682 W/ResourceType( 4439): For resource 0x7f0800c1, entry index(193) is beyond type entryCount(16)
06-09 06:36:57.682 W/ResourceType( 4439): Failure getting entry for 0x7f0800c1 (t=7 e=193) (error -75)
06-09 06:36:57.682 D/AccountTypeManager( 4439): Registering external account type=com.facebook.messenger, packageName=com.facebook.orca
06-09 06:36:57.690 W/ResourceType( 4502): Failure getting entry for 0x7f1904c3 (t=24 e=1219) (error -2147483647)
06-09 06:36:57.690 W/ResourceType( 4502): Failure getting entry for 0x7f1904c3 (t=24 e=1219) (error -2147483647)
06-09 06:36:57.690 W/ResourceType( 4502): Failure getting entry for 0x7f1904c4 (t=24 e=1220) (error -2147483647)
06-09 06:36:57.690 W/ResourceType( 4502): Failure getting entry for 0x7f1904c5 (t=24 e=1221) (error -2147483647)
06-09 06:36:57.690 W/ResourceType( 4439): Failure getting entry for 0x7f1904c3 (t=24 e=1219) (error -2147483647)
06-09 06:36:57.690 W/ResourceType( 4439): Failure getting entry for 0x7f1904c3 (t=24 e=1219) (error -2147483647)
06-09 06:36:57.690 W/ResourceType( 4439): Failure getting entry for 0x7f1904c4 (t=24 e=1220) (error -2147483647)
06-09 06:36:57.691 W/ResourceType( 4439): Failure getting entry for 0x7f1904c5 (t=24 e=1221) (error -2147483647)
06-09 06:36:57.691 D/AccountTypeManager( 4502): Registering external account type=com.linkedin.android, packageName=com.linkedin.android
06-09 06:36:57.691 D/AccountTypeManager( 4439): Registering external account type=com.linkedin.android, packageName=com.linkedin.android
06-09 06:36:57.692 D/AccountTypeManager( 4502): Registering external account type=com.google.android.gms.matchstick, packageName=com.google.android.gms
06-09 06:36:57.692 D/AccountTypeManager( 4439): Registering external account type=com.google.android.gms.matchstick, packageName=com.google.android.gms
06-09 06:36:57.693 W/zygote  ( 9740): Using default instruction set features for ARM CPU variant (cortex-a9) using conservative defaults
06-09 06:36:57.699 W/ResourceType( 4502): For resource 0x7f0203f2, entry index(1010) is beyond type entryCount(530)
06-09 06:36:57.699 W/ResourceType( 4502): Failure getting entry for 0x7f0203f2 (t=1 e=1010) (error -75)
06-09 06:36:57.699 W/ResourceType( 4502): For resource 0x7f0203f2, entry index(1010) is beyond type entryCount(530)
06-09 06:36:57.699 W/ResourceType( 4502): Failure getting entry for 0x7f0203f2 (t=1 e=1010) (error -75)
06-09 06:36:57.699 D/AccountTypeManager( 4502): Registering external account type=com.truecaller.account, packageName=com.truecaller
06-09 06:36:57.700 W/ResourceType( 4502): For resource 0x7f080635, entry index(1589) is beyond type entryCount(609)
06-09 06:36:57.700 W/ResourceType( 4502): Failure getting entry for 0x7f080635 (t=7 e=1589) (error -75)
06-09 06:36:57.700 W/ResourceType( 4502): For resource 0x7f0806e4, entry index(1764) is beyond type entryCount(609)
06-09 06:36:57.700 W/ResourceType( 4502): Failure getting entry for 0x7f0806e4 (t=7 e=1764) (error -75)
06-09 06:36:57.700 W/ResourceType( 4502): For resource 0x7f0806e4, entry index(1764) is beyond type entryCount(609)
06-09 06:36:57.700 W/ResourceType( 4502): Failure getting entry for 0x7f0806e4 (t=7 e=1764) (error -75)
06-09 06:36:57.700 W/ResourceType( 4502): For resource 0x7f0806e5, entry index(1765) is beyond type entryCount(609)
06-09 06:36:57.700 W/ResourceType( 4502): Failure getting entry for 0x7f0806e5 (t=7 e=1765) (error -75)
06-09 06:36:57.700 D/AccountTypeManager( 4502): Registering external account type=net.one97.paytm, packageName=net.one97.paytm
06-09 06:36:57.701 W/ResourceType( 4439): For resource 0x7f0203f2, entry index(1010) is beyond type entryCount(657)
06-09 06:36:57.701 W/ResourceType( 4439): Failure getting entry for 0x7f0203f2 (t=1 e=1010) (error -75)
06-09 06:36:57.701 W/ResourceType( 4439): For resource 0x7f0203f2, entry index(1010) is beyond type entryCount(657)
06-09 06:36:57.701 W/ResourceType( 4439): Failure getting entry for 0x7f0203f2 (t=1 e=1010) (error -75)
06-09 06:36:57.701 D/AccountTypeManager( 4439): Registering external account type=com.truecaller.account, packageName=com.truecaller
06-09 06:36:57.702 W/ResourceType( 4439): For resource 0x7f080635, entry index(1589) is beyond type entryCount(16)
06-09 06:36:57.702 W/ResourceType( 4439): Failure getting entry for 0x7f080635 (t=7 e=1589) (error -75)
06-09 06:36:57.702 W/ResourceType( 4439): For resource 0x7f0806e4, entry index(1764) is beyond type entryCount(16)
06-09 06:36:57.702 W/ResourceType( 4439): Failure getting entry for 0x7f0806e4 (t=7 e=1764) (error -75)
06-09 06:36:57.702 W/ResourceType( 4439): For resource 0x7f0806e4, entry index(1764) is beyond type entryCount(16)
06-09 06:36:57.702 W/ResourceType( 4439): Failure getting entry for 0x7f0806e4 (t=7 e=1764) (error -75)
06-09 06:36:57.702 W/ResourceType( 4439): For resource 0x7f0806e5, entry index(1765) is beyond type entryCount(16)
06-09 06:36:57.702 W/ResourceType( 4439): Failure getting entry for 0x7f0806e5 (t=7 e=1765) (error -75)
06-09 06:36:57.703 D/AccountTypeManager( 4439): Registering external account type=net.one97.paytm, packageName=net.one97.paytm
06-09 06:36:57.703 W/ResourceType( 4439): For resource 0x7f0806ce, entry index(1742) is beyond type entryCount(16)
06-09 06:36:57.703 W/ResourceType( 4439): Failure getting entry for 0x7f0806ce (t=7 e=1742) (error -75)
06-09 06:36:57.704 W/ResourceType( 4439): For resource 0x7f0806ce, entry index(1742) is beyond type entryCount(16)
06-09 06:36:57.704 W/ResourceType( 4439): Failure getting entry for 0x7f0806ce (t=7 e=1742) (error -75)
06-09 06:36:57.704 W/ResourceType( 4502): For resource 0x7f0806ce, entry index(1742) is beyond type entryCount(609)
06-09 06:36:57.704 W/ResourceType( 4502): Failure getting entry for 0x7f0806ce (t=7 e=1742) (error -75)
06-09 06:36:57.704 W/ResourceType( 4502): For resource 0x7f0806ce, entry index(1742) is beyond type entryCount(609)
06-09 06:36:57.704 D/AccountTypeManager( 4439): Registering external account type=com.whatsapp, packageName=com.whatsapp
06-09 06:36:57.704 W/ResourceType( 4502): Failure getting entry for 0x7f0806ce (t=7 e=1742) (error -75)
06-09 06:36:57.704 D/AccountTypeManager( 4502): Registering external account type=com.whatsapp, packageName=com.whatsapp
06-09 06:36:57.704 D/AccountTypeManager( 4439): Registering external account type=com.yahoo.mobile.client.share.account, packageName=com.yahoo.mobile.client.android.mail
06-09 06:36:57.708 W/ResourceType( 1070): Found multiple library tables, ignoring...
06-09 06:36:57.708 V/Theme   ( 1070): com.oneplus.account, Add app's resource
06-09 06:36:57.708 V/Theme   ( 1070): ColorMode:com.oneplus.account is false
06-09 06:36:57.709 V/Theme   ( 1070): com.oneplus.account, Add app's resource
06-09 06:36:57.709 V/Theme   ( 1070): ColorMode:com.oneplus.account is false
06-09 06:36:57.709 W/ResourceType( 1070): Failure getting entry for 0x7f0700f1 (t=6 e=241) (error -75)
06-09 06:36:57.710 D/AccountTypeManager( 4502): Registering external account type=com.yahoo.mobile.client.share.account, packageName=com.yahoo.mobile.client.android.mail
06-09 06:36:57.711 I/Finsky  ( 4822): [2] com.google.android.finsky.p2p.c.a(10): Frosting ID looked up on UI thread. Caller should move to a background thread.
06-09 06:36:57.718 D/AccountTypeManager( 4502): Registering external account type=org.kman.AquaMail.ews, packageName=org.kman.AquaMail
06-09 06:36:57.719 W/ResourceType( 1070): Found multiple library tables, ignoring...
06-09 06:36:57.719 V/Theme   ( 1070): com.android.contacts, Add app's resource
06-09 06:36:57.719 D/EmbryoManager( 1070): Embryo attached, pid=9740
06-09 06:36:57.719 V/Theme   ( 1070): ColorMode:com.android.contacts is false
06-09 06:36:57.719 V/Theme   ( 1070): com.android.contacts, Add app's resource
06-09 06:36:57.719 V/Theme   ( 1070): ColorMode:com.android.contacts is false
06-09 06:36:57.722 D/AccountTypeManager( 4439): Registering external account type=org.kman.AquaMail.ews, packageName=org.kman.AquaMail
06-09 06:36:57.723 D/AccountTypeManager( 4502): Registering 1 extension packages
06-09 06:36:57.728 W/zygote64( 4502): Checksum mismatch for dex Contacts.apk
06-09 06:36:57.728 W/zygote64( 4502): Checksum mismatch for dex Contacts.apk
06-09 06:36:57.732 I/zygote  ( 9740): The ClassLoaderContext is a special shared library.
06-09 06:36:57.735 I/Finsky  ( 4822): [2] com.google.android.finsky.p2p.d.a(2): Wrote row to frosting DB: 765
06-09 06:36:57.736 D/AccountTypeManager( 4439): Registering 1 extension packages
06-09 06:36:57.743 W/ResourceType( 1070): Found multiple library tables, ignoring...
06-09 06:36:57.743 V/Theme   ( 1070): com.android.mms, Add app's resource
06-09 06:36:57.743 V/Theme   ( 1070): ColorMode:com.android.mms is false
06-09 06:36:57.744 V/Theme   ( 1070): com.android.mms, Add app's resource
06-09 06:36:57.744 V/Theme   ( 1070): ColorMode:com.android.mms is false
06-09 06:36:57.746 I/ActivityManager( 1070): START u0 {act=android.intent.action.MAIN cat=[android.intent.category.LAUNCHER] flg=0x10000000 cmp=com.example.shashishivaraju.sensorapp/.MainActivity} from uid 2000 pid 9763
06-09 06:36:57.747 W/ResourceType( 4439): For resource 0x7f0203f2, entry index(1010) is beyond type entryCount(657)
06-09 06:36:57.747 W/ResourceType( 4439): Failure getting entry for 0x7f0203f2 (t=1 e=1010) (error -75)
06-09 06:36:57.747 W/ResourceType( 4439): For resource 0x7f0203f2, entry index(1010) is beyond type entryCount(657)
06-09 06:36:57.747 W/ResourceType( 4439): Failure getting entry for 0x7f0203f2 (t=1 e=1010) (error -75)
06-09 06:36:57.747 W/AccountTypeManager( 4439): Skipping extension package com.google.android.gms because the CONTACTS_STRUCTURE metadata doesn't have the accountType attribute
06-09 06:36:57.748 I/AccountTypeManager( 4439): addSimAccount
06-09 06:36:57.748 W/zygote64( 4439): Checksum mismatch for dex Dialer.apk
06-09 06:36:57.748 W/zygote64( 4439): Checksum mismatch for dex Dialer.apk
06-09 06:36:57.748 W/ResourceType( 4502): For resource 0x7f0203f2, entry index(1010) is beyond type entryCount(530)
06-09 06:36:57.748 W/ResourceType( 4502): Failure getting entry for 0x7f0203f2 (t=1 e=1010) (error -75)
06-09 06:36:57.748 W/ResourceType( 4502): For resource 0x7f0203f2, entry index(1010) is beyond type entryCount(530)
06-09 06:36:57.748 W/ResourceType( 4502): Failure getting entry for 0x7f0203f2 (t=1 e=1010) (error -75)
06-09 06:36:57.748 W/AccountTypeManager( 4502): Skipping extension package com.google.android.gms because the CONTACTS_STRUCTURE metadata doesn't have the accountType attribute
06-09 06:36:57.748 I/AccountTypeManager( 4502): addSimAccount
06-09 06:36:57.751 D/RegisteredNxpServicesCache( 3353): uninstall packageName:com.example.shashishivaraju.sensorapp
06-09 06:36:57.759 I/Finsky  ( 4822): [2] com.google.android.finsky.scheduler.bc.a(50): Jobs in database: 1-1337 12-1 
06-09 06:36:57.763 I/Finsky  ( 4822): [2] com.google.android.finsky.scheduler.h.a(309): ConstraintMapping: 1-1337, 12-1,  -> L: 14976ms, D: 86399976ms, C: false, I: false, N: 1
06-09 06:36:57.770 I/Finsky  ( 4822): [2] com.google.android.finsky.scheduler.JobSchedulerEngine.a(19): Cancelling existing job with id: 9000
06-09 06:36:57.792 E/ANDR-PERF-JNI( 1070): com_qualcomm_qtiperformance_native_perf_io_prefetch_start
06-09 06:36:57.792 E/ANDR-IOP( 1070): IOP HAL: Received pkg_name = com.example.shashishivaraju.sensorapp pid = -1
06-09 06:36:57.794 D/Launcher( 3521): onPause
06-09 06:36:57.794 D/WindowManager( 1070): mDockBottom 1794
06-09 06:36:57.800 D/CarrierSvcBindHelper( 2678): No carrier app for: 0
06-09 06:36:57.801 I/Finsky  ( 4822): [2] com.google.android.finsky.scheduler.JobSchedulerEngine.a(155): Scheduling job Id: 9001, L: 14976, D: 86399976, C: false, I: false, N: 1
06-09 06:36:57.801 D/RestartProcessManager( 1070): Update Total Launch Times :com.example.shashishivaraju.sensorapp
06-09 06:36:57.801 D/RestartProcessManager( 1070): updateSelf :  com.example.shashishivaraju.sensorapp, size : 30
06-09 06:36:57.801 D/RestartProcessManager( 1070): Increase Total Launch Time : com.example.shashishivaraju.sensorapp, times : 3, index : 29
06-09 06:36:57.801 D/RestartProcessManager( 1070): Last Running Package : com.example.shashishivaraju.sensorapp , start time 1528540617801
06-09 06:36:57.808 D/CarrierSvcBindHelper( 2678): No carrier app for: 1
06-09 06:36:57.809 D/CarrierSvcBindHelper( 2678): No carrier app for: 0
06-09 06:36:57.810 D/CarrierSvcBindHelper( 2678): No carrier app for: 1
06-09 06:36:57.810 I/zygote  ( 9769): Late-enabling -Xcheck:jni
06-09 06:36:57.812 I/ActivityManager( 1070): Start proc 9769:com.example.shashishivaraju.sensorapp/u0a236 for activity com.example.shashishivaraju.sensorapp/.MainActivity
06-09 06:36:57.814 D/RegisteredServicesCache( 3353):  Reading service state data always from file
06-09 06:36:57.815 D/RegisteredServicesCache( 3353): ServiceStateFileVersion=1.0
06-09 06:36:57.815 E/RegisteredServicesCache( 3353): Next Tag=services
06-09 06:36:57.815 D/RegisteredServicesCache( 3353):  curr component com.google.android.apps.walletnfcrel/com.google.commerce.tapandpay.android.transit.tap.service.TransitHceService
06-09 06:36:57.815 D/RegisteredServicesCache( 3353):  curr uid 10089
06-09 06:36:57.815 D/RegisteredServicesCache( 3353):  curr state 2
06-09 06:36:57.815 E/RegisteredServicesCache( 3353): installedServices no uidString 
06-09 06:36:57.815 D/RegisteredServicesCache( 3353):  curr component com.google.android.apps.walletnfcrel/com.google.commerce.tapandpay.android.hce.service.ValuableApduService
06-09 06:36:57.815 D/RegisteredServicesCache( 3353):  curr uid 10089
06-09 06:36:57.815 D/RegisteredServicesCache( 3353):  curr state 2
06-09 06:36:57.815 E/RegisteredServicesCache( 3353): installedServices contains uidString : 10089
06-09 06:36:57.815 E/RegisteredServicesCache( 3353): 1invalidateCache:WriteServiceStateToFile
06-09 06:36:57.815 E/RegisteredServicesCache( 3353):  Writing service state Data Always
06-09 06:36:57.817 I/AccountTypeManager( 4439): sim1 is ready
06-09 06:36:57.817 D/ImsResolver( 2678): maybeAddedImsService, packageName: com.example.shashishivaraju.sensorapp
06-09 06:36:57.817 D/CarrierConfigLoader( 2678): mHandler: 9 phoneId: 0
06-09 06:36:57.817 E/NetworkScheduler( 3263): Unrecognised action provided: android.intent.action.PACKAGE_REMOVED
06-09 06:36:57.818 E/RegisteredServicesCache( 3353): component namecom.google.android.apps.walletnfcrel/com.google.commerce.tapandpay.android.transit.tap.service.TransitHceService
06-09 06:36:57.818 E/RegisteredServicesCache( 3353): component namecom.google.android.apps.walletnfcrel/com.google.commerce.tapandpay.android.hce.service.ValuableApduService
06-09 06:36:57.820 I/AccountTypeManager( 4502): sim1 is ready
06-09 06:36:57.822 I/AccountTypeManager( 4502): sim2 is ready
06-09 06:36:57.823 D/WindowManager( 1070): mDockBottom 1794
06-09 06:36:57.824 D/CardEmulationManager( 3353): Current default: ComponentInfo{com.google.android.gms/com.google.android.gms.tapandpay.hce.service.TpHceService}
06-09 06:36:57.824 I/AccountTypeManager( 4439): sim2 is ready
06-09 06:36:57.825 D/RegisteredNfcFServicesCache( 3353): Service unchanged, not updating
06-09 06:36:57.831 W/BroadcastQueue( 1070): Background execution not allowed: receiving Intent { act=android.intent.action.PACKAGE_REMOVED dat=package:com.example.shashishivaraju.sensorapp flg=0x4000010 (has extras) } to com.google.android.googlequicksearchbox/com.google.android.apps.gsa.googlequicksearchbox.GelStubAppWatcher
06-09 06:36:57.833 D/AppListenerReceiver( 3928): onReceive action:android.intent.action.PACKAGE_REMOVED
06-09 06:36:57.836 W/zygote  ( 9769): Using default instruction set features for ARM CPU variant (cortex-a9) using conservative defaults
06-09 06:36:57.848 D/WindowManager( 1070): mDockBottom 1794
06-09 06:36:57.851 W/BroadcastQueue( 1070): Background execution not allowed: receiving Intent { act=android.intent.action.PACKAGE_REMOVED dat=package:com.example.shashishivaraju.sensorapp flg=0x4000010 (has extras) } to com.lenovo.anyshare.gps/com.ushareit.family.FamilyReceiver
06-09 06:36:57.851 W/BroadcastQueue( 1070): Background execution not allowed: receiving Intent { act=android.intent.action.PACKAGE_REMOVED dat=package:com.example.shashishivaraju.sensorapp flg=0x4000010 (has extras) } to com.lenovo.anyshare.gps/com.altamob.sdk.receiver.AppInstallReceiver
06-09 06:36:57.854 W/BroadcastQueue( 1070): Background execution not allowed: receiving Intent { act=android.intent.action.PACKAGE_REMOVED dat=package:com.example.shashishivaraju.sensorapp flg=0x4000010 (has extras) } to com.microsoft.office.excel/com.microsoft.office.notification.SystemBroadcastReceiver
06-09 06:36:57.854 W/BroadcastQueue( 1070): Background execution not allowed: receiving Intent { act=android.intent.action.PACKAGE_REMOVED dat=package:com.example.shashishivaraju.sensorapp flg=0x4000010 (has extras) } to com.microsoft.office.powerpoint/com.microsoft.office.notification.SystemBroadcastReceiver
06-09 06:36:57.854 W/BroadcastQueue( 1070): Background execution not allowed: receiving Intent { act=android.intent.action.PACKAGE_REMOVED dat=package:com.example.shashishivaraju.sensorapp flg=0x4000010 (has extras) } to com.microsoft.office.word/com.microsoft.office.notification.SystemBroadcastReceiver
06-09 06:36:57.856 I/Note.log( 8826): packageName == com.example.shashishivaraju.sensorapp
06-09 06:36:57.858 I/AccountTypeManager( 4439): Loaded meta-data for 15 account types, 13 accounts in 201ms(wall) 18ms(cpu)
06-09 06:36:57.858 I/AccountTypeManager( 4439): handleMessage loadAccountsInBackground
06-09 06:36:57.862 D/SettingsReceiver( 8703): action = android.intent.action.PACKAGE_ADDED
06-09 06:36:57.862 I/OPUtils ( 8703): setAppUpdated:true
06-09 06:36:57.864 D/AccountTypeManager( 4439): Registering external account type=com.microsoft.android.enterprise15, packageName=com.microsoft.office.lync15
06-09 06:36:57.864 I/AccountTypeManager( 4502): Loaded meta-data for 15 account types, 13 accounts in 206ms(wall) 19ms(cpu)
06-09 06:36:57.864 I/AccountTypeManager( 4502): handleMessage loadAccountsInBackground
06-09 06:36:57.867 D/AccountTypeManager( 4502): Registering external account type=com.microsoft.android.enterprise15, packageName=com.microsoft.office.lync15
06-09 06:36:57.868 D/AccountTypeManager( 4439): Registering external account type=com.google.android.apps.tachyon, packageName=com.google.android.apps.tachyon
06-09 06:36:57.870 W/ResourceType( 4439): For resource 0x7f0800c1, entry index(193) is beyond type entryCount(16)
06-09 06:36:57.870 W/ResourceType( 4439): Failure getting entry for 0x7f0800c1 (t=7 e=193) (error -75)
06-09 06:36:57.870 W/ResourceType( 4439): For resource 0x7f0800c1, entry index(193) is beyond type entryCount(16)
06-09 06:36:57.870 W/ResourceType( 4439): Failure getting entry for 0x7f0800c1 (t=7 e=193) (error -75)
06-09 06:36:57.870 D/AccountTypeManager( 4439): Registering external account type=com.facebook.messenger, packageName=com.facebook.orca
06-09 06:36:57.872 W/ResourceType( 4439): Failure getting entry for 0x7f1904c3 (t=24 e=1219) (error -2147483647)
06-09 06:36:57.872 W/ResourceType( 4439): Failure getting entry for 0x7f1904c3 (t=24 e=1219) (error -2147483647)
06-09 06:36:57.872 W/ResourceType( 4439): Failure getting entry for 0x7f1904c4 (t=24 e=1220) (error -2147483647)
06-09 06:36:57.872 W/ResourceType( 4439): Failure getting entry for 0x7f1904c5 (t=24 e=1221) (error -2147483647)
06-09 06:36:57.872 D/AccountTypeManager( 4439): Registering external account type=com.linkedin.android, packageName=com.linkedin.android
06-09 06:36:57.872 D/WindowManager( 1070): mDockBottom 1794
06-09 06:36:57.872 D/AccountTypeManager( 4502): Registering external account type=com.google.android.apps.tachyon, packageName=com.google.android.apps.tachyon
06-09 06:36:57.873 D/AccountTypeManager( 4439): Registering external account type=com.google.android.gms.matchstick, packageName=com.google.android.gms
06-09 06:36:57.873 I/Finsky  ( 4822): [2] com.google.android.finsky.p2p.c.a(10): Frosting ID looked up on UI thread. Caller should move to a background thread.
06-09 06:36:57.876 W/ResourceType( 4439): For resource 0x7f0203f2, entry index(1010) is beyond type entryCount(657)
06-09 06:36:57.876 W/ResourceType( 4439): Failure getting entry for 0x7f0203f2 (t=1 e=1010) (error -75)
06-09 06:36:57.876 D/AccountTypeManager( 4502): Registering external account type=com.facebook.messenger, packageName=com.facebook.orca
06-09 06:36:57.876 W/ResourceType( 4439): For resource 0x7f0203f2, entry index(1010) is beyond type entryCount(657)
06-09 06:36:57.876 W/ResourceType( 4439): Failure getting entry for 0x7f0203f2 (t=1 e=1010) (error -75)
06-09 06:36:57.876 D/AccountTypeManager( 4439): Registering external account type=com.truecaller.account, packageName=com.truecaller
06-09 06:36:57.877 W/ResourceType( 4439): For resource 0x7f080635, entry index(1589) is beyond type entryCount(16)
06-09 06:36:57.877 W/ResourceType( 4439): Failure getting entry for 0x7f080635 (t=7 e=1589) (error -75)
06-09 06:36:57.877 W/ResourceType( 4439): For resource 0x7f0806e4, entry index(1764) is beyond type entryCount(16)
06-09 06:36:57.877 W/ResourceType( 4439): Failure getting entry for 0x7f0806e4 (t=7 e=1764) (error -75)
06-09 06:36:57.877 W/ResourceType( 4439): For resource 0x7f0806e4, entry index(1764) is beyond type entryCount(16)
06-09 06:36:57.877 W/ResourceType( 4439): Failure getting entry for 0x7f0806e4 (t=7 e=1764) (error -75)
06-09 06:36:57.877 W/ResourceType( 4439): For resource 0x7f0806e5, entry index(1765) is beyond type entryCount(16)
06-09 06:36:57.877 W/ResourceType( 4439): Failure getting entry for 0x7f0806e5 (t=7 e=1765) (error -75)
06-09 06:36:57.877 D/AccountTypeManager( 4439): Registering external account type=net.one97.paytm, packageName=net.one97.paytm
06-09 06:36:57.880 W/ResourceType( 4439): For resource 0x7f0806ce, entry index(1742) is beyond type entryCount(16)
06-09 06:36:57.880 W/ResourceType( 4439): Failure getting entry for 0x7f0806ce (t=7 e=1742) (error -75)
06-09 06:36:57.881 W/ResourceType( 4439): For resource 0x7f0806ce, entry index(1742) is beyond type entryCount(16)
06-09 06:36:57.881 W/ResourceType( 4439): Failure getting entry for 0x7f0806ce (t=7 e=1742) (error -75)
06-09 06:36:57.881 D/AccountTypeManager( 4439): Registering external account type=com.whatsapp, packageName=com.whatsapp
06-09 06:36:57.881 I/zygote  ( 9769): The ClassLoaderContext is a special shared library.
06-09 06:36:57.883 D/AccountTypeManager( 4439): Registering external account type=com.yahoo.mobile.client.share.account, packageName=com.yahoo.mobile.client.android.mail
06-09 06:36:57.885 D/WindowManager( 1070): mDockBottom 1794
06-09 06:36:57.886 D/AccountTypeManager( 4439): Registering external account type=org.kman.AquaMail.ews, packageName=org.kman.AquaMail
06-09 06:36:57.889 I/Finsky  ( 4822): [2] com.google.android.finsky.wear.WearSupportService.onStartCommand(26): Starting WearSupportService for auto_install
06-09 06:36:57.891 D/AccountTypeManager( 4439): Registering 1 extension packages
06-09 06:36:57.892 I/Finsky  ( 4822): [2] com.google.android.finsky.wear.x.a(18): Connecting to wearable
06-09 06:36:57.894 I/Finsky  ( 4822): [2] com.google.android.finsky.p2p.d.a(2): Wrote row to frosting DB: 766
06-09 06:36:57.894 W/ResourceType( 4439): For resource 0x7f0203f2, entry index(1010) is beyond type entryCount(657)
06-09 06:36:57.894 W/ResourceType( 4439): Failure getting entry for 0x7f0203f2 (t=1 e=1010) (error -75)
06-09 06:36:57.894 W/ResourceType( 4439): For resource 0x7f0203f2, entry index(1010) is beyond type entryCount(657)
06-09 06:36:57.894 W/ResourceType( 4439): Failure getting entry for 0x7f0203f2 (t=1 e=1010) (error -75)
06-09 06:36:57.895 W/AccountTypeManager( 4439): Skipping extension package com.google.android.gms because the CONTACTS_STRUCTURE metadata doesn't have the accountType attribute
06-09 06:36:57.895 I/AccountTypeManager( 4439): addSimAccount
06-09 06:36:57.896 D/RecyclerViewWrapper( 3521): onWindowVisibilityChanged:8
06-09 06:36:57.897 D/WindowManager( 1070): mDockBottom 1794
06-09 06:36:57.901 D/WindowManager( 1070): mDockBottom 1794
06-09 06:36:57.904 I/Telecom ( 1070): DefaultDialerCache: Refreshing default dialer for user 0: now com.android.dialer: DDC.oR@AWE
06-09 06:36:57.905 I/Telecom ( 1070): DefaultDialerCache: Refreshing default dialer for user 10: now com.android.dialer: DDC.oR@AWE
06-09 06:36:57.905 I/AccountTypeManager( 4439): sim1 is ready
06-09 06:36:57.906 W/ResourceType( 4502): Failure getting entry for 0x7f1904c3 (t=24 e=1219) (error -2147483647)
06-09 06:36:57.906 W/ResourceType( 4502): Failure getting entry for 0x7f1904c3 (t=24 e=1219) (error -2147483647)
06-09 06:36:57.906 W/ResourceType( 4502): Failure getting entry for 0x7f1904c4 (t=24 e=1220) (error -2147483647)
06-09 06:36:57.906 W/ResourceType( 4502): Failure getting entry for 0x7f1904c5 (t=24 e=1221) (error -2147483647)
06-09 06:36:57.906 D/AccountTypeManager( 4502): Registering external account type=com.linkedin.android, packageName=com.linkedin.android
06-09 06:36:57.912 D/Embryo  ( 9740): preload com.example.shashishivaraju.sensorapp, 18ms, hwui=true, layout=false, decor=false
06-09 06:36:57.914 D/Embryo_Uterus( 1070): get preload status from 9740, success=true
06-09 06:36:57.916 I/AccountTypeManager( 4439): sim2 is ready
06-09 06:36:57.921 D/AccountTypeManager( 4502): Registering external account type=com.google.android.gms.matchstick, packageName=com.google.android.gms
06-09 06:36:57.923 V/Theme   ( 1070): com.android.contacts, Add app's resource
06-09 06:36:57.923 V/Theme   ( 1070): ColorMode:com.android.contacts is false
06-09 06:36:57.923 V/Theme   ( 1070): com.android.contacts, Add app's resource
06-09 06:36:57.923 V/Theme   ( 1070): ColorMode:com.android.contacts is false
06-09 06:36:57.924 V/Theme   ( 1070): com.android.mms, Add app's resource
06-09 06:36:57.924 V/Theme   ( 1070): ColorMode:com.android.mms is false
06-09 06:36:57.924 V/Theme   ( 1070): com.android.mms, Add app's resource
06-09 06:36:57.924 V/Theme   ( 1070): ColorMode:com.android.mms is false
06-09 06:36:57.925 I/ChromeSync( 3553): [Sync,SyncIntentOperation] Handling the intent: Intent { act=android.intent.action.PACKAGE_ADDED dat=package:com.example.shashishivaraju.sensorapp flg=0x4000010 cmp=com.google.android.gms/.chimera.GmsIntentOperationService (has extras) }.
06-09 06:36:57.926 W/BroadcastQueue( 1070): Background execution not allowed: receiving Intent { act=android.intent.action.PACKAGE_ADDED dat=package:com.example.shashishivaraju.sensorapp flg=0x4000010 (has extras) } to com.google.android.googlequicksearchbox/com.google.android.apps.gsa.googlequicksearchbox.GelStubAppWatcher
06-09 06:36:57.927 I/WearableService( 3263): Wearable Services not starting - Wear is not available on this device.
06-09 06:36:57.928 D/AppListenerReceiver( 3928): onReceive action:android.intent.action.PACKAGE_ADDED
06-09 06:36:57.930 W/ResourceType( 4502): For resource 0x7f0203f2, entry index(1010) is beyond type entryCount(530)
06-09 06:36:57.930 W/ResourceType( 4502): Failure getting entry for 0x7f0203f2 (t=1 e=1010) (error -75)
06-09 06:36:57.930 W/ResourceType( 4502): For resource 0x7f0203f2, entry index(1010) is beyond type entryCount(530)
06-09 06:36:57.930 W/ResourceType( 4502): Failure getting entry for 0x7f0203f2 (t=1 e=1010) (error -75)
06-09 06:36:57.931 D/AccountTypeManager( 4502): Registering external account type=com.truecaller.account, packageName=com.truecaller
06-09 06:36:57.937 V/OPSkinReceiver( 2802): intent:Intent { act=android.intent.action.PACKAGE_ADDED dat=package:com.example.shashishivaraju.sensorapp flg=0x4000010 cmp=com.oneplus.skin/.OPSkinReceiver (has extras) }
06-09 06:36:57.941 W/ResourceType( 4502): For resource 0x7f080635, entry index(1589) is beyond type entryCount(609)
06-09 06:36:57.941 W/ResourceType( 4502): Failure getting entry for 0x7f080635 (t=7 e=1589) (error -75)
06-09 06:36:57.941 W/ResourceType( 4502): For resource 0x7f0806e4, entry index(1764) is beyond type entryCount(609)
06-09 06:36:57.941 W/ResourceType( 4502): Failure getting entry for 0x7f0806e4 (t=7 e=1764) (error -75)
06-09 06:36:57.941 W/ResourceType( 4502): For resource 0x7f0806e4, entry index(1764) is beyond type entryCount(609)
06-09 06:36:57.941 W/ResourceType( 4502): Failure getting entry for 0x7f0806e4 (t=7 e=1764) (error -75)
06-09 06:36:57.941 W/ResourceType( 4502): For resource 0x7f0806e5, entry index(1765) is beyond type entryCount(609)
06-09 06:36:57.941 W/ResourceType( 4502): Failure getting entry for 0x7f0806e5 (t=7 e=1765) (error -75)
06-09 06:36:57.941 D/AccountTypeManager( 4502): Registering external account type=net.one97.paytm, packageName=net.one97.paytm
06-09 06:36:57.941 I/zygote64( 3553): Do partial code cache collection, code=20KB, data=30KB
06-09 06:36:57.942 I/zygote64( 3553): After code cache collection, code=20KB, data=30KB
06-09 06:36:57.942 I/zygote64( 3553): Increasing code cache capacity to 128KB
06-09 06:36:57.950 W/ResourceType( 4502): For resource 0x7f0806ce, entry index(1742) is beyond type entryCount(609)
06-09 06:36:57.950 W/ResourceType( 4502): Failure getting entry for 0x7f0806ce (t=7 e=1742) (error -75)
06-09 06:36:57.950 W/ResourceType( 4502): For resource 0x7f0806ce, entry index(1742) is beyond type entryCount(609)
06-09 06:36:57.950 W/ResourceType( 4502): Failure getting entry for 0x7f0806ce (t=7 e=1742) (error -75)
06-09 06:36:57.950 D/AccountTypeManager( 4502): Registering external account type=com.whatsapp, packageName=com.whatsapp
06-09 06:36:57.951 W/WearableService( 3263): onGetService - Wear is not available on this device.
06-09 06:36:57.952 E/Finsky  ( 4822): [2] com.google.android.finsky.wear.y.a(3): onConnectionFailed: ConnectionResult{statusCode=API_UNAVAILABLE, resolution=null, message=null}
06-09 06:36:57.953 W/Finsky  ( 4822): [2] com.google.android.finsky.wear.x.b(31): GoogleApiClient instance is not connected when requested
06-09 06:36:57.953 W/Finsky  ( 4822): [2] com.google.android.finsky.wear.dq.run(16): Dropping command=auto_install due to Gms not connected
06-09 06:36:57.953 I/Finsky  ( 4822): [2] com.google.android.finsky.wear.WearSupportService.b(66): Stopping WearSupportService
06-09 06:36:57.956 W/BroadcastQueue( 1070): Background execution not allowed: receiving Intent { act=android.intent.action.PACKAGE_ADDED dat=package:com.example.shashishivaraju.sensorapp flg=0x4000010 (has extras) } to com.bittorrent.client/com.appodeal.ads.AppodealPackageAddedReceiver
06-09 06:36:57.956 D/AccountTypeManager( 4502): Registering external account type=com.yahoo.mobile.client.share.account, packageName=com.yahoo.mobile.client.android.mail
06-09 06:36:57.957 D/Launcher.Model( 3521): onPackageChanged: com.example.shashishivaraju.sensorapp @ UserHandle{0}
06-09 06:36:57.958 I/AccountTypeManager( 4439): Loaded meta-data for 15 account types, 13 accounts in 100ms(wall) 19ms(cpu)
06-09 06:36:57.963 D/AccountTypeManager( 4502): Registering external account type=org.kman.AquaMail.ews, packageName=org.kman.AquaMail
06-09 06:36:57.969 W/BroadcastQueue( 1070): Background execution not allowed: receiving Intent { act=android.intent.action.PACKAGE_ADDED dat=package:com.example.shashishivaraju.sensorapp flg=0x4000010 (has extras) } to com.lenovo.anyshare.gps/com.altamob.sdk.receiver.AppInstallReceiver
06-09 06:36:57.969 W/BroadcastQueue( 1070): Background execution not allowed: receiving Intent { act=android.intent.action.PACKAGE_ADDED dat=package:com.example.shashishivaraju.sensorapp flg=0x4000010 (has extras) } to com.microsoft.office.excel/com.microsoft.office.notification.SystemBroadcastReceiver
06-09 06:36:57.969 W/BroadcastQueue( 1070): Background execution not allowed: receiving Intent { act=android.intent.action.PACKAGE_ADDED dat=package:com.example.shashishivaraju.sensorapp flg=0x4000010 (has extras) } to com.microsoft.office.powerpoint/com.microsoft.office.notification.SystemBroadcastReceiver
06-09 06:36:57.970 W/BroadcastQueue( 1070): Background execution not allowed: receiving Intent { act=android.intent.action.PACKAGE_ADDED dat=package:com.example.shashishivaraju.sensorapp flg=0x4000010 (has extras) } to com.microsoft.office.word/com.microsoft.office.notification.SystemBroadcastReceiver
06-09 06:36:57.970 W/BroadcastQueue( 1070): Background execution not allowed: receiving Intent { act=android.intent.action.PACKAGE_REPLACED dat=package:com.example.shashishivaraju.sensorapp flg=0x4000010 (has extras) } to com.google.android.apps.photos/.account.full.FetchAccountPropertiesAppUpgradeBroadcastReceiver
06-09 06:36:57.970 W/BroadcastQueue( 1070): Background execution not allowed: receiving Intent { act=android.intent.action.PACKAGE_REPLACED dat=package:com.example.shashishivaraju.sensorapp flg=0x4000010 (has extras) } to com.google.android.apps.photos/.account.full.SyncAccountsForLoginBroadcastReceiver
06-09 06:36:57.971 W/BroadcastQueue( 1070): Background execution not allowed: receiving Intent { act=android.intent.action.PACKAGE_REPLACED dat=package:com.example.shashishivaraju.sensorapp flg=0x4000010 (has extras) } to com.google.android.apps.photos/.experiments.phenotype.full.PhenotypeAppUpgradeBroadcastReceiver
06-09 06:36:57.971 W/BroadcastQueue( 1070): Background execution not allowed: receiving Intent { act=android.intent.action.PACKAGE_REPLACED dat=package:com.example.shashishivaraju.sensorapp flg=0x4000010 (has extras) } to com.google.android.apps.photos/.notificationchannels.AppUpdateBroadcastReceiver
06-09 06:36:57.971 D/AccountTypeManager( 4502): Registering 1 extension packages
06-09 06:36:57.975 E/NetworkScheduler( 3263): Unrecognised action provided: android.intent.action.PACKAGE_REPLACED
06-09 06:36:57.978 W/ResourceType( 4502): For resource 0x7f0203f2, entry index(1010) is beyond type entryCount(530)
06-09 06:36:57.978 W/ResourceType( 4502): Failure getting entry for 0x7f0203f2 (t=1 e=1010) (error -75)
06-09 06:36:57.978 W/ResourceType( 4502): For resource 0x7f0203f2, entry index(1010) is beyond type entryCount(530)
06-09 06:36:57.978 W/ResourceType( 4502): Failure getting entry for 0x7f0203f2 (t=1 e=1010) (error -75)
06-09 06:36:57.978 W/AccountTypeManager( 4502): Skipping extension package com.google.android.gms because the CONTACTS_STRUCTURE metadata doesn't have the accountType attribute
06-09 06:36:57.978 I/AccountTypeManager( 4502): addSimAccount
06-09 06:36:57.980 W/BroadcastQueue( 1070): Background execution not allowed: receiving Intent { act=android.intent.action.PACKAGE_REPLACED dat=package:com.example.shashishivaraju.sensorapp flg=0x4000010 (has extras) } to com.google.android.googlequicksearchbox/com.google.android.apps.gsa.googlequicksearchbox.GelStubAppWatcher
06-09 06:36:57.981 I/InstantRun( 9769): starting instant run server: is main process
06-09 06:36:57.984 I/FontsPackageChangeOp( 3553): Package com.example.shashishivaraju.sensorapp has no metadata
06-09 06:36:57.985 I/AccountTypeManager( 4502): sim1 is ready
06-09 06:36:57.986 I/Icing   ( 3553): IndexChimeraService.getServiceInterface callingPackage=com.google.android.gms componentName=AppsCorpus serviceId=36
06-09 06:36:57.987 I/Icing   ( 3553): IndexChimeraService.getServiceInterface callingPackage=com.google.android.gms componentName=AppsCorpus serviceId=32
06-09 06:36:57.998 I/AccountTypeManager( 4502): sim2 is ready
06-09 06:36:58.000 W/asset   ( 2462): Asset path /data/app/com.example.shashishivaraju.sensorapp-0pupI8c3Sv7QixzwAFpo2w==/base.apk is neither a directory nor file (type=1).
06-09 06:36:58.000 E/ResourcesManager( 2462): failed to add asset path /data/app/com.example.shashishivaraju.sensorapp-0pupI8c3Sv7QixzwAFpo2w==/base.apk
06-09 06:36:58.000 W/PackageManager( 2462): Failure retrieving resources for com.example.shashishivaraju.sensorapp
06-09 06:36:58.000 W/asset   ( 2462): Asset path /data/app/com.example.shashishivaraju.sensorapp-0pupI8c3Sv7QixzwAFpo2w==/base.apk is neither a directory nor file (type=1).
06-09 06:36:58.001 E/ResourcesManager( 2462): failed to add asset path /data/app/com.example.shashishivaraju.sensorapp-0pupI8c3Sv7QixzwAFpo2w==/base.apk
06-09 06:36:58.001 W/PackageManager( 2462): Failure retrieving resources for com.example.shashishivaraju.sensorapp
06-09 06:36:58.001 W/asset   ( 2462): Asset path /data/app/com.example.shashishivaraju.sensorapp-0pupI8c3Sv7QixzwAFpo2w==/base.apk is neither a directory nor file (type=1).
06-09 06:36:58.001 E/ResourcesManager( 2462): failed to add asset path /data/app/com.example.shashishivaraju.sensorapp-0pupI8c3Sv7QixzwAFpo2w==/base.apk
06-09 06:36:58.001 W/PackageManager( 2462): Failure retrieving resources for com.example.shashishivaraju.sensorapp
06-09 06:36:58.006 I/AccountTypeManager( 4502): Loaded meta-data for 15 account types, 13 accounts in 141ms(wall) 83ms(cpu)
06-09 06:36:58.008 I/AsyncOpDispatcher( 3263): 19-GetFileDescriptorAndDelete
06-09 06:36:58.020 D/PackageUpdatedTask( 3521): mAllAppsList.updatePackage com.example.shashishivaraju.sensorapp
06-09 06:36:58.053 D/Launcher.Model( 3521):       ● modelRunnable@bindAppsUpdated
06-09 06:36:58.053 D/Launcher( 3521): Deferring update until onResume
06-09 06:36:58.054 D/Launcher.Model( 3521):       ● modelRunnable@updateIconsWithPackageChange
06-09 06:36:58.054 D/QuickPage( 3521): updateWidgetItem: com.example.shashishivaraju.sensorapp
06-09 06:36:58.054 D/QuickPage( 3521): updateWidgetRestoreFlag: com.example.shashishivaraju.sensorapp
06-09 06:36:58.054 D/QuickPage( 3521): refreshQuickPageList(com.example.shashishivaraju.sensorapp)
06-09 06:36:58.065 I/Icing   ( 3553): Usage reports ok 1, Failed Usage reports 0, indexed 0, rejected 0, imm upload false
06-09 06:36:58.066 I/AsyncOpDispatcher( 3263): 19-GetFileDescriptorAndDelete
06-09 06:36:58.076 I/Icing   ( 3553): Usage reports ok 0, Failed Usage reports 0, indexed 0, rejected 0, imm upload false
06-09 06:36:58.100 I/Icing   ( 3553): IndexChimeraService.getServiceInterface callingPackage=com.google.android.gms componentName=AppsCorpus serviceId=36
06-09 06:36:58.101 I/Icing   ( 3553): IndexChimeraService.getServiceInterface callingPackage=com.google.android.gms componentName=AppsCorpus serviceId=32
06-09 06:36:58.111 I/AsyncOpDispatcher( 3263): 19-GetFileDescriptorAndDelete
06-09 06:36:58.118 I/Icing   ( 3553): Usage reports ok 0, Failed Usage reports 0, indexed 0, rejected 0, imm upload false
06-09 06:36:58.122 I/AsyncOpDispatcher( 3263): 19-GetFileDescriptorAndDelete
06-09 06:36:58.129 I/Icing   ( 3553): Usage reports ok 0, Failed Usage reports 0, indexed 0, rejected 0, imm upload false
06-09 06:36:58.183 E/com.example.shashishivaraju.sensorapp( 9769): Device supports 52 Sensors
06-09 06:36:58.198 D/OpenGLRenderer( 9769): HWUI GL Pipeline
06-09 06:36:58.239 D/WindowManager( 1070): mDockBottom 1794
06-09 06:36:58.241 D/WindowManager( 1070): mDockBottom 1794
06-09 06:36:58.244 I/Adreno  ( 9769): QUALCOMM build                   : fcdb932, I1513509751
06-09 06:36:58.244 I/Adreno  ( 9769): Build Date                       : 01/22/18
06-09 06:36:58.244 I/Adreno  ( 9769): OpenGL ES Shader Compiler Version: EV031.22.00.01
06-09 06:36:58.244 I/Adreno  ( 9769): Local Branch                     : 
06-09 06:36:58.244 I/Adreno  ( 9769): Remote Branch                    : 
06-09 06:36:58.244 I/Adreno  ( 9769): Remote Branch                    : 
06-09 06:36:58.244 I/Adreno  ( 9769): Reconstruct Branch               : 
06-09 06:36:58.244 D/vndksupport( 9769): Loading /vendor/lib/hw/gralloc.msm8998.so from current namespace instead of sphal namespace.
06-09 06:36:58.246 I/Adreno  ( 9769): PFP: 0x005ff087, ME: 0x005ff063
06-09 06:36:58.251 I/zygote  ( 9769): android::hardware::configstore::V1_0::ISurfaceFlingerConfigs::hasWideColorDisplay retrieved: 0
06-09 06:36:58.252 I/OpenGLRenderer( 9769): Initialized EGL, version 1.4
06-09 06:36:58.252 D/OpenGLRenderer( 9769): Swap behavior 2
06-09 06:36:58.254 D/libGLESv1( 9769): Successfully load libGLESv2_oneplus.so, this=0xea0e6004
06-09 06:36:58.255 D/OpenGLRenderer( 9769): Successfully load libhwui_plugin.so, this=0xe9a752e4
06-09 06:36:58.283 D/        ( 9769): Successfully load libGraphicBuffer_oneplus.so, this=0xebaac164
06-09 06:36:58.285 D/vndksupport( 9769): Loading /vendor/lib/hw/android.hardware.graphics.mapper@2.0-impl.so from current namespace instead of sphal namespace.
06-09 06:36:58.285 D/vndksupport( 9769): Loading /vendor/lib/hw/gralloc.msm8998.so from current namespace instead of sphal namespace.
06-09 06:36:58.315 D/WindowManager( 1070): mDockBottom 1794
06-09 06:36:58.318 D/StatusBar( 2462): useDarkText:false, lockDarkText:false, useDarkTheme:false
06-09 06:36:58.336 D/        ( 9769): Successfully load libgui-plugin.so, this=0xebaac17c
06-09 06:36:58.337 D/WindowManager( 1070): mDockBottom 1794
06-09 06:36:58.339 I/chatty  ( 1070): uid=1000(system) android.anim identical 1 line
06-09 06:36:58.340 D/WindowManager( 1070): mDockBottom 1794
06-09 06:36:58.341 I/ActivityManager( 1070): Displayed com.example.shashishivaraju.sensorapp/.MainActivity: +538ms
06-09 06:36:58.341 E/ANDR-PERF-JNI( 1070): com_qualcomm_qtiperformance_native_perf_io_prefetch_start
06-09 06:36:58.341 E/ANDR-IOP( 1070): IOP HAL: Received pkg_name = com.example.shashishivaraju.sensorapp pid = 9769
06-09 06:36:58.466 D/WindowManager( 1070): mDockBottom 1794
06-09 06:36:58.468 D/Launcher( 3521): onStop
06-09 06:36:58.503 I/SettingsState( 1070): [PERSIST START] 
